Archive member included to satisfy reference by file (symbol)

c:/program files (x86)/atmel/studio/7.0/toolchain/avr8/avr8-gnu-toolchain/bin/../lib/gcc/avr/4.9.2/avrxmega6\libgcc.a(_udivmodsi4.o)
                              main.o (__udivmodsi4)
c:/program files (x86)/atmel/studio/7.0/toolchain/avr8/avr8-gnu-toolchain/bin/../lib/gcc/avr/4.9.2/avrxmega6\libgcc.a(_divmodsi4.o)
                              XMEGA_SERVICES/RTCServices.o (__divmodsi4)
c:/program files (x86)/atmel/studio/7.0/toolchain/avr8/avr8-gnu-toolchain/bin/../lib/gcc/avr/4.9.2/avrxmega6\libgcc.a(_negsi2.o)
                              c:/program files (x86)/atmel/studio/7.0/toolchain/avr8/avr8-gnu-toolchain/bin/../lib/gcc/avr/4.9.2/avrxmega6\libgcc.a(_divmodsi4.o) (__negsi2)
c:/program files (x86)/atmel/studio/7.0/toolchain/avr8/avr8-gnu-toolchain/bin/../lib/gcc/avr/4.9.2/avrxmega6\libgcc.a(_exit.o)
                              C:/Program Files (x86)/Atmel/Studio/7.0/Packs/atmel/XMEGAC_DFP/1.0.29/gcc/dev/atxmega384c3/avrxmega6/crtatxmega384c3.o (exit)
c:/program files (x86)/atmel/studio/7.0/toolchain/avr8/avr8-gnu-toolchain/bin/../lib/gcc/avr/4.9.2/avrxmega6\libgcc.a(_tablejump2.o)
                              XMEGA_DRIVERS/LUFA/Drivers/USB/Class/Common/HIDParser.o (__tablejump2__)
c:/program files (x86)/atmel/studio/7.0/toolchain/avr8/avr8-gnu-toolchain/bin/../lib/gcc/avr/4.9.2/avrxmega6\libgcc.a(_copy_data.o)
                              Component_Drivers/nrf24l01p/nrf24l01p.o (__do_copy_data)
c:/program files (x86)/atmel/studio/7.0/toolchain/avr8/avr8-gnu-toolchain/bin/../lib/gcc/avr/4.9.2/avrxmega6\libgcc.a(_clear_bss.o)
                              Component_Drivers/nrf24l01p/nrf24l01p.o (__do_clear_bss)
c:/program files (x86)/atmel/studio/7.0/toolchain/avr8/avr8-gnu-toolchain/bin/../lib/gcc/avr/4.9.2/avrxmega6\libgcc.a(_mulshisi3.o)
                              main.o (__mulshisi3)
c:/program files (x86)/atmel/studio/7.0/toolchain/avr8/avr8-gnu-toolchain/bin/../lib/gcc/avr/4.9.2/avrxmega6\libgcc.a(_ashrdi3.o)
                              Component_Drivers/nrf24l01p/nrf24l01p.o (__lshrdi3)
c:/program files (x86)/atmel/studio/7.0/toolchain/avr8/avr8-gnu-toolchain/bin/../lib/gcc/avr/4.9.2/avrxmega6\libgcc.a(_muluhisi3.o)
                              c:/program files (x86)/atmel/studio/7.0/toolchain/avr8/avr8-gnu-toolchain/bin/../lib/gcc/avr/4.9.2/avrxmega6\libgcc.a(_mulshisi3.o) (__muluhisi3)
c:/program files (x86)/atmel/studio/7.0/toolchain/avr8/avr8-gnu-toolchain/bin/../lib/gcc/avr/4.9.2/avrxmega6\libgcc.a(_umulhisi3.o)
                              c:/program files (x86)/atmel/studio/7.0/toolchain/avr8/avr8-gnu-toolchain/bin/../lib/gcc/avr/4.9.2/avrxmega6\libgcc.a(_muluhisi3.o) (__umulhisi3)
c:/program files (x86)/atmel/studio/7.0/toolchain/avr8/avr8-gnu-toolchain/bin/../lib/gcc/avr/4.9.2/../../../../avr/lib/avrxmega6\libc.a(memcpy_P.o)
                              XMEGA_DRIVERS/LUFA/Drivers/USB/Class/Device/RNDISClassDevice.o (memcpy_P)
c:/program files (x86)/atmel/studio/7.0/toolchain/avr8/avr8-gnu-toolchain/bin/../lib/gcc/avr/4.9.2/../../../../avr/lib/avrxmega6\libc.a(memcmp.o)
                              XMEGA_DRIVERS/LUFA/Drivers/USB/Class/Device/HIDClassDevice.o (memcmp)
c:/program files (x86)/atmel/studio/7.0/toolchain/avr8/avr8-gnu-toolchain/bin/../lib/gcc/avr/4.9.2/../../../../avr/lib/avrxmega6\libc.a(memcpy.o)
                              XMEGA_DRIVERS/LUFA/Drivers/USB/Class/Device/HIDClassDevice.o (memcpy)
c:/program files (x86)/atmel/studio/7.0/toolchain/avr8/avr8-gnu-toolchain/bin/../lib/gcc/avr/4.9.2/../../../../avr/lib/avrxmega6\libc.a(memset.o)
                              XMEGA_DRIVERS/LUFA/Drivers/USB/Class/Device/HIDClassDevice.o (memset)
c:/program files (x86)/atmel/studio/7.0/toolchain/avr8/avr8-gnu-toolchain/bin/../lib/gcc/avr/4.9.2/../../../../avr/lib/avrxmega6\libc.a(iob.o)
                              XMEGA_DRIVERS/LUFA/Drivers/Peripheral/XMEGA/Serial_XMEGA.o (__iob)
C:/Program Files (x86)/Atmel/Studio/7.0/Packs/atmel/XMEGAC_DFP/1.0.29/gcc/dev/atxmega384c3/avrxmega6\libatxmega384c3.a(eerd_byte.o)
                              XMEGA_DRIVERS/LUFA/Drivers/USB/Core/XMEGA/EndpointStream_XMEGA.o (eeprom_read_byte)
C:/Program Files (x86)/Atmel/Studio/7.0/Packs/atmel/XMEGAC_DFP/1.0.29/gcc/dev/atxmega384c3/avrxmega6\libatxmega384c3.a(eeupd_byte.o)
                              XMEGA_DRIVERS/LUFA/Drivers/USB/Core/XMEGA/EndpointStream_XMEGA.o (eeprom_update_byte)
C:/Program Files (x86)/Atmel/Studio/7.0/Packs/atmel/XMEGAC_DFP/1.0.29/gcc/dev/atxmega384c3/avrxmega6\libatxmega384c3.a(eewr_byte.o)
                              C:/Program Files (x86)/Atmel/Studio/7.0/Packs/atmel/XMEGAC_DFP/1.0.29/gcc/dev/atxmega384c3/avrxmega6\libatxmega384c3.a(eeupd_byte.o) (eeprom_write_r18)

Allocating common symbols
Common symbol       size              file

USB_IsInitialized   0x1               XMEGA_DRIVERS/LUFA/Drivers/USB/Core/USBTask.o
[...]
Memory Configuration

Name             Origin             Length             Attributes
text             0x00000000         0x00100000         xr
data             0x00802000         0x0000ffa0         rw !x
eeprom           0x00810000         0x00010000         rw !x
fuse             0x00820000         0x00000400         rw !x
lock             0x00830000         0x00000400         rw !x
signature        0x00840000         0x00000400         rw !x
user_signatures  0x00850000         0x00000400         rw !x
*default*        0x00000000         0xffffffff

Linker script and memory map

LOAD C:/Program Files (x86)/Atmel/Studio/7.0/Packs/atmel/XMEGAC_DFP/1.0.29/gcc/dev/atxmega384c3/avrxmega6/crtatxmega384c3.o
LOAD Component_Drivers/nrf24l01p/nrf24l01p.o
LOAD Component_Drivers/ssd1306/font.o
LOAD Descriptors.o
LOAD main.o
LOAD XMEGA_API/DIGITALPIN.o
LOAD XMEGA_API/USART.o
LOAD XMEGA_DRIVERS/adc_driver.o
LOAD XMEGA_DRIVERS/clksys_driver.o
LOAD XMEGA_DRIVERS/dma_driver.o
LOAD XMEGA_DRIVERS/eeprom_driver.o
LOAD XMEGA_DRIVERS/IR_driver.o
LOAD XMEGA_DRIVERS/LUFA/Drivers/Board/Temperature.o
LOAD XMEGA_DRIVERS/LUFA/Drivers/Peripheral/AVR8/Serial_AVR8.o
LOAD XMEGA_DRIVERS/LUFA/Drivers/Peripheral/AVR8/TWI_AVR8.o
LOAD XMEGA_DRIVERS/LUFA/Drivers/Peripheral/XMEGA/Serial_XMEGA.o
LOAD XMEGA_DRIVERS/LUFA/Drivers/Peripheral/XMEGA/TWI_XMEGA.o
LOAD XMEGA_DRIVERS/LUFA/Drivers/USB/Class/Common/HIDParser.o
LOAD XMEGA_DRIVERS/LUFA/Drivers/USB/Class/Device/AudioClassDevice.o
LOAD XMEGA_DRIVERS/LUFA/Drivers/USB/Class/Device/CDCClassDevice.o
LOAD XMEGA_DRIVERS/LUFA/Drivers/USB/Class/Device/HIDClassDevice.o
LOAD XMEGA_DRIVERS/LUFA/Drivers/USB/Class/Device/MassStorageClassDevice.o
LOAD XMEGA_DRIVERS/LUFA/Drivers/USB/Class/Device/MIDIClassDevice.o
LOAD XMEGA_DRIVERS/LUFA/Drivers/USB/Class/Device/PrinterClassDevice.o
LOAD XMEGA_DRIVERS/LUFA/Drivers/USB/Class/Device/RNDISClassDevice.o
LOAD XMEGA_DRIVERS/LUFA/Drivers/USB/Class/Host/AndroidAccessoryClassHost.o
LOAD XMEGA_DRIVERS/LUFA/Drivers/USB/Class/Host/AudioClassHost.o
LOAD XMEGA_DRIVERS/LUFA/Drivers/USB/Class/Host/CDCClassHost.o
LOAD XMEGA_DRIVERS/LUFA/Drivers/USB/Class/Host/HIDClassHost.o
LOAD XMEGA_DRIVERS/LUFA/Drivers/USB/Class/Host/MassStorageClassHost.o
LOAD XMEGA_DRIVERS/LUFA/Drivers/USB/Class/Host/MIDIClassHost.o
LOAD XMEGA_DRIVERS/LUFA/Drivers/USB/Class/Host/PrinterClassHost.o
LOAD XMEGA_DRIVERS/LUFA/Drivers/USB/Class/Host/RNDISClassHost.o
LOAD XMEGA_DRIVERS/LUFA/Drivers/USB/Class/Host/StillImageClassHost.o
LOAD XMEGA_DRIVERS/LUFA/Drivers/USB/Core/AVR8/Device_AVR8.o
LOAD XMEGA_DRIVERS/LUFA/Drivers/USB/Core/AVR8/EndpointStream_AVR8.o
LOAD XMEGA_DRIVERS/LUFA/Drivers/USB/Core/AVR8/Endpoint_AVR8.o
LOAD XMEGA_DRIVERS/LUFA/Drivers/USB/Core/AVR8/Host_AVR8.o
LOAD XMEGA_DRIVERS/LUFA/Drivers/USB/Core/AVR8/PipeStream_AVR8.o
LOAD XMEGA_DRIVERS/LUFA/Drivers/USB/Core/AVR8/Pipe_AVR8.o
LOAD XMEGA_DRIVERS/LUFA/Drivers/USB/Core/AVR8/Template/Template_Endpoint_Control_R.o
LOAD XMEGA_DRIVERS/LUFA/Drivers/USB/Core/AVR8/Template/Template_Endpoint_Control_W.o
LOAD XMEGA_DRIVERS/LUFA/Drivers/USB/Core/AVR8/Template/Template_Endpoint_RW.o
LOAD XMEGA_DRIVERS/LUFA/Drivers/USB/Core/AVR8/Template/Template_Pipe_RW.o
LOAD XMEGA_DRIVERS/LUFA/Drivers/USB/Core/AVR8/USBController_AVR8.o
LOAD XMEGA_DRIVERS/LUFA/Drivers/USB/Core/AVR8/USBInterrupt_AVR8.o
LOAD XMEGA_DRIVERS/LUFA/Drivers/USB/Core/ConfigDescriptors.o
LOAD XMEGA_DRIVERS/LUFA/Drivers/USB/Core/DeviceStandardReq.o
LOAD XMEGA_DRIVERS/LUFA/Drivers/USB/Core/Events.o
LOAD XMEGA_DRIVERS/LUFA/Drivers/USB/Core/HostStandardReq.o
LOAD XMEGA_DRIVERS/LUFA/Drivers/USB/Core/UC3/Device_UC3.o
LOAD XMEGA_DRIVERS/LUFA/Drivers/USB/Core/UC3/EndpointStream_UC3.o
LOAD XMEGA_DRIVERS/LUFA/Drivers/USB/Core/UC3/Endpoint_UC3.o
LOAD XMEGA_DRIVERS/LUFA/Drivers/USB/Core/UC3/Host_UC3.o
LOAD XMEGA_DRIVERS/LUFA/Drivers/USB/Core/UC3/PipeStream_UC3.o
LOAD XMEGA_DRIVERS/LUFA/Drivers/USB/Core/UC3/Pipe_UC3.o
LOAD XMEGA_DRIVERS/LUFA/Drivers/USB/Core/UC3/Template/Template_Endpoint_Control_R.o
LOAD XMEGA_DRIVERS/LUFA/Drivers/USB/Core/UC3/Template/Template_Endpoint_Control_W.o
LOAD XMEGA_DRIVERS/LUFA/Drivers/USB/Core/UC3/Template/Template_Endpoint_RW.o
LOAD XMEGA_DRIVERS/LUFA/Drivers/USB/Core/UC3/Template/Template_Pipe_RW.o
LOAD XMEGA_DRIVERS/LUFA/Drivers/USB/Core/UC3/USBController_UC3.o
LOAD XMEGA_DRIVERS/LUFA/Drivers/USB/Core/UC3/USBInterrupt_UC3.o
LOAD XMEGA_DRIVERS/LUFA/Drivers/USB/Core/USBTask.o
LOAD XMEGA_DRIVERS/LUFA/Drivers/USB/Core/XMEGA/Device_XMEGA.o
LOAD XMEGA_DRIVERS/LUFA/Drivers/USB/Core/XMEGA/EndpointStream_XMEGA.o
LOAD XMEGA_DRIVERS/LUFA/Drivers/USB/Core/XMEGA/Endpoint_XMEGA.o
LOAD XMEGA_DRIVERS/LUFA/Drivers/USB/Core/XMEGA/Host_XMEGA.o
LOAD XMEGA_DRIVERS/LUFA/Drivers/USB/Core/XMEGA/PipeStream_XMEGA.o
LOAD XMEGA_DRIVERS/LUFA/Drivers/USB/Core/XMEGA/Pipe_XMEGA.o
LOAD XMEGA_DRIVERS/LUFA/Drivers/USB/Core/XMEGA/Template/Template_Endpoint_Control_R.o
LOAD XMEGA_DRIVERS/LUFA/Drivers/USB/Core/XMEGA/Template/Template_Endpoint_Control_W.o
LOAD XMEGA_DRIVERS/LUFA/Drivers/USB/Core/XMEGA/Template/Template_Endpoint_RW.o
LOAD XMEGA_DRIVERS/LUFA/Drivers/USB/Core/XMEGA/USBController_XMEGA.o
LOAD XMEGA_DRIVERS/LUFA/Drivers/USB/Core/XMEGA/USBInterrupt_XMEGA.o
LOAD XMEGA_DRIVERS/LUFA/Platform/UC3/Exception.o
LOAD XMEGA_DRIVERS/LUFA/Platform/UC3/InterruptManagement.o
LOAD XMEGA_DRIVERS/pmic_driver.o
LOAD XMEGA_DRIVERS/port_driver.o
LOAD XMEGA_DRIVERS/rtc_driver.o
LOAD XMEGA_DRIVERS/spi_driver.o
LOAD XMEGA_DRIVERS/TC_driver.o
LOAD XMEGA_DRIVERS/twi_master_driver.o
LOAD XMEGA_DRIVERS/twi_slave_driver.o
LOAD XMEGA_DRIVERS/usart_driver.o
LOAD XMEGA_DRIVERS/wdt_driver.o
LOAD XMEGA_SERVICES/RTCServices.o
START GROUP
LOAD c:/program files (x86)/atmel/studio/7.0/toolchain/avr8/avr8-gnu-toolchain/bin/../lib/gcc/avr/4.9.2/../../../../avr/lib/avrxmega6\libm.a
END GROUP
START GROUP
LOAD c:/program files (x86)/atmel/studio/7.0/toolchain/avr8/avr8-gnu-toolchain/bin/../lib/gcc/avr/4.9.2/avrxmega6\libgcc.a
LOAD c:/program files (x86)/atmel/studio/7.0/toolchain/avr8/avr8-gnu-toolchain/bin/../lib/gcc/avr/4.9.2/../../../../avr/lib/avrxmega6\libm.a
LOAD c:/program files (x86)/atmel/studio/7.0/toolchain/avr8/avr8-gnu-toolchain/bin/../lib/gcc/avr/4.9.2/../../../../avr/lib/avrxmega6\libc.a
LOAD C:/Program Files (x86)/Atmel/Studio/7.0/Packs/atmel/XMEGAC_DFP/1.0.29/gcc/dev/atxmega384c3/avrxmega6\libatxmega384c3.a
END GROUP

.hash
 *(.hash)

.dynsym
 *(.dynsym)

.dynstr
 *(.dynstr)

.gnu.version
 *(.gnu.version)

.gnu.version_d
 *(.gnu.version_d)

.gnu.version_r
 *(.gnu.version_r)

.rel.init
 *(.rel.init)

.rela.init
 *(.rela.init)

.rel.text
 *(.rel.text)
 *(.rel.text.*)
 *(.rel.gnu.linkonce.t*)

.rela.text
 *(.rela.text)
 *(.rela.text.*)
 *(.rela.gnu.linkonce.t*)

.rel.fini
 *(.rel.fini)

.rela.fini
 *(.rela.fini)

.rel.rodata
 *(.rel.rodata)
 *(.rel.rodata.*)
 *(.rel.gnu.linkonce.r*)

.rela.rodata
 *(.rela.rodata)
 *(.rela.rodata.*)
 *(.rela.gnu.linkonce.r*)

.rel.data
 *(.rel.data)
 *(.rel.data.*)
 *(.rel.gnu.linkonce.d*)

.rela.data
 *(.rela.data)
 *(.rela.data.*)
 *(.rela.gnu.linkonce.d*)

.rel.ctors
 *(.rel.ctors)

.rela.ctors
 *(.rela.ctors)

.rel.dtors
 *(.rel.dtors)

.rela.dtors
 *(.rela.dtors)

.rel.got
 *(.rel.got)

.rela.got
 *(.rela.got)

.rel.bss
 *(.rel.bss)

.rela.bss
 *(.rela.bss)

.rel.plt
 *(.rel.plt)

.rela.plt
 *(.rela.plt)

.text           0x00000000     0x2424
 *(.vectors)
 .vectors       0x00000000      0x1fc C:/Program Files (x86)/Atmel/Studio/7.0/Packs/atmel/XMEGAC_DFP/1.0.29/gcc/dev/atxmega384c3/avrxmega6/crtatxmega384c3.o
                0x00000000                __vector_default
                0x00000000                __vectors
 *(.vectors)
 *(.progmem.gcc*)
 .progmem.gcc_sw_table.USB_Device_ProcessControlRequest
                0x000001fc       0x14 XMEGA_DRIVERS/LUFA/Drivers/USB/Core/DeviceStandardReq.o
                0x00000210                . = ALIGN (0x2)
                0x00000210                __trampolines_start = .
 *(.trampolines)
 .trampolines   0x00000210       0x1c linker stubs
 *(.trampolines*)
                0x0000022c                __trampolines_end = .
 *(.progmem*)
 .progmem.data.ProductString
                0x0000022c       0x2e Descriptors.o
                0x0000022c                ProductString
 .progmem.data.ManufacturerString
                0x0000025a       0x1a Descriptors.o
                0x0000025a                ManufacturerString
 .progmem.data.LanguageString
                0x00000274        0x4 Descriptors.o
                0x00000274                LanguageString
 .progmem.data.ConfigurationDescriptor
                0x00000278       0x22 Descriptors.o
                0x00000278                ConfigurationDescriptor
 .progmem.data.DeviceDescriptor
                0x0000029a       0x12 Descriptors.o
                0x0000029a                DeviceDescriptor
 .progmem.data.GenericReport
                0x000002ac       0x20 Descriptors.o
                0x000002ac                GenericReport
                0x000002cc                . = ALIGN (0x2)
 *(.jumptables)
 *(.jumptables*)
 *(.lowtext)
 *(.lowtext*)
                0x000002cc                __ctors_start = .
 *(.ctors)
                0x000002cc                __ctors_end = .
                0x000002cc                __dtors_start = .
 *(.dtors)
                0x000002cc                __dtors_end = .
 SORT(*)(.ctors)
 SORT(*)(.dtors)
 *(.init0)
 .init0         0x000002cc        0x0 C:/Program Files (x86)/Atmel/Studio/7.0/Packs/atmel/XMEGAC_DFP/1.0.29/gcc/dev/atxmega384c3/avrxmega6/crtatxmega384c3.o
                0x000002cc                __init
 *(.init0)
 *(.init1)
 *(.init1)
 *(.init2)
 .init2         0x000002cc       0x10 C:/Program Files (x86)/Atmel/Studio/7.0/Packs/atmel/XMEGAC_DFP/1.0.29/gcc/dev/atxmega384c3/avrxmega6/crtatxmega384c3.o
 *(.init2)
 *(.init3)
 *(.init3)
 *(.init4)
 .init4         0x000002dc       0x1a c:/program files (x86)/atmel/studio/7.0/toolchain/avr8/avr8-gnu-toolchain/bin/../lib/gcc/avr/4.9.2/avrxmega6\libgcc.a(_copy_data.o)
                0x000002dc                __do_copy_data
 .init4         0x000002f6       0x10 c:/program files (x86)/atmel/studio/7.0/toolchain/avr8/avr8-gnu-toolchain/bin/../lib/gcc/avr/4.9.2/avrxmega6\libgcc.a(_clear_bss.o)
                0x000002f6                __do_clear_bss
 *(.init4)
 *(.init5)
 *(.init5)
 *(.init6)
 *(.init6)
 *(.init7)
 *(.init7)
 *(.init8)
 *(.init8)
 *(.init9)
 .init9         0x00000306        0x8 C:/Program Files (x86)/Atmel/Studio/7.0/Packs/atmel/XMEGAC_DFP/1.0.29/gcc/dev/atxmega384c3/avrxmega6/crtatxmega384c3.o
 *(.init9)
 *(.text)
 .text          0x0000030e        0x4 C:/Program Files (x86)/Atmel/Studio/7.0/Packs/atmel/XMEGAC_DFP/1.0.29/gcc/dev/atxmega384c3/avrxmega6/crtatxmega384c3.o
                0x0000030e                __vector_38
                0x0000030e                __vector_104
                0x0000030e                __vector_22
                0x0000030e                __vector_63
                0x0000030e                __vector_67
                0x0000030e                __vector_1
                0x0000030e                __vector_119
                0x0000030e                __vector_32
                0x0000030e                __vector_75
                0x0000030e                __vector_71
                0x0000030e                __vector_91
                0x0000030e                __vector_34
                0x0000030e                __vector_62
                0x0000030e                __vector_77
                0x0000030e                __vector_102
                0x0000030e                __vector_24
                0x0000030e                __vector_12
                0x0000030e                __vector_55
                0x0000030e                __vector_69
                0x0000030e                __vector_81
                0x0000030e                __vector_46
                0x0000030e                __bad_interrupt
                0x0000030e                __vector_122
                0x0000030e                __vector_72
                0x0000030e                __vector_114
                0x0000030e                __vector_6
                0x0000030e                __vector_110
                0x0000030e                __vector_31
                0x0000030e                __vector_92
                0x0000030e                __vector_35
                0x0000030e                __vector_78
                0x0000030e                __vector_74
                0x0000030e                __vector_117
                0x0000030e                __vector_39
                0x0000030e                __vector_107
                0x0000030e                __vector_3
                0x0000030e                __vector_105
                0x0000030e                __vector_98
                0x0000030e                __vector_23
                0x0000030e                __vector_68
                0x0000030e                __vector_73
                0x0000030e                __vector_45
                0x0000030e                __vector_93
                0x0000030e                __vector_61
                0x0000030e                __vector_54
                0x0000030e                __vector_99
                0x0000030e                __vector_13
                0x0000030e                __vector_17
                0x0000030e                __vector_19
                0x0000030e                __vector_56
                0x0000030e                __vector_7
                0x0000030e                __vector_49
                0x0000030e                __vector_123
                0x0000030e                __vector_41
                0x0000030e                __vector_86
                0x0000030e                __vector_100
                0x0000030e                __vector_101
                0x0000030e                __vector_64
                0x0000030e                __vector_109
                0x0000030e                __vector_43
                0x0000030e                __vector_5
                0x0000030e                __vector_113
                0x0000030e                __vector_33
                0x0000030e                __vector_76
                0x0000030e                __vector_115
                0x0000030e                __vector_47
                0x0000030e                __vector_52
                0x0000030e                __vector_37
                0x0000030e                __vector_95
                0x0000030e                __vector_103
                0x0000030e                __vector_96
                0x0000030e                __vector_108
                0x0000030e                __vector_4
                0x0000030e                __vector_44
                0x0000030e                __vector_82
                0x0000030e                __vector_106
                0x0000030e                __vector_118
                0x0000030e                __vector_51
                0x0000030e                __vector_9
                0x0000030e                __vector_2
                0x0000030e                __vector_21
                0x0000030e                __vector_15
                0x0000030e                __vector_66
                0x0000030e                __vector_36
                0x0000030e                __vector_79
                0x0000030e                __vector_70
                0x0000030e                __vector_83
                0x0000030e                __vector_121
                0x0000030e                __vector_40
                0x0000030e                __vector_85
                0x0000030e                __vector_94
                0x0000030e                __vector_126
                0x0000030e                __vector_8
                0x0000030e                __vector_48
                0x0000030e                __vector_124
                0x0000030e                __vector_116
                0x0000030e                __vector_112
                0x0000030e                __vector_111
                0x0000030e                __vector_80
                0x0000030e                __vector_14
                0x0000030e                __vector_84
                0x0000030e                __vector_57
                0x0000030e                __vector_53
                0x0000030e                __vector_50
                0x0000030e                __vector_16
                0x0000030e                __vector_18
                0x0000030e                __vector_97
                0x0000030e                __vector_20
                0x0000030e                __vector_42
                0x0000030e                __vector_87
                0x0000030e                __vector_65
                0x0000030e                __vector_120
                0x00000312                . = ALIGN (0x2)
 *(.text.*)
 .text.arch_spi_master_transmit_byte_val
                0x00000312       0x14 Component_Drivers/nrf24l01p/nrf24l01p.o
 .text.arch_spi_master_transmit_byte_ref
                0x00000326       0x18 Component_Drivers/nrf24l01p/nrf24l01p.o
 .text._nrf24l01p_ce_pin
                0x0000033e       0x22 Component_Drivers/nrf24l01p/nrf24l01p.o
                0x0000033e                _nrf24l01p_ce_pin
 .text._nrf24l01p_csn_pin
                0x00000360       0x22 Component_Drivers/nrf24l01p/nrf24l01p.o
                0x00000360                _nrf24l01p_csn_pin
 .text._nrf24l01p_read_register
                0x00000382       0x5e Component_Drivers/nrf24l01p/nrf24l01p.o
                0x00000382                _nrf24l01p_read_register
 .text._nrf24l01p_write_register
                0x000003e0       0x50 Component_Drivers/nrf24l01p/nrf24l01p.o
                0x000003e0                _nrf24l01p_write_register
 .text._nrf24l01p_write_tx_payload
                0x00000430       0x4a Component_Drivers/nrf24l01p/nrf24l01p.o
                0x00000430                _nrf24l01p_write_tx_payload
 .text._nrf24l01p_flush_rx
                0x0000047a       0x14 Component_Drivers/nrf24l01p/nrf24l01p.o
                0x0000047a                _nrf24l01p_flush_rx
 .text._nrf24l01p_get_status
                0x0000048e       0x1e Component_Drivers/nrf24l01p/nrf24l01p.o
                0x0000048e                _nrf24l01p_get_status
 .text._nrf24l01p_power_up
                0x000004ac       0x4a Component_Drivers/nrf24l01p/nrf24l01p.o
                0x000004ac                _nrf24l01p_power_up
 .text._nrf24l01p_power_down
                0x000004f6       0x3e Component_Drivers/nrf24l01p/nrf24l01p.o
                0x000004f6                _nrf24l01p_power_down
 .text._nrf24l01p_rx_mode
                0x00000534       0x3e Component_Drivers/nrf24l01p/nrf24l01p.o
                0x00000534                _nrf24l01p_rx_mode
 .text._nrf24l01p_tx_mode
                0x00000572       0x3e Component_Drivers/nrf24l01p/nrf24l01p.o
                0x00000572                _nrf24l01p_tx_mode
 .text._nrf24l01p_disable_auto_ack_all_pipes
                0x000005b0       0x24 Component_Drivers/nrf24l01p/nrf24l01p.o
                0x000005b0                _nrf24l01p_disable_auto_ack_all_pipes
 .text._nrf24l01p_enable_rx_on_pipe
                0x000005d4       0x4e Component_Drivers/nrf24l01p/nrf24l01p.o
                0x000005d4                _nrf24l01p_enable_rx_on_pipe
 .text._nrf24l01p_get_data_sent_flag
                0x00000622       0x18 Component_Drivers/nrf24l01p/nrf24l01p.o
                0x00000622                _nrf24l01p_get_data_sent_flag
 .text._nrf24l01p_clear_data_sent_flag
                0x0000063a       0x2a Component_Drivers/nrf24l01p/nrf24l01p.o
                0x0000063a                _nrf24l01p_clear_data_sent_flag
 .text._nrf24l01p_enable_dynamic_payload_pipe
                0x00000664       0x4e Component_Drivers/nrf24l01p/nrf24l01p.o
                0x00000664                _nrf24l01p_enable_dynamic_payload_pipe
 .text._nrf24l01p_disable_dynamic_payload_all_pipe
                0x000006b2       0x24 Component_Drivers/nrf24l01p/nrf24l01p.o
                0x000006b2                _nrf24l01p_disable_dynamic_payload_all_pipe
 .text._nrf24l01p_enable_dynamic_payload
                0x000006d6       0x38 Component_Drivers/nrf24l01p/nrf24l01p.o
                0x000006d6                _nrf24l01p_enable_dynamic_payload
 .text._nrf24l01p_startup
                0x0000070e       0x66 Component_Drivers/nrf24l01p/nrf24l01p.o
                0x0000070e                _nrf24l01p_startup
 .text._nrf24l01p_init
                0x00000774       0x74 Component_Drivers/nrf24l01p/nrf24l01p.o
                0x00000774                _nrf24l01p_init
 .text._nrf24l01p_write
                0x000007e8       0x92 Component_Drivers/nrf24l01p/nrf24l01p.o
                0x000007e8                _nrf24l01p_write
 .text.CALLBACK_USB_GetDescriptor
                0x0000087a       0xa0 Descriptors.o
                0x0000087a                CALLBACK_USB_GetDescriptor
 .text.usart_spi_transmit_receive
                0x0000091a       0x18 main.o
                0x0000091a                usart_spi_transmit_receive
 .text.ssd1306_write_command
                0x00000932       0x2c main.o
 .text.ssd1306_write_data
                0x0000095e       0x44 main.o
                0x0000095e                ssd1306_write_data
 .text.ssd1306_set_page_address
                0x000009a2        0xa main.o
                0x000009a2                ssd1306_set_page_address
 .text.ssd1306_set_column_address
                0x000009ac       0x20 main.o
                0x000009ac                ssd1306_set_column_address
 .text.usart_init_spi
                0x000009cc       0x86 main.o
                0x000009cc                usart_init_spi
 .text.ssd1306_init
                0x00000a52      0x10c main.o
                0x00000a52                ssd1306_init
 .text.ssd1306_write_text
                0x00000b5e       0x68 main.o
                0x00000b5e                ssd1306_write_text
 .text.gfx_mono_framebuffer_put_byte
                0x00000bc6       0x1c main.o
                0x00000bc6                gfx_mono_framebuffer_put_byte
 .text.gfx_mono_framebuffer_get_byte
                0x00000be2       0x1c main.o
                0x00000be2                gfx_mono_framebuffer_get_byte
 .text.gfx_mono_ssd1306_put_byte
                0x00000bfe       0x3c main.o
                0x00000bfe                gfx_mono_ssd1306_put_byte
 .text.SetupHardware
                0x00000c3a       0xc0 main.o
                0x00000c3a                SetupHardware
 .text.main     0x00000cfa      0x162 main.o
                0x00000cfa                main
 .text.EVENT_USB_Device_Connect
                0x00000e5c       0x1a main.o
                0x00000e5c                EVENT_USB_Device_Connect
 .text.EVENT_USB_Device_Disconnect
                0x00000e76       0x18 main.o
                0x00000e76                EVENT_USB_Device_Disconnect
 .text.EVENT_USB_Device_ConfigurationChanged
                0x00000e8e       0x38 main.o
                0x00000e8e                EVENT_USB_Device_ConfigurationChanged
 .text.EVENT_USB_Device_ControlRequest
                0x00000ec6        0xa main.o
                0x00000ec6                EVENT_USB_Device_ControlRequest
 .text.EVENT_USB_Device_StartOfFrame
                0x00000ed0       0x18 main.o
                0x00000ed0                EVENT_USB_Device_StartOfFrame
 .text.CALLBACK_HID_Device_CreateHIDReport
                0x00000ee8       0x44 main.o
                0x00000ee8                CALLBACK_HID_Device_CreateHIDReport
 .text.CALLBACK_HID_Device_ProcessHIDReport
                0x00000f2c       0x3a main.o
                0x00000f2c                CALLBACK_HID_Device_ProcessHIDReport
 .text.DigitalPin_SetDIr
                0x00000f66       0x24 XMEGA_API/DIGITALPIN.o
                0x00000f66                DigitalPin_SetDIr
 .text.DigitalPin_SetValue
                0x00000f8a       0x20 XMEGA_API/DIGITALPIN.o
                0x00000f8a                DigitalPin_SetValue
 .text.DigitalPin_ClearValue
                0x00000faa       0x20 XMEGA_API/DIGITALPIN.o
                0x00000faa                DigitalPin_ClearValue
 .text.__vector_25
                0x00000fca       0x14 XMEGA_API/USART.o
                0x00000fca                __vector_25
 .text.__vector_27
                0x00000fde       0x14 XMEGA_API/USART.o
                0x00000fde                __vector_27
 .text.__vector_26
                0x00000ff2       0x14 XMEGA_API/USART.o
                0x00000ff2                __vector_26
 .text.__vector_28
                0x00001006       0x14 XMEGA_API/USART.o
                0x00001006                __vector_28
 .text.__vector_30
                0x0000101a       0x14 XMEGA_API/USART.o
                0x0000101a                __vector_30
 .text.__vector_29
                0x0000102e       0x14 XMEGA_API/USART.o
                0x0000102e                __vector_29
 .text.__vector_88
                0x00001042       0x14 XMEGA_API/USART.o
                0x00001042                __vector_88
 .text.__vector_90
                0x00001056       0x14 XMEGA_API/USART.o
                0x00001056                __vector_90
 .text.__vector_89
                0x0000106a       0x14 XMEGA_API/USART.o
                0x0000106a                __vector_89
 .text.__vector_58
                0x0000107e       0x14 XMEGA_API/USART.o
                0x0000107e                __vector_58
 .text.__vector_60
                0x00001092       0x14 XMEGA_API/USART.o
                0x00001092                __vector_60
 .text.__vector_59
                0x000010a6       0x14 XMEGA_API/USART.o
                0x000010a6                __vector_59
 .text.CCPWrite
                0x000010ba       0x2a XMEGA_DRIVERS/clksys_driver.o
                0x000010ba                CCPWrite
 .text.CLKSYS_Disable
                0x000010e4       0x14 XMEGA_DRIVERS/clksys_driver.o
                0x000010e4                CLKSYS_Disable
 .text.CLKSYS_Main_ClockSource_Select
                0x000010f8       0x2a XMEGA_DRIVERS/clksys_driver.o
                0x000010f8                CLKSYS_Main_ClockSource_Select
 .text.HID_Device_ProcessControlRequest
                0x00001122      0x242 XMEGA_DRIVERS/LUFA/Drivers/USB/Class/Device/HIDClassDevice.o
                0x00001122                HID_Device_ProcessControlRequest
 .text.HID_Device_ConfigureEndpoints
                0x00001364       0x2a XMEGA_DRIVERS/LUFA/Drivers/USB/Class/Device/HIDClassDevice.o
                0x00001364                HID_Device_ConfigureEndpoints
 .text.HID_Device_USBTask
                0x0000138e      0x196 XMEGA_DRIVERS/LUFA/Drivers/USB/Class/Device/HIDClassDevice.o
                0x0000138e                HID_Device_USBTask
 .text.USB_Device_ProcessControlRequest
                0x00001524      0x2a6 XMEGA_DRIVERS/LUFA/Drivers/USB/Core/DeviceStandardReq.o
                0x00001524                USB_Device_ProcessControlRequest
 .text.USB_Event_Stub
                0x000017ca        0x2 XMEGA_DRIVERS/LUFA/Drivers/USB/Core/Events.o
                0x000017ca                USB_Event_Stub
                0x000017ca                EVENT_USB_Device_Suspend
                0x000017ca                EVENT_USB_Device_Reset
                0x000017ca                EVENT_USB_Device_WakeUp
 .text.USB_USBTask
                0x000017cc       0x28 XMEGA_DRIVERS/LUFA/Drivers/USB/Core/USBTask.o
                0x000017cc                USB_USBTask
 .text.Endpoint_Write_Stream_LE
                0x000017f4       0xaa XMEGA_DRIVERS/LUFA/Drivers/USB/Core/XMEGA/EndpointStream_XMEGA.o
                0x000017f4                Endpoint_Write_Stream_LE
 .text.Endpoint_Write_Control_Stream_LE
                0x0000189e      0x12c XMEGA_DRIVERS/LUFA/Drivers/USB/Core/XMEGA/EndpointStream_XMEGA.o
                0x0000189e                Endpoint_Write_Control_Stream_LE
 .text.Endpoint_Read_Control_Stream_LE
                0x000019ca       0xe8 XMEGA_DRIVERS/LUFA/Drivers/USB/Core/XMEGA/EndpointStream_XMEGA.o
                0x000019ca                Endpoint_Read_Control_Stream_LE
 .text.Endpoint_Write_Control_PStream_LE
                0x00001ab2      0x132 XMEGA_DRIVERS/LUFA/Drivers/USB/Core/XMEGA/EndpointStream_XMEGA.o
                0x00001ab2                Endpoint_Write_Control_PStream_LE
 .text.Endpoint_ClearIN
                0x00001be4       0x32 XMEGA_DRIVERS/LUFA/Drivers/USB/Core/XMEGA/Endpoint_XMEGA.o
                0x00001be4                Endpoint_ClearIN
 .text.Endpoint_ClearOUT
                0x00001c16       0x1e XMEGA_DRIVERS/LUFA/Drivers/USB/Core/XMEGA/Endpoint_XMEGA.o
                0x00001c16                Endpoint_ClearOUT
 .text.Endpoint_Read_8
                0x00001c34       0x20 XMEGA_DRIVERS/LUFA/Drivers/USB/Core/XMEGA/Endpoint_XMEGA.o
                0x00001c34                Endpoint_Read_8
 .text.Endpoint_Write_8
                0x00001c54       0x20 XMEGA_DRIVERS/LUFA/Drivers/USB/Core/XMEGA/Endpoint_XMEGA.o
                0x00001c54                Endpoint_Write_8
 .text.Endpoint_SelectEndpoint
                0x00001c74       0x80 XMEGA_DRIVERS/LUFA/Drivers/USB/Core/XMEGA/Endpoint_XMEGA.o
                0x00001c74                Endpoint_SelectEndpoint
 .text.Endpoint_IsINReady
                0x00001cf4       0x1a XMEGA_DRIVERS/LUFA/Drivers/USB/Core/XMEGA/Endpoint_XMEGA.o
                0x00001cf4                Endpoint_IsINReady
 .text.Endpoint_IsOUTReceived
                0x00001d0e       0x34 XMEGA_DRIVERS/LUFA/Drivers/USB/Core/XMEGA/Endpoint_XMEGA.o
                0x00001d0e                Endpoint_IsOUTReceived
 .text.Endpoint_IsSETUPReceived
                0x00001d42       0x34 XMEGA_DRIVERS/LUFA/Drivers/USB/Core/XMEGA/Endpoint_XMEGA.o
                0x00001d42                Endpoint_IsSETUPReceived
 .text.Endpoint_ClearSETUP
                0x00001d76       0x5c XMEGA_DRIVERS/LUFA/Drivers/USB/Core/XMEGA/Endpoint_XMEGA.o
                0x00001d76                Endpoint_ClearSETUP
 .text.Endpoint_StallTransaction
                0x00001dd2       0x38 XMEGA_DRIVERS/LUFA/Drivers/USB/Core/XMEGA/Endpoint_XMEGA.o
                0x00001dd2                Endpoint_StallTransaction
 .text.Endpoint_ConfigureEndpoint_PRV
                0x00001e0a       0x8c XMEGA_DRIVERS/LUFA/Drivers/USB/Core/XMEGA/Endpoint_XMEGA.o
                0x00001e0a                Endpoint_ConfigureEndpoint_PRV
 .text.Endpoint_ConfigureEndpointTable
                0x00001e96       0xe8 XMEGA_DRIVERS/LUFA/Drivers/USB/Core/XMEGA/Endpoint_XMEGA.o
                0x00001e96                Endpoint_ConfigureEndpointTable
 .text.Endpoint_ClearEndpoints
                0x00001f7e       0x26 XMEGA_DRIVERS/LUFA/Drivers/USB/Core/XMEGA/Endpoint_XMEGA.o
                0x00001f7e                Endpoint_ClearEndpoints
 .text.Endpoint_ClearStatusStage
                0x00001fa4       0x36 XMEGA_DRIVERS/LUFA/Drivers/USB/Core/XMEGA/Endpoint_XMEGA.o
                0x00001fa4                Endpoint_ClearStatusStage
 .text.Endpoint_WaitUntilReady
                0x00001fda       0x9c XMEGA_DRIVERS/LUFA/Drivers/USB/Core/XMEGA/Endpoint_XMEGA.o
                0x00001fda                Endpoint_WaitUntilReady
 .text.USB_ResetInterface
                0x00002076       0x64 XMEGA_DRIVERS/LUFA/Drivers/USB/Core/XMEGA/USBController_XMEGA.o
                0x00002076                USB_ResetInterface
 .text.USB_Init
                0x000020da       0x58 XMEGA_DRIVERS/LUFA/Drivers/USB/Core/XMEGA/USBController_XMEGA.o
                0x000020da                USB_Init
 .text.USB_INT_DisableAllInterrupts
                0x00002132        0xe XMEGA_DRIVERS/LUFA/Drivers/USB/Core/XMEGA/USBInterrupt_XMEGA.o
                0x00002132                USB_INT_DisableAllInterrupts
 .text.USB_INT_ClearAllInterrupts
                0x00002140        0xc XMEGA_DRIVERS/LUFA/Drivers/USB/Core/XMEGA/USBInterrupt_XMEGA.o
                0x00002140                USB_INT_ClearAllInterrupts
 .text.__vector_125
                0x0000214c       0xe8 XMEGA_DRIVERS/LUFA/Drivers/USB/Core/XMEGA/USBInterrupt_XMEGA.o
                0x0000214c                __vector_125
 .text.rtc_initialize
                0x00002234       0x30 XMEGA_SERVICES/RTCServices.o
                0x00002234                rtc_initialize
 .text.rtc_ms_delay
                0x00002264       0x92 XMEGA_SERVICES/RTCServices.o
                0x00002264                rtc_ms_delay
 .text.__vector_10
                0x000022f6       0x4a XMEGA_SERVICES/RTCServices.o
                0x000022f6                __vector_10
 .text.__vector_11
                0x00002340       0x14 XMEGA_SERVICES/RTCServices.o
                0x00002340                __vector_11
 .text.libgcc.div
                0x00002354       0x44 c:/program files (x86)/atmel/studio/7.0/toolchain/avr8/avr8-gnu-toolchain/bin/../lib/gcc/avr/4.9.2/avrxmega6\libgcc.a(_udivmodsi4.o)
                0x00002354                __udivmodsi4
 .text.libgcc.div
                0x00002398       0x2e c:/program files (x86)/atmel/studio/7.0/toolchain/avr8/avr8-gnu-toolchain/bin/../lib/gcc/avr/4.9.2/avrxmega6\libgcc.a(_divmodsi4.o)
                0x00002398                __divmodsi4
 .text.libgcc.div
                0x000023c6       0x10 c:/program files (x86)/atmel/studio/7.0/toolchain/avr8/avr8-gnu-toolchain/bin/../lib/gcc/avr/4.9.2/avrxmega6\libgcc.a(_negsi2.o)
                0x000023c6                __negsi2
 .text.libgcc   0x000023d6       0x10 c:/program files (x86)/atmel/studio/7.0/toolchain/avr8/avr8-gnu-toolchain/bin/../lib/gcc/avr/4.9.2/avrxmega6\libgcc.a(_tablejump2.o)
                0x000023d6                __tablejump2__
 .text.avr-libc
                0x000023e6       0x1a c:/program files (x86)/atmel/studio/7.0/toolchain/avr8/avr8-gnu-toolchain/bin/../lib/gcc/avr/4.9.2/../../../../avr/lib/avrxmega6\libc.a(memcmp.o)
                0x000023e6                memcmp
 .text.avr-libc
                0x00002400       0x12 c:/program files (x86)/atmel/studio/7.0/toolchain/avr8/avr8-gnu-toolchain/bin/../lib/gcc/avr/4.9.2/../../../../avr/lib/avrxmega6\libc.a(memcpy.o)
                0x00002400                memcpy
 .text.avr-libc
                0x00002412        0xe c:/program files (x86)/atmel/studio/7.0/toolchain/avr8/avr8-gnu-toolchain/bin/../lib/gcc/avr/4.9.2/../../../../avr/lib/avrxmega6\libc.a(memset.o)
                0x00002412                memset
                0x00002420                . = ALIGN (0x2)
 *(.fini9)
 .fini9         0x00002420        0x0 c:/program files (x86)/atmel/studio/7.0/toolchain/avr8/avr8-gnu-toolchain/bin/../lib/gcc/avr/4.9.2/avrxmega6\libgcc.a(_exit.o)
                0x00002420                _exit
                0x00002420                exit
 *(.fini9)
 *(.fini8)
 *(.fini8)
 *(.fini7)
 *(.fini7)
 *(.fini6)
 *(.fini6)
 *(.fini5)
 *(.fini5)
 *(.fini4)
 *(.fini4)
 *(.fini3)
 *(.fini3)
 *(.fini2)
 *(.fini2)
 *(.fini1)
 *(.fini1)
 *(.fini0)
 .fini0         0x00002420        0x4 c:/program files (x86)/atmel/studio/7.0/toolchain/avr8/avr8-gnu-toolchain/bin/../lib/gcc/avr/4.9.2/avrxmega6\libgcc.a(_exit.o)
 *(.fini0)
                0x00002424                _etext = .

.data           0x00802000      0x2b2 load address 0x00002424
                0x00802000                PROVIDE (__data_start, .)
 *(.data)
 *(.data*)
 .data.nrf24l01p_ce_pin
                0x00802000        0x3 Component_Drivers/nrf24l01p/nrf24l01p.o
 .data.nrf24l01p_csn_pin
                0x00802003        0x3 Component_Drivers/nrf24l01p/nrf24l01p.o
 .data.Font08px_126
                0x00802006        0x6 Component_Drivers/ssd1306/font.o
                0x00802006                Font08px_126
 .data.Font08px_125
                0x0080200c        0x4 Component_Drivers/ssd1306/font.o
                0x0080200c                Font08px_125
 .data.Font08px_124
                0x00802010        0x2 Component_Drivers/ssd1306/font.o
                0x00802010                Font08px_124
 .data.Font08px_123
                0x00802012        0x4 Component_Drivers/ssd1306/font.o
                0x00802012                Font08px_123
 .data.Font08px_lz
                0x00802016        0x4 Component_Drivers/ssd1306/font.o
                0x00802016                Font08px_lz
 .data.Font08px_ly
                0x0080201a        0x5 Component_Drivers/ssd1306/font.o
                0x0080201a                Font08px_ly
 .data.Font08px_lx
                0x0080201f        0x6 Component_Drivers/ssd1306/font.o
                0x0080201f                Font08px_lx
 .data.Font08px_lw
                0x00802025        0x6 Component_Drivers/ssd1306/font.o
                0x00802025                Font08px_lw
 .data.Font08px_lv
                0x0080202b        0x6 Component_Drivers/ssd1306/font.o
                0x0080202b                Font08px_lv
 .data.Font08px_lu
                0x00802031        0x5 Component_Drivers/ssd1306/font.o
                0x00802031                Font08px_lu
 .data.Font08px_lt
                0x00802036        0x4 Component_Drivers/ssd1306/font.o
                0x00802036                Font08px_lt
 .data.Font08px_ls
                0x0080203a        0x5 Component_Drivers/ssd1306/font.o
                0x0080203a                Font08px_ls
 .data.Font08px_lr
                0x0080203f        0x4 Component_Drivers/ssd1306/font.o
                0x0080203f                Font08px_lr
 .data.Font08px_lq
                0x00802043        0x5 Component_Drivers/ssd1306/font.o
                0x00802043                Font08px_lq
 .data.Font08px_lp
                0x00802048        0x5 Component_Drivers/ssd1306/font.o
                0x00802048                Font08px_lp
 .data.Font08px_lo
                0x0080204d        0x5 Component_Drivers/ssd1306/font.o
                0x0080204d                Font08px_lo
 .data.Font08px_ln
                0x00802052        0x5 Component_Drivers/ssd1306/font.o
                0x00802052                Font08px_ln
 .data.Font08px_lm
                0x00802057        0x6 Component_Drivers/ssd1306/font.o
                0x00802057                Font08px_lm
 .data.Font08px_ll
                0x0080205d        0x2 Component_Drivers/ssd1306/font.o
                0x0080205d                Font08px_ll
 .data.Font08px_lk
                0x0080205f        0x5 Component_Drivers/ssd1306/font.o
                0x0080205f                Font08px_lk
 .data.Font08px_lj
                0x00802064        0x3 Component_Drivers/ssd1306/font.o
                0x00802064                Font08px_lj
 .data.Font08px_li
                0x00802067        0x2 Component_Drivers/ssd1306/font.o
                0x00802067                Font08px_li
 .data.Font08px_lh
                0x00802069        0x5 Component_Drivers/ssd1306/font.o
                0x00802069                Font08px_lh
 .data.Font08px_lg
                0x0080206e        0x5 Component_Drivers/ssd1306/font.o
                0x0080206e                Font08px_lg
 .data.Font08px_lf
                0x00802073        0x4 Component_Drivers/ssd1306/font.o
                0x00802073                Font08px_lf
 .data.Font08px_le
                0x00802077        0x5 Component_Drivers/ssd1306/font.o
                0x00802077                Font08px_le
 .data.Font08px_ld
                0x0080207c        0x5 Component_Drivers/ssd1306/font.o
                0x0080207c                Font08px_ld
 .data.Font08px_lc
                0x00802081        0x5 Component_Drivers/ssd1306/font.o
                0x00802081                Font08px_lc
 .data.Font08px_lb
                0x00802086        0x5 Component_Drivers/ssd1306/font.o
                0x00802086                Font08px_lb
 .data.Font08px_la
                0x0080208b        0x5 Component_Drivers/ssd1306/font.o
                0x0080208b                Font08px_la
 .data.Font08px_96
                0x00802090        0x3 Component_Drivers/ssd1306/font.o
                0x00802090                Font08px_96
 .data.Font08px_95
                0x00802093        0x4 Component_Drivers/ssd1306/font.o
                0x00802093                Font08px_95
 .data.Font08px_94
                0x00802097        0x4 Component_Drivers/ssd1306/font.o
                0x00802097                Font08px_94
 .data.Font08px_93
                0x0080209b        0x4 Component_Drivers/ssd1306/font.o
                0x0080209b                Font08px_93
 .data.Font08px_92
                0x0080209f        0x4 Component_Drivers/ssd1306/font.o
                0x0080209f                Font08px_92
 .data.Font08px_91
                0x008020a3        0x4 Component_Drivers/ssd1306/font.o
                0x008020a3                Font08px_91
 .data.Font08px_UZ
                0x008020a7        0x6 Component_Drivers/ssd1306/font.o
                0x008020a7                Font08px_UZ
 .data.Font08px_UY
                0x008020ad        0x6 Component_Drivers/ssd1306/font.o
                0x008020ad                Font08px_UY
 .data.Font08px_UX
                0x008020b3        0x6 Component_Drivers/ssd1306/font.o
                0x008020b3                Font08px_UX
 .data.Font08px_UW
                0x008020b9        0x6 Component_Drivers/ssd1306/font.o
                0x008020b9                Font08px_UW
 .data.Font08px_UV
                0x008020bf        0x6 Component_Drivers/ssd1306/font.o
                0x008020bf                Font08px_UV
 .data.Font08px_UU
                0x008020c5        0x5 Component_Drivers/ssd1306/font.o
                0x008020c5                Font08px_UU
 .data.Font08px_UT
                0x008020ca        0x6 Component_Drivers/ssd1306/font.o
                0x008020ca                Font08px_UT
 .data.Font08px_US
                0x008020d0        0x5 Component_Drivers/ssd1306/font.o
                0x008020d0                Font08px_US
 .data.Font08px_UR
                0x008020d5        0x5 Component_Drivers/ssd1306/font.o
                0x008020d5                Font08px_UR
 .data.Font08px_UQ
                0x008020da        0x6 Component_Drivers/ssd1306/font.o
                0x008020da                Font08px_UQ
 .data.Font08px_UP
                0x008020e0        0x5 Component_Drivers/ssd1306/font.o
                0x008020e0                Font08px_UP
 .data.Font08px_UO
                0x008020e5        0x5 Component_Drivers/ssd1306/font.o
                0x008020e5                Font08px_UO
 .data.Font08px_UN
                0x008020ea        0x6 Component_Drivers/ssd1306/font.o
                0x008020ea                Font08px_UN
 .data.Font08px_UM
                0x008020f0        0x6 Component_Drivers/ssd1306/font.o
                0x008020f0                Font08px_UM
 .data.Font08px_UL
                0x008020f6        0x5 Component_Drivers/ssd1306/font.o
                0x008020f6                Font08px_UL
 .data.Font08px_UK
                0x008020fb        0x6 Component_Drivers/ssd1306/font.o
                0x008020fb                Font08px_UK
 .data.Font08px_UJ
                0x00802101        0x5 Component_Drivers/ssd1306/font.o
                0x00802101                Font08px_UJ
 .data.Font08px_UI
                0x00802106        0x4 Component_Drivers/ssd1306/font.o
                0x00802106                Font08px_UI
 .data.Font08px_UH
                0x0080210a        0x5 Component_Drivers/ssd1306/font.o
                0x0080210a                Font08px_UH
 .data.Font08px_UG
                0x0080210f        0x6 Component_Drivers/ssd1306/font.o
                0x0080210f                Font08px_UG
 .data.Font08px_UF
                0x00802115        0x5 Component_Drivers/ssd1306/font.o
                0x00802115                Font08px_UF
 .data.Font08px_UE
                0x0080211a        0x5 Component_Drivers/ssd1306/font.o
                0x0080211a                Font08px_UE
 .data.Font08px_UD
                0x0080211f        0x5 Component_Drivers/ssd1306/font.o
                0x0080211f                Font08px_UD
 .data.Font08px_UC
                0x00802124        0x5 Component_Drivers/ssd1306/font.o
                0x00802124                Font08px_UC
 .data.Font08px_UB
                0x00802129        0x5 Component_Drivers/ssd1306/font.o
                0x00802129                Font08px_UB
 .data.Font08px_UA
                0x0080212e        0x6 Component_Drivers/ssd1306/font.o
                0x0080212e                Font08px_UA
 .data.Font08px_64
                0x00802134        0x9 Component_Drivers/ssd1306/font.o
                0x00802134                Font08px_64
 .data.Font08px_63
                0x0080213d        0x6 Component_Drivers/ssd1306/font.o
                0x0080213d                Font08px_63
 .data.Font08px_62
                0x00802143        0x5 Component_Drivers/ssd1306/font.o
                0x00802143                Font08px_62
 .data.Font08px_61
                0x00802148        0x5 Component_Drivers/ssd1306/font.o
                0x00802148                Font08px_61
 .data.Font08px_60
                0x0080214d        0x5 Component_Drivers/ssd1306/font.o
                0x0080214d                Font08px_60
 .data.Font08px_59
                0x00802152        0x2 Component_Drivers/ssd1306/font.o
                0x00802152                Font08px_59
 .data.Font08px_58
                0x00802154        0x2 Component_Drivers/ssd1306/font.o
                0x00802154                Font08px_58
 .data.Font08px_N9
                0x00802156        0x6 Component_Drivers/ssd1306/font.o
                0x00802156                Font08px_N9
 .data.Font08px_N8
                0x0080215c        0x6 Component_Drivers/ssd1306/font.o
                0x0080215c                Font08px_N8
 .data.Font08px_N7
                0x00802162        0x6 Component_Drivers/ssd1306/font.o
                0x00802162                Font08px_N7
 .data.Font08px_N6
                0x00802168        0x6 Component_Drivers/ssd1306/font.o
                0x00802168                Font08px_N6
 .data.Font08px_N5
                0x0080216e        0x6 Component_Drivers/ssd1306/font.o
                0x0080216e                Font08px_N5
 .data.Font08px_N4
                0x00802174        0x6 Component_Drivers/ssd1306/font.o
                0x00802174                Font08px_N4
 .data.Font08px_N3
                0x0080217a        0x6 Component_Drivers/ssd1306/font.o
                0x0080217a                Font08px_N3
 .data.Font08px_N2
                0x00802180        0x6 Component_Drivers/ssd1306/font.o
                0x00802180                Font08px_N2
 .data.Font08px_N1
                0x00802186        0x6 Component_Drivers/ssd1306/font.o
                0x00802186                Font08px_N1
 .data.Font08px_N0
                0x0080218c        0x6 Component_Drivers/ssd1306/font.o
                0x0080218c                Font08px_N0
 .data.Font08px_47
                0x00802192        0x4 Component_Drivers/ssd1306/font.o
                0x00802192                Font08px_47
 .data.Font08px_46
                0x00802196        0x2 Component_Drivers/ssd1306/font.o
                0x00802196                Font08px_46
 .data.Font08px_45
                0x00802198        0x4 Component_Drivers/ssd1306/font.o
                0x00802198                Font08px_45
 .data.Font08px_44
                0x0080219c        0x2 Component_Drivers/ssd1306/font.o
                0x0080219c                Font08px_44
 .data.Font08px_43
                0x0080219e        0x4 Component_Drivers/ssd1306/font.o
                0x0080219e                Font08px_43
 .data.Font08px_42
                0x008021a2        0x4 Component_Drivers/ssd1306/font.o
                0x008021a2                Font08px_42
 .data.Font08px_41
                0x008021a6        0x4 Component_Drivers/ssd1306/font.o
                0x008021a6                Font08px_41
 .data.Font08px_40
                0x008021aa        0x4 Component_Drivers/ssd1306/font.o
                0x008021aa                Font08px_40
 .data.Font08px_39
                0x008021ae        0x2 Component_Drivers/ssd1306/font.o
                0x008021ae                Font08px_39
 .data.Font08px_38
                0x008021b0        0x6 Component_Drivers/ssd1306/font.o
                0x008021b0                Font08px_38
 .data.Font08px_37
                0x008021b6        0x6 Component_Drivers/ssd1306/font.o
                0x008021b6                Font08px_37
 .data.Font08px_36
                0x008021bc        0x6 Component_Drivers/ssd1306/font.o
                0x008021bc                Font08px_36
 .data.Font08px_35
                0x008021c2        0x6 Component_Drivers/ssd1306/font.o
                0x008021c2                Font08px_35
 .data.Font08px_34
                0x008021c8        0x4 Component_Drivers/ssd1306/font.o
                0x008021c8                Font08px_34
 .data.Font08px_33
                0x008021cc        0x2 Component_Drivers/ssd1306/font.o
                0x008021cc                Font08px_33
 .data.Font08px_32
                0x008021ce        0x3 Component_Drivers/ssd1306/font.o
                0x008021ce                Font08px_32
 .data.font_table
                0x008021d1       0xbe Component_Drivers/ssd1306/font.o
                0x008021d1                font_table
 .data.Generic_HID_Interface
                0x0080228f       0x10 main.o
                0x0080228f                Generic_HID_Interface
 *(.rodata)
 *(.rodata*)
 .rodata.str1.1
                0x0080229f       0x12 main.o
 *(.gnu.linkonce.d*)
                0x008022b2                . = ALIGN (0x2)
 *fill*         0x008022b1        0x1 
                0x008022b2                _edata = .
                0x008022b2                PROVIDE (__data_end, .)

.bss            0x008022b2      0x350
                0x008022b2                PROVIDE (__bss_start, .)
 *(.bss)
 *(.bss*)
 .bss.PrevHIDReportBuffer
                0x008022b2        0x8 main.o
 .bss.fbpointer
                0x008022ba        0x2 main.o
 .bss.framebuffer
                0x008022bc      0x200 main.o
 .bss.rtc_tick_global
                0x008024bc        0x4 XMEGA_SERVICES/RTCServices.o
                0x008024bc                rtc_tick_global
 *(COMMON)
 COMMON         0x008024c0        0x5 Component_Drivers/nrf24l01p/nrf24l01p.o
                0x008024c0                csn_value
                0x008024c1                ce_value
                0x008024c2                mode
                0x008024c3                mystat
 COMMON         0x008024c5        0x3 XMEGA_DRIVERS/LUFA/Drivers/USB/Core/DeviceStandardReq.o
                0x008024c5                USB_Device_ConfigurationNumber
                0x008024c6                USB_Device_CurrentlySelfPowered
                0x008024c7                USB_Device_RemoteWakeupEnabled
 COMMON         0x008024c8        0xa XMEGA_DRIVERS/LUFA/Drivers/USB/Core/USBTask.o
                0x008024c8                USB_IsInitialized
                0x008024c9                USB_DeviceState
                0x008024ca                USB_ControlRequest
 COMMON         0x008024d2      0x10d XMEGA_DRIVERS/LUFA/Drivers/USB/Core/XMEGA/Endpoint_XMEGA.o
                0x008024d2                USB_Endpoint_SelectedFIFO
                0x008024d4                USB_Endpoint_SelectedHandle
                0x008024d6                USB_Endpoint_SelectedEndpoint
                0x008024d7                USB_Endpoint_FIFOs
 COMMON         0x008025df       0x23 XMEGA_DRIVERS/LUFA/Drivers/USB/Core/XMEGA/USBController_XMEGA.o
                0x008025df                USB_EndpointTable
                0x00802602                PROVIDE (__bss_end, .)
                0x00002424                __data_load_start = LOADADDR (.data)
                0x000026d6                __data_load_end = (__data_load_start + SIZEOF (.data))

.noinit         0x00802602        0x0
                0x00802602                PROVIDE (__noinit_start, .)
 *(.noinit*)
                0x00802602                PROVIDE (__noinit_end, .)
                0x00802602                _end = .
                0x00802602                PROVIDE (__heap_start, .)

.eeprom         0x00810000        0x0
 *(.eeprom*)
                0x00810000                __eeprom_end = .

.fuse
 *(.fuse)
 *(.lfuse)
 *(.hfuse)
 *(.efuse)

.lock
 *(.lock*)

.signature
 *(.signature*)

.user_signatures
 *(.user_signatures*)

.stab
 *(.stab)

.stabstr
 *(.stabstr)

.stab.excl
 *(.stab.excl)

.stab.exclstr
 *(.stab.exclstr)

.stab.index
 *(.stab.index)

.stab.indexstr
 *(.stab.indexstr)

.comment        0x00000000       0x30
 *(.comment)
 .comment       0x00000000       0x30 Component_Drivers/nrf24l01p/nrf24l01p.o
                                 0x31 (size before relaxing)
 .comment       0x00000030       0x31 Component_Drivers/ssd1306/font.o
 .comment       0x00000030       0x31 Descriptors.o
 .comment       0x00000030       0x31 main.o
 .comment       0x00000030       0x31 XMEGA_API/DIGITALPIN.o
 .comment       0x00000030       0x31 XMEGA_API/USART.o
 .comment       0x00000030       0x31 XMEGA_DRIVERS/clksys_driver.o
 .comment       0x00000030       0x31 XMEGA_DRIVERS/LUFA/Drivers/USB/Class/Device/HIDClassDevice.o
 .comment       0x00000030       0x31 XMEGA_DRIVERS/LUFA/Drivers/USB/Core/DeviceStandardReq.o
 .comment       0x00000030       0x31 XMEGA_DRIVERS/LUFA/Drivers/USB/Core/Events.o
 .comment       0x00000030       0x31 XMEGA_DRIVERS/LUFA/Drivers/USB/Core/USBTask.o
 .comment       0x00000030       0x31 XMEGA_DRIVERS/LUFA/Drivers/USB/Core/XMEGA/EndpointStream_XMEGA.o
 .comment       0x00000030       0x31 XMEGA_DRIVERS/LUFA/Drivers/USB/Core/XMEGA/Endpoint_XMEGA.o
 .comment       0x00000030       0x31 XMEGA_DRIVERS/LUFA/Drivers/USB/Core/XMEGA/USBController_XMEGA.o
 .comment       0x00000030       0x31 XMEGA_DRIVERS/LUFA/Drivers/USB/Core/XMEGA/USBInterrupt_XMEGA.o
 .comment       0x00000030       0x31 XMEGA_SERVICES/RTCServices.o

.note.gnu.avr.deviceinfo
                0x00000000       0x40
 .note.gnu.avr.deviceinfo
                0x00000000       0x40 C:/Program Files (x86)/Atmel/Studio/7.0/Packs/atmel/XMEGAC_DFP/1.0.29/gcc/dev/atxmega384c3/avrxmega6/crtatxmega384c3.o

.note.gnu.build-id
 *(.note.gnu.build-id)

.debug
 *(.debug)

.line
 *(.line)

.debug_srcinfo
 *(.debug_srcinfo)

.debug_sfnames
 *(.debug_sfnames)

.debug_aranges  0x00000000      0x858
 *(.debug_aranges)
 .debug_aranges
                0x00000000      0x270 Component_Drivers/nrf24l01p/nrf24l01p.o
 .debug_aranges
                0x00000270       0x18 Component_Drivers/ssd1306/font.o
 .debug_aranges
                0x00000288       0x20 Descriptors.o
 .debug_aranges
                0x000002a8      0x168 main.o
 .debug_aranges
                0x00000410       0x40 XMEGA_API/DIGITALPIN.o
 .debug_aranges
                0x00000450      0x120 XMEGA_API/USART.o
 .debug_aranges
                0x00000570       0x68 XMEGA_DRIVERS/clksys_driver.o
 .debug_aranges
                0x000005d8       0x30 XMEGA_DRIVERS/LUFA/Drivers/USB/Class/Device/HIDClassDevice.o
 .debug_aranges
                0x00000608       0x20 XMEGA_DRIVERS/LUFA/Drivers/USB/Core/DeviceStandardReq.o
 .debug_aranges
                0x00000628       0x20 XMEGA_DRIVERS/LUFA/Drivers/USB/Core/Events.o
 .debug_aranges
                0x00000648       0x20 XMEGA_DRIVERS/LUFA/Drivers/USB/Core/USBTask.o
 .debug_aranges
                0x00000668       0xc8 XMEGA_DRIVERS/LUFA/Drivers/USB/Core/XMEGA/EndpointStream_XMEGA.o
 .debug_aranges
                0x00000730       0x90 XMEGA_DRIVERS/LUFA/Drivers/USB/Core/XMEGA/Endpoint_XMEGA.o
 .debug_aranges
                0x000007c0       0x30 XMEGA_DRIVERS/LUFA/Drivers/USB/Core/XMEGA/USBController_XMEGA.o
 .debug_aranges
                0x000007f0       0x30 XMEGA_DRIVERS/LUFA/Drivers/USB/Core/XMEGA/USBInterrupt_XMEGA.o
 .debug_aranges
                0x00000820       0x38 XMEGA_SERVICES/RTCServices.o

.debug_pubnames
 *(.debug_pubnames)

.debug_info     0x00000000     0xdfa5
 *(.debug_info .gnu.linkonce.wi.*)
 .debug_info    0x00000000     0x277d Component_Drivers/nrf24l01p/nrf24l01p.o
 .debug_info    0x0000277d      0x7ec Component_Drivers/ssd1306/font.o
 .debug_info    0x00002f69      0x8f9 Descriptors.o
 .debug_info    0x00003862     0x2e9e main.o
 .debug_info    0x00006700      0x49f XMEGA_API/DIGITALPIN.o
 .debug_info    0x00006b9f      0x9bf XMEGA_API/USART.o
 .debug_info    0x0000755e      0x645 XMEGA_DRIVERS/clksys_driver.o
 .debug_info    0x00007ba3      0xf9f XMEGA_DRIVERS/LUFA/Drivers/USB/Class/Device/HIDClassDevice.o
 .debug_info    0x00008b42     0x11b5 XMEGA_DRIVERS/LUFA/Drivers/USB/Core/DeviceStandardReq.o
 .debug_info    0x00009cf7       0x7f XMEGA_DRIVERS/LUFA/Drivers/USB/Core/Events.o
 .debug_info    0x00009d76      0x433 XMEGA_DRIVERS/LUFA/Drivers/USB/Core/USBTask.o
 .debug_info    0x0000a1a9     0x17bd XMEGA_DRIVERS/LUFA/Drivers/USB/Core/XMEGA/EndpointStream_XMEGA.o
 .debug_info    0x0000b966      0xd1b XMEGA_DRIVERS/LUFA/Drivers/USB/Core/XMEGA/Endpoint_XMEGA.o
 .debug_info    0x0000c681      0xd54 XMEGA_DRIVERS/LUFA/Drivers/USB/Core/XMEGA/USBController_XMEGA.o
 .debug_info    0x0000d3d5      0xa72 XMEGA_DRIVERS/LUFA/Drivers/USB/Core/XMEGA/USBInterrupt_XMEGA.o
 .debug_info    0x0000de47      0x15e XMEGA_SERVICES/RTCServices.o

.debug_abbrev   0x00000000     0x2501
 *(.debug_abbrev)
 .debug_abbrev  0x00000000      0x416 Component_Drivers/nrf24l01p/nrf24l01p.o
 .debug_abbrev  0x00000416       0x70 Component_Drivers/ssd1306/font.o
 .debug_abbrev  0x00000486      0x1bb Descriptors.o
 .debug_abbrev  0x00000641      0x62d main.o
 .debug_abbrev  0x00000c6e      0x161 XMEGA_API/DIGITALPIN.o
 .debug_abbrev  0x00000dcf      0x14e XMEGA_API/USART.o
 .debug_abbrev  0x00000f1d      0x1c8 XMEGA_DRIVERS/clksys_driver.o
 .debug_abbrev  0x000010e5      0x2c3 XMEGA_DRIVERS/LUFA/Drivers/USB/Class/Device/HIDClassDevice.o
 .debug_abbrev  0x000013a8      0x377 XMEGA_DRIVERS/LUFA/Drivers/USB/Core/DeviceStandardReq.o
 .debug_abbrev  0x0000171f       0x44 XMEGA_DRIVERS/LUFA/Drivers/USB/Core/Events.o
 .debug_abbrev  0x00001763      0x21a XMEGA_DRIVERS/LUFA/Drivers/USB/Core/USBTask.o
 .debug_abbrev  0x0000197d      0x274 XMEGA_DRIVERS/LUFA/Drivers/USB/Core/XMEGA/EndpointStream_XMEGA.o
 .debug_abbrev  0x00001bf1      0x2f2 XMEGA_DRIVERS/LUFA/Drivers/USB/Core/XMEGA/Endpoint_XMEGA.o
 .debug_abbrev  0x00001ee3      0x2e9 XMEGA_DRIVERS/LUFA/Drivers/USB/Core/XMEGA/USBController_XMEGA.o
 .debug_abbrev  0x000021cc      0x266 XMEGA_DRIVERS/LUFA/Drivers/USB/Core/XMEGA/USBInterrupt_XMEGA.o
 .debug_abbrev  0x00002432       0xcf XMEGA_SERVICES/RTCServices.o

.debug_line     0x00000000     0x3db6
 *(.debug_line .debug_line.* .debug_line_end)
 .debug_line    0x00000000      0x957 Component_Drivers/nrf24l01p/nrf24l01p.o
 .debug_line    0x00000957       0xa3 Component_Drivers/ssd1306/font.o
 .debug_line    0x000009fa      0x2b4 Descriptors.o
 .debug_line    0x00000cae      0xa7d main.o
 .debug_line    0x0000172b      0x18b XMEGA_API/DIGITALPIN.o
 .debug_line    0x000018b6      0x38a XMEGA_API/USART.o
 .debug_line    0x00001c40      0x1cc XMEGA_DRIVERS/clksys_driver.o
 .debug_line    0x00001e0c      0x472 XMEGA_DRIVERS/LUFA/Drivers/USB/Class/Device/HIDClassDevice.o
 .debug_line    0x0000227e      0x356 XMEGA_DRIVERS/LUFA/Drivers/USB/Core/DeviceStandardReq.o
 .debug_line    0x000025d4       0x5c XMEGA_DRIVERS/LUFA/Drivers/USB/Core/Events.o
 .debug_line    0x00002630      0x1e5 XMEGA_DRIVERS/LUFA/Drivers/USB/Core/USBTask.o
 .debug_line    0x00002815      0x8fd XMEGA_DRIVERS/LUFA/Drivers/USB/Core/XMEGA/EndpointStream_XMEGA.o
 .debug_line    0x00003112      0x4b9 XMEGA_DRIVERS/LUFA/Drivers/USB/Core/XMEGA/Endpoint_XMEGA.o
 .debug_line    0x000035cb      0x33f XMEGA_DRIVERS/LUFA/Drivers/USB/Core/XMEGA/USBController_XMEGA.o
 .debug_line    0x0000390a      0x35b XMEGA_DRIVERS/LUFA/Drivers/USB/Core/XMEGA/USBInterrupt_XMEGA.o
 .debug_line    0x00003c65      0x151 XMEGA_SERVICES/RTCServices.o

.debug_frame    0x00000000     0x1b0c
 *(.debug_frame)
 .debug_frame   0x00000000      0x988 Component_Drivers/nrf24l01p/nrf24l01p.o
 .debug_frame   0x00000988       0x24 Descriptors.o
 .debug_frame   0x000009ac      0x448 main.o
 .debug_frame   0x00000df4       0x6c XMEGA_API/DIGITALPIN.o
 .debug_frame   0x00000e60      0x2dc XMEGA_API/USART.o
 .debug_frame   0x0000113c       0xdc XMEGA_DRIVERS/clksys_driver.o
 .debug_frame   0x00001218       0xec XMEGA_DRIVERS/LUFA/Drivers/USB/Class/Device/HIDClassDevice.o
 .debug_frame   0x00001304       0x48 XMEGA_DRIVERS/LUFA/Drivers/USB/Core/DeviceStandardReq.o
 .debug_frame   0x0000134c       0x24 XMEGA_DRIVERS/LUFA/Drivers/USB/Core/Events.o
 .debug_frame   0x00001370       0x2c XMEGA_DRIVERS/LUFA/Drivers/USB/Core/USBTask.o
 .debug_frame   0x0000139c      0x488 XMEGA_DRIVERS/LUFA/Drivers/USB/Core/XMEGA/EndpointStream_XMEGA.o
 .debug_frame   0x00001824      0x164 XMEGA_DRIVERS/LUFA/Drivers/USB/Core/XMEGA/Endpoint_XMEGA.o
 .debug_frame   0x00001988       0x5c XMEGA_DRIVERS/LUFA/Drivers/USB/Core/XMEGA/USBController_XMEGA.o
 .debug_frame   0x000019e4       0x8c XMEGA_DRIVERS/LUFA/Drivers/USB/Core/XMEGA/USBInterrupt_XMEGA.o
 .debug_frame   0x00001a70       0x9c XMEGA_SERVICES/RTCServices.o

.debug_str      0x00000000     0x5071
 *(.debug_str)
 .debug_str     0x00000000      0xfb9 Component_Drivers/nrf24l01p/nrf24l01p.o
                               0x1087 (size before relaxing)
 .debug_str     0x00000fb9      0x4a7 Component_Drivers/ssd1306/font.o
                                0x611 (size before relaxing)
 .debug_str     0x00001460      0x845 Descriptors.o
                                0xa3a (size before relaxing)
 .debug_str     0x00001ca5     0x16c8 main.o
                               0x1d23 (size before relaxing)
 .debug_str     0x0000336d      0x1aa XMEGA_API/DIGITALPIN.o
                                0x4b6 (size before relaxing)
 .debug_str     0x00003517      0x322 XMEGA_API/USART.o
                                0x8c3 (size before relaxing)
 .debug_str     0x00003839      0x461 XMEGA_DRIVERS/clksys_driver.o
                                0x7d0 (size before relaxing)
 .debug_str     0x00003c9a      0x3c2 XMEGA_DRIVERS/LUFA/Drivers/USB/Class/Device/HIDClassDevice.o
                                0xb38 (size before relaxing)
 .debug_str     0x0000405c      0x481 XMEGA_DRIVERS/LUFA/Drivers/USB/Core/DeviceStandardReq.o
                               0x11f3 (size before relaxing)
 .debug_str     0x000044dd       0x3f XMEGA_DRIVERS/LUFA/Drivers/USB/Core/Events.o
                                0x1a1 (size before relaxing)
 .debug_str     0x0000451c       0x7b XMEGA_DRIVERS/LUFA/Drivers/USB/Core/USBTask.o
                                0x46d (size before relaxing)
 .debug_str     0x00004597      0x499 XMEGA_DRIVERS/LUFA/Drivers/USB/Core/XMEGA/EndpointStream_XMEGA.o
                                0x982 (size before relaxing)
 .debug_str     0x00004a30      0x286 XMEGA_DRIVERS/LUFA/Drivers/USB/Core/XMEGA/Endpoint_XMEGA.o
                                0xaf3 (size before relaxing)
 .debug_str     0x00004cb6      0x1fd XMEGA_DRIVERS/LUFA/Drivers/USB/Core/XMEGA/USBController_XMEGA.o
                                0xea1 (size before relaxing)
 .debug_str     0x00004eb3       0x9a XMEGA_DRIVERS/LUFA/Drivers/USB/Core/XMEGA/USBInterrupt_XMEGA.o
                                0x954 (size before relaxing)
 .debug_str     0x00004f4d      0x124 XMEGA_SERVICES/RTCServices.o
                                0x2b9 (size before relaxing)

.debug_loc      0x00000000     0x7af7
 *(.debug_loc)
 .debug_loc     0x00000000     0x22e9 Component_Drivers/nrf24l01p/nrf24l01p.o
 .debug_loc     0x000022e9      0x2d3 Descriptors.o
 .debug_loc     0x000025bc     0x17d2 main.o
 .debug_loc     0x00003d8e      0x132 XMEGA_API/DIGITALPIN.o
 .debug_loc     0x00003ec0      0x6ea XMEGA_API/USART.o
 .debug_loc     0x000045aa      0x2b6 XMEGA_DRIVERS/clksys_driver.o
 .debug_loc     0x00004860      0x3d6 XMEGA_DRIVERS/LUFA/Drivers/USB/Class/Device/HIDClassDevice.o
 .debug_loc     0x00004c36      0x2b6 XMEGA_DRIVERS/LUFA/Drivers/USB/Core/DeviceStandardReq.o
 .debug_loc     0x00004eec       0x22 XMEGA_DRIVERS/LUFA/Drivers/USB/Core/USBTask.o
 .debug_loc     0x00004f0e     0x22ba XMEGA_DRIVERS/LUFA/Drivers/USB/Core/XMEGA/EndpointStream_XMEGA.o
 .debug_loc     0x000071c8      0x5be XMEGA_DRIVERS/LUFA/Drivers/USB/Core/XMEGA/Endpoint_XMEGA.o
 .debug_loc     0x00007786       0xa3 XMEGA_DRIVERS/LUFA/Drivers/USB/Core/XMEGA/USBController_XMEGA.o
 .debug_loc     0x00007829      0x194 XMEGA_DRIVERS/LUFA/Drivers/USB/Core/XMEGA/USBInterrupt_XMEGA.o
 .debug_loc     0x000079bd      0x13a XMEGA_SERVICES/RTCServices.o

.debug_macinfo
 *(.debug_macinfo)

.debug_weaknames
 *(.debug_weaknames)

.debug_funcnames
 *(.debug_funcnames)

.debug_typenames
 *(.debug_typenames)

.debug_varnames
 *(.debug_varnames)

.debug_pubtypes
 *(.debug_pubtypes)

.debug_ranges   0x00000000      0xab8
 *(.debug_ranges)
 .debug_ranges  0x00000000      0x2a0 Component_Drivers/nrf24l01p/nrf24l01p.o
 .debug_ranges  0x000002a0       0x10 Descriptors.o
 .debug_ranges  0x000002b0      0x170 main.o
 .debug_ranges  0x00000420       0x30 XMEGA_API/DIGITALPIN.o
 .debug_ranges  0x00000450      0x110 XMEGA_API/USART.o
 .debug_ranges  0x00000560       0x58 XMEGA_DRIVERS/clksys_driver.o
 .debug_ranges  0x000005b8       0x20 XMEGA_DRIVERS/LUFA/Drivers/USB/Class/Device/HIDClassDevice.o
 .debug_ranges  0x000005d8       0x58 XMEGA_DRIVERS/LUFA/Drivers/USB/Core/DeviceStandardReq.o
 .debug_ranges  0x00000630       0x10 XMEGA_DRIVERS/LUFA/Drivers/USB/Core/Events.o
 .debug_ranges  0x00000640       0x10 XMEGA_DRIVERS/LUFA/Drivers/USB/Core/USBTask.o
 .debug_ranges  0x00000650      0x348 XMEGA_DRIVERS/LUFA/Drivers/USB/Core/XMEGA/EndpointStream_XMEGA.o
 .debug_ranges  0x00000998       0xb8 XMEGA_DRIVERS/LUFA/Drivers/USB/Core/XMEGA/Endpoint_XMEGA.o
 .debug_ranges  0x00000a50       0x20 XMEGA_DRIVERS/LUFA/Drivers/USB/Core/XMEGA/USBController_XMEGA.o
 .debug_ranges  0x00000a70       0x20 XMEGA_DRIVERS/LUFA/Drivers/USB/Core/XMEGA/USBInterrupt_XMEGA.o
 .debug_ranges  0x00000a90       0x28 XMEGA_SERVICES/RTCServices.o

.debug_macro
 *(.debug_macro)
OUTPUT(penguin.elf elf32-avr)
LOAD linker stubs
