Archive member included to satisfy reference by file (symbol)

c:/program files (x86)/atmel/studio/7.0/toolchain/avr8/avr8-gnu-toolchain/bin/../lib/gcc/avr/4.9.2/avrxmega6\libgcc.a(_udivmodsi4.o)
                              main.o (__udivmodsi4)
c:/program files (x86)/atmel/studio/7.0/toolchain/avr8/avr8-gnu-toolchain/bin/../lib/gcc/avr/4.9.2/avrxmega6\libgcc.a(_exit.o)
                              C:/Program Files (x86)/Atmel/Studio/7.0/Packs/atmel/XMEGAC_DFP/1.0.29/gcc/dev/atxmega384c3/avrxmega6/crtatxmega384c3.o (exit)
c:/program files (x86)/atmel/studio/7.0/toolchain/avr8/avr8-gnu-toolchain/bin/../lib/gcc/avr/4.9.2/avrxmega6\libgcc.a(_tablejump2.o)
                              JSON/jsmn.o (__tablejump2__)
c:/program files (x86)/atmel/studio/7.0/toolchain/avr8/avr8-gnu-toolchain/bin/../lib/gcc/avr/4.9.2/avrxmega6\libgcc.a(_copy_data.o)
                              Component_Drivers/nrf24l01p/nrf24l01p.o (__do_copy_data)
c:/program files (x86)/atmel/studio/7.0/toolchain/avr8/avr8-gnu-toolchain/bin/../lib/gcc/avr/4.9.2/avrxmega6\libgcc.a(_clear_bss.o)
                              Component_Drivers/nrf24l01p/nrf24l01p.o (__do_clear_bss)
c:/program files (x86)/atmel/studio/7.0/toolchain/avr8/avr8-gnu-toolchain/bin/../lib/gcc/avr/4.9.2/avrxmega6\libgcc.a(_muluhisi3.o)
                              XMEGA_SERVICES/time.o (__muluhisi3)
c:/program files (x86)/atmel/studio/7.0/toolchain/avr8/avr8-gnu-toolchain/bin/../lib/gcc/avr/4.9.2/avrxmega6\libgcc.a(_mulshisi3.o)
                              main.o (__mulshisi3)
c:/program files (x86)/atmel/studio/7.0/toolchain/avr8/avr8-gnu-toolchain/bin/../lib/gcc/avr/4.9.2/avrxmega6\libgcc.a(_ashrdi3.o)
                              Component_Drivers/nrf24l01p/nrf24l01p.o (__lshrdi3)
c:/program files (x86)/atmel/studio/7.0/toolchain/avr8/avr8-gnu-toolchain/bin/../lib/gcc/avr/4.9.2/avrxmega6\libgcc.a(_adddi3_s8.o)
                              main.o (__adddi3_s8)
c:/program files (x86)/atmel/studio/7.0/toolchain/avr8/avr8-gnu-toolchain/bin/../lib/gcc/avr/4.9.2/avrxmega6\libgcc.a(_cmpdi2.o)
                              main.o (__cmpdi2)
c:/program files (x86)/atmel/studio/7.0/toolchain/avr8/avr8-gnu-toolchain/bin/../lib/gcc/avr/4.9.2/avrxmega6\libgcc.a(_umulhisi3.o)
                              c:/program files (x86)/atmel/studio/7.0/toolchain/avr8/avr8-gnu-toolchain/bin/../lib/gcc/avr/4.9.2/avrxmega6\libgcc.a(_muluhisi3.o) (__umulhisi3)
c:/program files (x86)/atmel/studio/7.0/toolchain/avr8/avr8-gnu-toolchain/bin/../lib/gcc/avr/4.9.2/../../../../avr/lib/avrxmega6\libc.a(memcpy_P.o)
                              XMEGA_DRIVERS/LUFA/Drivers/USB/Class/Device/RNDISClassDevice.o (memcpy_P)
c:/program files (x86)/atmel/studio/7.0/toolchain/avr8/avr8-gnu-toolchain/bin/../lib/gcc/avr/4.9.2/../../../../avr/lib/avrxmega6\libc.a(strlen_P.o)
                              XMEGA_DRIVERS/LUFA/Drivers/USB/Class/Device/CDCClassDevice.o (__strlen_P)
c:/program files (x86)/atmel/studio/7.0/toolchain/avr8/avr8-gnu-toolchain/bin/../lib/gcc/avr/4.9.2/../../../../avr/lib/avrxmega6\libc.a(memcmp.o)
                              XMEGA_DRIVERS/LUFA/Drivers/USB/Class/Device/HIDClassDevice.o (memcmp)
c:/program files (x86)/atmel/studio/7.0/toolchain/avr8/avr8-gnu-toolchain/bin/../lib/gcc/avr/4.9.2/../../../../avr/lib/avrxmega6\libc.a(memcpy.o)
                              FreeRTOS/queue.o (memcpy)
c:/program files (x86)/atmel/studio/7.0/toolchain/avr8/avr8-gnu-toolchain/bin/../lib/gcc/avr/4.9.2/../../../../avr/lib/avrxmega6\libc.a(memset.o)
                              FreeRTOS/tasks.o (memset)
c:/program files (x86)/atmel/studio/7.0/toolchain/avr8/avr8-gnu-toolchain/bin/../lib/gcc/avr/4.9.2/../../../../avr/lib/avrxmega6\libc.a(fwrite.o)
                              main.o (fwrite)
c:/program files (x86)/atmel/studio/7.0/toolchain/avr8/avr8-gnu-toolchain/bin/../lib/gcc/avr/4.9.2/../../../../avr/lib/avrxmega6\libc.a(iob.o)
                              XMEGA_DRIVERS/LUFA/Drivers/Peripheral/XMEGA/Serial_XMEGA.o (__iob)
c:/program files (x86)/atmel/studio/7.0/toolchain/avr8/avr8-gnu-toolchain/bin/../lib/gcc/avr/4.9.2/../../../../avr/lib/avrxmega6\libc.a(sprintf.o)
                              XMEGA_SERVICES/time.o (sprintf)
c:/program files (x86)/atmel/studio/7.0/toolchain/avr8/avr8-gnu-toolchain/bin/../lib/gcc/avr/4.9.2/../../../../avr/lib/avrxmega6\libc.a(vfprintf_std.o)
                              c:/program files (x86)/atmel/studio/7.0/toolchain/avr8/avr8-gnu-toolchain/bin/../lib/gcc/avr/4.9.2/../../../../avr/lib/avrxmega6\libc.a(sprintf.o) (vfprintf)
c:/program files (x86)/atmel/studio/7.0/toolchain/avr8/avr8-gnu-toolchain/bin/../lib/gcc/avr/4.9.2/../../../../avr/lib/avrxmega6\libc.a(strnlen_P.o)
                              c:/program files (x86)/atmel/studio/7.0/toolchain/avr8/avr8-gnu-toolchain/bin/../lib/gcc/avr/4.9.2/../../../../avr/lib/avrxmega6\libc.a(vfprintf_std.o) (strnlen_P)
[...]
Memory Configuration

Name             Origin             Length             Attributes
text             0x00000000         0x00100000         xr
data             0x00802000         0x0000ffa0         rw !x
eeprom           0x00810000         0x00010000         rw !x
fuse             0x00820000         0x00000400         rw !x
lock             0x00830000         0x00000400         rw !x
signature        0x00840000         0x00000400         rw !x
user_signatures  0x00850000         0x00000400         rw !x
*default*        0x00000000         0xffffffff

Linker script and memory map

LOAD C:/Program Files (x86)/Atmel/Studio/7.0/Packs/atmel/XMEGAC_DFP/1.0.29/gcc/dev/atxmega384c3/avrxmega6/crtatxmega384c3.o
LOAD Component_Drivers/nrf24l01p/nrf24l01p.o
LOAD Component_Drivers/ssd1306/font.o
LOAD Descriptors.o
LOAD FreeRTOS/croutine.o
LOAD FreeRTOS/event_groups.o
LOAD FreeRTOS/include/portable/GCC/ATMega323/port.o
LOAD FreeRTOS/include/portable/MemMang/heap_1.o
LOAD FreeRTOS/list.o
LOAD FreeRTOS/queue.o
LOAD FreeRTOS/tasks.o
LOAD FreeRTOS/timers.o
LOAD JSON/jsmn.o
LOAD main.o
LOAD XMEGA_API/DIGITALPIN.o
LOAD XMEGA_API/USART.o
LOAD XMEGA_DRIVERS/adc_driver.o
LOAD XMEGA_DRIVERS/clksys_driver.o
LOAD XMEGA_DRIVERS/dma_driver.o
LOAD XMEGA_DRIVERS/eeprom_driver.o
LOAD XMEGA_DRIVERS/IR_driver.o
LOAD XMEGA_DRIVERS/LUFA/Drivers/Board/Temperature.o
LOAD XMEGA_DRIVERS/LUFA/Drivers/Peripheral/AVR8/Serial_AVR8.o
LOAD XMEGA_DRIVERS/LUFA/Drivers/Peripheral/AVR8/TWI_AVR8.o
LOAD XMEGA_DRIVERS/LUFA/Drivers/Peripheral/XMEGA/Serial_XMEGA.o
LOAD XMEGA_DRIVERS/LUFA/Drivers/Peripheral/XMEGA/TWI_XMEGA.o
LOAD XMEGA_DRIVERS/LUFA/Drivers/USB/Class/Common/HIDParser.o
LOAD XMEGA_DRIVERS/LUFA/Drivers/USB/Class/Device/AudioClassDevice.o
LOAD XMEGA_DRIVERS/LUFA/Drivers/USB/Class/Device/CDCClassDevice.o
LOAD XMEGA_DRIVERS/LUFA/Drivers/USB/Class/Device/HIDClassDevice.o
LOAD XMEGA_DRIVERS/LUFA/Drivers/USB/Class/Device/MassStorageClassDevice.o
LOAD XMEGA_DRIVERS/LUFA/Drivers/USB/Class/Device/MIDIClassDevice.o
LOAD XMEGA_DRIVERS/LUFA/Drivers/USB/Class/Device/PrinterClassDevice.o
LOAD XMEGA_DRIVERS/LUFA/Drivers/USB/Class/Device/RNDISClassDevice.o
LOAD XMEGA_DRIVERS/LUFA/Drivers/USB/Class/Host/AndroidAccessoryClassHost.o
LOAD XMEGA_DRIVERS/LUFA/Drivers/USB/Class/Host/AudioClassHost.o
LOAD XMEGA_DRIVERS/LUFA/Drivers/USB/Class/Host/CDCClassHost.o
LOAD XMEGA_DRIVERS/LUFA/Drivers/USB/Class/Host/HIDClassHost.o
LOAD XMEGA_DRIVERS/LUFA/Drivers/USB/Class/Host/MassStorageClassHost.o
LOAD XMEGA_DRIVERS/LUFA/Drivers/USB/Class/Host/MIDIClassHost.o
LOAD XMEGA_DRIVERS/LUFA/Drivers/USB/Class/Host/PrinterClassHost.o
LOAD XMEGA_DRIVERS/LUFA/Drivers/USB/Class/Host/RNDISClassHost.o
LOAD XMEGA_DRIVERS/LUFA/Drivers/USB/Class/Host/StillImageClassHost.o
LOAD XMEGA_DRIVERS/LUFA/Drivers/USB/Core/AVR8/Device_AVR8.o
LOAD XMEGA_DRIVERS/LUFA/Drivers/USB/Core/AVR8/EndpointStream_AVR8.o
LOAD XMEGA_DRIVERS/LUFA/Drivers/USB/Core/AVR8/Endpoint_AVR8.o
LOAD XMEGA_DRIVERS/LUFA/Drivers/USB/Core/AVR8/Host_AVR8.o
LOAD XMEGA_DRIVERS/LUFA/Drivers/USB/Core/AVR8/PipeStream_AVR8.o
LOAD XMEGA_DRIVERS/LUFA/Drivers/USB/Core/AVR8/Pipe_AVR8.o
LOAD XMEGA_DRIVERS/LUFA/Drivers/USB/Core/AVR8/Template/Template_Endpoint_Control_R.o
LOAD XMEGA_DRIVERS/LUFA/Drivers/USB/Core/AVR8/Template/Template_Endpoint_Control_W.o
LOAD XMEGA_DRIVERS/LUFA/Drivers/USB/Core/AVR8/Template/Template_Endpoint_RW.o
LOAD XMEGA_DRIVERS/LUFA/Drivers/USB/Core/AVR8/Template/Template_Pipe_RW.o
LOAD XMEGA_DRIVERS/LUFA/Drivers/USB/Core/AVR8/USBController_AVR8.o
LOAD XMEGA_DRIVERS/LUFA/Drivers/USB/Core/AVR8/USBInterrupt_AVR8.o
LOAD XMEGA_DRIVERS/LUFA/Drivers/USB/Core/ConfigDescriptors.o
LOAD XMEGA_DRIVERS/LUFA/Drivers/USB/Core/DeviceStandardReq.o
LOAD XMEGA_DRIVERS/LUFA/Drivers/USB/Core/Events.o
LOAD XMEGA_DRIVERS/LUFA/Drivers/USB/Core/HostStandardReq.o
LOAD XMEGA_DRIVERS/LUFA/Drivers/USB/Core/UC3/Device_UC3.o
LOAD XMEGA_DRIVERS/LUFA/Drivers/USB/Core/UC3/EndpointStream_UC3.o
LOAD XMEGA_DRIVERS/LUFA/Drivers/USB/Core/UC3/Endpoint_UC3.o
LOAD XMEGA_DRIVERS/LUFA/Drivers/USB/Core/UC3/Host_UC3.o
LOAD XMEGA_DRIVERS/LUFA/Drivers/USB/Core/UC3/PipeStream_UC3.o
LOAD XMEGA_DRIVERS/LUFA/Drivers/USB/Core/UC3/Pipe_UC3.o
LOAD XMEGA_DRIVERS/LUFA/Drivers/USB/Core/UC3/Template/Template_Endpoint_Control_R.o
LOAD XMEGA_DRIVERS/LUFA/Drivers/USB/Core/UC3/Template/Template_Endpoint_Control_W.o
LOAD XMEGA_DRIVERS/LUFA/Drivers/USB/Core/UC3/Template/Template_Endpoint_RW.o
LOAD XMEGA_DRIVERS/LUFA/Drivers/USB/Core/UC3/Template/Template_Pipe_RW.o
LOAD XMEGA_DRIVERS/LUFA/Drivers/USB/Core/UC3/USBController_UC3.o
LOAD XMEGA_DRIVERS/LUFA/Drivers/USB/Core/UC3/USBInterrupt_UC3.o
LOAD XMEGA_DRIVERS/LUFA/Drivers/USB/Core/USBTask.o
LOAD XMEGA_DRIVERS/LUFA/Drivers/USB/Core/XMEGA/Device_XMEGA.o
LOAD XMEGA_DRIVERS/LUFA/Drivers/USB/Core/XMEGA/EndpointStream_XMEGA.o
LOAD XMEGA_DRIVERS/LUFA/Drivers/USB/Core/XMEGA/Endpoint_XMEGA.o
LOAD XMEGA_DRIVERS/LUFA/Drivers/USB/Core/XMEGA/Host_XMEGA.o
LOAD XMEGA_DRIVERS/LUFA/Drivers/USB/Core/XMEGA/PipeStream_XMEGA.o
LOAD XMEGA_DRIVERS/LUFA/Drivers/USB/Core/XMEGA/Pipe_XMEGA.o
LOAD XMEGA_DRIVERS/LUFA/Drivers/USB/Core/XMEGA/Template/Template_Endpoint_Control_R.o
LOAD XMEGA_DRIVERS/LUFA/Drivers/USB/Core/XMEGA/Template/Template_Endpoint_Control_W.o
LOAD XMEGA_DRIVERS/LUFA/Drivers/USB/Core/XMEGA/Template/Template_Endpoint_RW.o
LOAD XMEGA_DRIVERS/LUFA/Drivers/USB/Core/XMEGA/USBController_XMEGA.o
LOAD XMEGA_DRIVERS/LUFA/Drivers/USB/Core/XMEGA/USBInterrupt_XMEGA.o
LOAD XMEGA_DRIVERS/LUFA/Platform/UC3/Exception.o
LOAD XMEGA_DRIVERS/LUFA/Platform/UC3/InterruptManagement.o
LOAD XMEGA_DRIVERS/pmic_driver.o
LOAD XMEGA_DRIVERS/port_driver.o
LOAD XMEGA_DRIVERS/rtc_driver.o
LOAD XMEGA_DRIVERS/spi_driver.o
LOAD XMEGA_DRIVERS/TC_driver.o
LOAD XMEGA_DRIVERS/twi_master_driver.o
LOAD XMEGA_DRIVERS/twi_slave_driver.o
LOAD XMEGA_DRIVERS/usart_driver.o
LOAD XMEGA_DRIVERS/wdt_driver.o
LOAD XMEGA_SERVICES/rtcServices.o
LOAD XMEGA_SERVICES/time.o
START GROUP
LOAD c:/program files (x86)/atmel/studio/7.0/toolchain/avr8/avr8-gnu-toolchain/bin/../lib/gcc/avr/4.9.2/../../../../avr/lib/avrxmega6\libm.a
END GROUP
START GROUP
LOAD c:/program files (x86)/atmel/studio/7.0/toolchain/avr8/avr8-gnu-toolchain/bin/../lib/gcc/avr/4.9.2/avrxmega6\libgcc.a
LOAD c:/program files (x86)/atmel/studio/7.0/toolchain/avr8/avr8-gnu-toolchain/bin/../lib/gcc/avr/4.9.2/../../../../avr/lib/avrxmega6\libm.a
LOAD c:/program files (x86)/atmel/studio/7.0/toolchain/avr8/avr8-gnu-toolchain/bin/../lib/gcc/avr/4.9.2/../../../../avr/lib/avrxmega6\libc.a
LOAD C:/Program Files (x86)/Atmel/Studio/7.0/Packs/atmel/XMEGAC_DFP/1.0.29/gcc/dev/atxmega384c3/avrxmega6\libatxmega384c3.a
END GROUP
                0x00100000                __TEXT_REGION_LENGTH__ = DEFINED (__TEXT_REGION_LENGTH__)?__TEXT_REGION_LENGTH__:0x100000
                0x0000ffa0                __DATA_REGION_LENGTH__ = DEFINED (__DATA_REGION_LENGTH__)?__DATA_REGION_LENGTH__:0xffa0
                0x00010000                __EEPROM_REGION_LENGTH__ = DEFINED (__EEPROM_REGION_LENGTH__)?__EEPROM_REGION_LENGTH__:0x10000
                0x00000400                __FUSE_REGION_LENGTH__ = DEFINED (__FUSE_REGION_LENGTH__)?__FUSE_REGION_LENGTH__:0x400
                0x00000400                __LOCK_REGION_LENGTH__ = DEFINED (__LOCK_REGION_LENGTH__)?__LOCK_REGION_LENGTH__:0x400
                0x00000400                __SIGNATURE_REGION_LENGTH__ = DEFINED (__SIGNATURE_REGION_LENGTH__)?__SIGNATURE_REGION_LENGTH__:0x400
                0x00000400                __USER_SIGNATURE_REGION_LENGTH__ = DEFINED (__USER_SIGNATURE_REGION_LENGTH__)?__USER_SIGNATURE_REGION_LENGTH__:0x400

.hash
 *(.hash)

.dynsym
 *(.dynsym)

.dynstr
 *(.dynstr)

.gnu.version
 *(.gnu.version)

.gnu.version_d
 *(.gnu.version_d)

.gnu.version_r
 *(.gnu.version_r)

.rel.init
 *(.rel.init)

.rela.init
 *(.rela.init)

.rel.text
 *(.rel.text)
 *(.rel.text.*)
 *(.rel.gnu.linkonce.t*)

.rela.text
 *(.rela.text)
 *(.rela.text.*)
 *(.rela.gnu.linkonce.t*)

.rel.fini
 *(.rel.fini)

.rela.fini
 *(.rela.fini)

.rel.rodata
 *(.rel.rodata)
 *(.rel.rodata.*)
 *(.rel.gnu.linkonce.r*)

.rela.rodata
 *(.rela.rodata)
 *(.rela.rodata.*)
 *(.rela.gnu.linkonce.r*)

.rel.data
 *(.rel.data)
 *(.rel.data.*)
 *(.rel.gnu.linkonce.d*)

.rela.data
 *(.rela.data)
 *(.rela.data.*)
 *(.rela.gnu.linkonce.d*)

.rel.ctors
 *(.rel.ctors)

.rela.ctors
 *(.rela.ctors)

.rel.dtors
 *(.rel.dtors)

.rela.dtors
 *(.rela.dtors)

.rel.got
 *(.rel.got)

.rela.got
 *(.rela.got)

.rel.bss
 *(.rel.bss)

.rela.bss
 *(.rela.bss)

.rel.plt
 *(.rel.plt)

.rela.plt
 *(.rela.plt)

.text           0x00000000     0x27d6
 *(.vectors)
 .vectors       0x00000000      0x1fc C:/Program Files (x86)/Atmel/Studio/7.0/Packs/atmel/XMEGAC_DFP/1.0.29/gcc/dev/atxmega384c3/avrxmega6/crtatxmega384c3.o
                0x00000000                __vector_default
                0x00000000                __vectors
 *(.vectors)
 *(.progmem.gcc*)
 .progmem.gcc_sw_table.USB_Device_ProcessControlRequest
                0x000001fc       0x14 XMEGA_DRIVERS/LUFA/Drivers/USB/Core/DeviceStandardReq.o
                0x00000210                . = ALIGN (0x2)
                0x00000210                __trampolines_start = .
 *(.trampolines)
 .trampolines   0x00000210       0x34 linker stubs
 *(.trampolines*)
                0x00000244                __trampolines_end = .
 *(.progmem*)
 .progmem.data.ProductString
                0x00000244       0x1e Descriptors.o
                0x00000244                ProductString
 .progmem.data.ManufacturerString
                0x00000262       0x1a Descriptors.o
                0x00000262                ManufacturerString
 .progmem.data.LanguageString
                0x0000027c        0x4 Descriptors.o
                0x0000027c                LanguageString
 .progmem.data.ConfigurationDescriptor
                0x00000280       0x3e Descriptors.o
                0x00000280                ConfigurationDescriptor
 .progmem.data.DeviceDescriptor
                0x000002be       0x12 Descriptors.o
                0x000002be                DeviceDescriptor
                0x000002d0                . = ALIGN (0x2)
 *(.jumptables)
 *(.jumptables*)
 *(.lowtext)
 *(.lowtext*)
                0x000002d0                __ctors_start = .
 *(.ctors)
                0x000002d0                __ctors_end = .
                0x000002d0                __dtors_start = .
 *(.dtors)
                0x000002d0                __dtors_end = .
 SORT(*)(.ctors)
 SORT(*)(.dtors)
 *(.init0)
 .init0         0x000002d0        0x0 C:/Program Files (x86)/Atmel/Studio/7.0/Packs/atmel/XMEGAC_DFP/1.0.29/gcc/dev/atxmega384c3/avrxmega6/crtatxmega384c3.o
                0x000002d0                __init
 *(.init0)
 *(.init1)
 *(.init1)
 *(.init2)
 .init2         0x000002d0       0x10 C:/Program Files (x86)/Atmel/Studio/7.0/Packs/atmel/XMEGAC_DFP/1.0.29/gcc/dev/atxmega384c3/avrxmega6/crtatxmega384c3.o
 *(.init2)
 *(.init3)
 *(.init3)
 *(.init4)
 .init4         0x000002e0       0x1a c:/program files (x86)/atmel/studio/7.0/toolchain/avr8/avr8-gnu-toolchain/bin/../lib/gcc/avr/4.9.2/avrxmega6\libgcc.a(_copy_data.o)
                0x000002e0                __do_copy_data
 .init4         0x000002fa       0x10 c:/program files (x86)/atmel/studio/7.0/toolchain/avr8/avr8-gnu-toolchain/bin/../lib/gcc/avr/4.9.2/avrxmega6\libgcc.a(_clear_bss.o)
                0x000002fa                __do_clear_bss
 *(.init4)
 *(.init5)
 *(.init5)
 *(.init6)
 *(.init6)
 *(.init7)
 *(.init7)
 *(.init8)
 *(.init8)
 *(.init9)
 .init9         0x0000030a        0x8 C:/Program Files (x86)/Atmel/Studio/7.0/Packs/atmel/XMEGAC_DFP/1.0.29/gcc/dev/atxmega384c3/avrxmega6/crtatxmega384c3.o
 *(.init9)
 *(.text)
 .text          0x00000312        0x4 C:/Program Files (x86)/Atmel/Studio/7.0/Packs/atmel/XMEGAC_DFP/1.0.29/gcc/dev/atxmega384c3/avrxmega6/crtatxmega384c3.o
                0x00000312                __vector_38
                0x00000312                __vector_104
                0x00000312                __vector_22
                0x00000312                __vector_63
                0x00000312                __vector_67
                0x00000312                __vector_1
                0x00000312                __vector_119
                0x00000312                __vector_32
                0x00000312                __vector_75
                0x00000312                __vector_71
                0x00000312                __vector_91
                0x00000312                __vector_34
                0x00000312                __vector_62
                0x00000312                __vector_77
                0x00000312                __vector_102
                0x00000312                __vector_24
                0x00000312                __vector_12
                0x00000312                __vector_55
                0x00000312                __vector_69
                0x00000312                __vector_81
                0x00000312                __vector_46
                0x00000312                __bad_interrupt
                0x00000312                __vector_122
                0x00000312                __vector_72
                0x00000312                __vector_114
                0x00000312                __vector_6
                0x00000312                __vector_110
                0x00000312                __vector_31
                0x00000312                __vector_92
                0x00000312                __vector_35
                0x00000312                __vector_78
                0x00000312                __vector_74
                0x00000312                __vector_117
                0x00000312                __vector_39
                0x00000312                __vector_107
                0x00000312                __vector_3
                0x00000312                __vector_105
                0x00000312                __vector_98
                0x00000312                __vector_23
                0x00000312                __vector_68
                0x00000312                __vector_73
                0x00000312                __vector_45
                0x00000312                __vector_93
                0x00000312                __vector_61
                0x00000312                __vector_54
                0x00000312                __vector_99
                0x00000312                __vector_13
                0x00000312                __vector_17
                0x00000312                __vector_19
                0x00000312                __vector_56
                0x00000312                __vector_7
                0x00000312                __vector_49
                0x00000312                __vector_123
                0x00000312                __vector_41
                0x00000312                __vector_86
                0x00000312                __vector_100
                0x00000312                __vector_101
                0x00000312                __vector_64
                0x00000312                __vector_109
                0x00000312                __vector_43
                0x00000312                __vector_5
                0x00000312                __vector_113
                0x00000312                __vector_33
                0x00000312                __vector_76
                0x00000312                __vector_115
                0x00000312                __vector_47
                0x00000312                __vector_52
                0x00000312                __vector_37
                0x00000312                __vector_95
                0x00000312                __vector_103
                0x00000312                __vector_96
                0x00000312                __vector_108
                0x00000312                __vector_4
                0x00000312                __vector_44
                0x00000312                __vector_82
                0x00000312                __vector_106
                0x00000312                __vector_118
                0x00000312                __vector_51
                0x00000312                __vector_9
                0x00000312                __vector_2
                0x00000312                __vector_21
                0x00000312                __vector_15
                0x00000312                __vector_66
                0x00000312                __vector_36
                0x00000312                __vector_79
                0x00000312                __vector_70
                0x00000312                __vector_83
                0x00000312                __vector_121
                0x00000312                __vector_40
                0x00000312                __vector_85
                0x00000312                __vector_94
                0x00000312                __vector_126
                0x00000312                __vector_8
                0x00000312                __vector_48
                0x00000312                __vector_124
                0x00000312                __vector_116
                0x00000312                __vector_112
                0x00000312                __vector_111
                0x00000312                __vector_80
                0x00000312                __vector_84
                0x00000312                __vector_57
                0x00000312                __vector_53
                0x00000312                __vector_50
                0x00000312                __vector_16
                0x00000312                __vector_18
                0x00000312                __vector_97
                0x00000312                __vector_20
                0x00000312                __vector_42
                0x00000312                __vector_87
                0x00000312                __vector_65
                0x00000312                __vector_120
                0x00000316                . = ALIGN (0x2)
 *(.text.*)
 .text.CALLBACK_USB_GetDescriptor
                0x00000316       0x7a Descriptors.o
                0x00000316                CALLBACK_USB_GetDescriptor
 .text.pxPortInitialiseStack
                0x00000390       0xdc FreeRTOS/include/portable/GCC/ATMega323/port.o
                0x00000390                pxPortInitialiseStack
 .text.xPortStartScheduler
                0x0000046c       0x84 FreeRTOS/include/portable/GCC/ATMega323/port.o
                0x0000046c                xPortStartScheduler
 .text.vPortYield
                0x000004f0       0xb2 FreeRTOS/include/portable/GCC/ATMega323/port.o
                0x000004f0                vPortYield
 .text.vPortYieldFromTick
                0x000005a2       0xb8 FreeRTOS/include/portable/GCC/ATMega323/port.o
                0x000005a2                vPortYieldFromTick
 .text.__vector_14
                0x0000065a        0x6 FreeRTOS/include/portable/GCC/ATMega323/port.o
                0x0000065a                __vector_14
 .text.pvPortMalloc
                0x00000660       0x6a FreeRTOS/include/portable/MemMang/heap_1.o
                0x00000660                pvPortMalloc
 .text.vPortFree
                0x000006ca        0x2 FreeRTOS/include/portable/MemMang/heap_1.o
                0x000006ca                vPortFree
 .text.vListInitialise
                0x000006cc       0x1c FreeRTOS/list.o
                0x000006cc                vListInitialise
 .text.vListInitialiseItem
                0x000006e8        0x8 FreeRTOS/list.o
                0x000006e8                vListInitialiseItem
 .text.vListInsertEnd
                0x000006f0       0x42 FreeRTOS/list.o
                0x000006f0                vListInsertEnd
 .text.vListInsert
                0x00000732       0x62 FreeRTOS/list.o
                0x00000732                vListInsert
 .text.uxListRemove
                0x00000794       0x4c FreeRTOS/list.o
                0x00000794                uxListRemove
 .text.prvResetNextTaskUnblockTime
                0x000007e0       0x3e FreeRTOS/tasks.o
 .text.prvAddCurrentTaskToDelayedList
                0x0000081e       0x6e FreeRTOS/tasks.o
 .text.xTaskGenericCreate
                0x0000088c      0x226 FreeRTOS/tasks.o
                0x0000088c                xTaskGenericCreate
 .text.vTaskStartScheduler
                0x00000ab2       0x56 FreeRTOS/tasks.o
                0x00000ab2                vTaskStartScheduler
 .text.vTaskSuspendAll
                0x00000b08        0xc FreeRTOS/tasks.o
                0x00000b08                vTaskSuspendAll
 .text.xTaskIncrementTick
                0x00000b14      0x174 FreeRTOS/tasks.o
                0x00000b14                xTaskIncrementTick
 .text.xTaskResumeAll
                0x00000c88      0x104 FreeRTOS/tasks.o
                0x00000c88                xTaskResumeAll
 .text.vTaskDelay
                0x00000d8c       0x40 FreeRTOS/tasks.o
                0x00000d8c                vTaskDelay
 .text.prvIdleTask
                0x00000dcc       0x62 FreeRTOS/tasks.o
 .text.vTaskSwitchContext
                0x00000e2e       0xda FreeRTOS/tasks.o
                0x00000e2e                vTaskSwitchContext
 .text.USBThread
                0x00000f08       0x1e main.o
                0x00000f08                USBThread
 .text.thread_2
                0x00000f26       0x12 main.o
                0x00000f26                thread_2
 .text.thread_1
                0x00000f38       0x2e main.o
                0x00000f38                thread_1
 .text.usart_spi_transmit_receive
                0x00000f66       0x18 main.o
                0x00000f66                usart_spi_transmit_receive
 .text.ssd1306_write_command
                0x00000f7e       0x2c main.o
 .text.ssd1306_write_data
                0x00000faa       0x44 main.o
                0x00000faa                ssd1306_write_data
 .text.ssd1306_set_page_address
                0x00000fee        0xa main.o
                0x00000fee                ssd1306_set_page_address
 .text.ssd1306_set_column_address
                0x00000ff8       0x20 main.o
                0x00000ff8                ssd1306_set_column_address
 .text.usart_init_spi
                0x00001018       0x86 main.o
                0x00001018                usart_init_spi
 .text.ssd1306_init
                0x0000109e      0x10c main.o
                0x0000109e                ssd1306_init
 .text.ssd1306_write_text
                0x000011aa       0x68 main.o
                0x000011aa                ssd1306_write_text
 .text.gfx_mono_framebuffer_put_byte
                0x00001212       0x1c main.o
                0x00001212                gfx_mono_framebuffer_put_byte
 .text.gfx_mono_framebuffer_get_byte
                0x0000122e       0x1c main.o
                0x0000122e                gfx_mono_framebuffer_get_byte
 .text.gfx_mono_ssd1306_put_byte
                0x0000124a       0x3c main.o
                0x0000124a                gfx_mono_ssd1306_put_byte
 .text.SetupHardware
                0x00001286       0xc0 main.o
                0x00001286                SetupHardware
 .text.main     0x00001346      0x116 main.o
                0x00001346                main
 .text.EVENT_USB_Device_Connect
                0x0000145c       0x1a main.o
                0x0000145c                EVENT_USB_Device_Connect
 .text.EVENT_USB_Device_Disconnect
                0x00001476       0x18 main.o
                0x00001476                EVENT_USB_Device_Disconnect
 .text.EVENT_USB_Device_ConfigurationChanged
                0x0000148e       0x2e main.o
                0x0000148e                EVENT_USB_Device_ConfigurationChanged
 .text.EVENT_USB_Device_ControlRequest
                0x000014bc        0xa main.o
                0x000014bc                EVENT_USB_Device_ControlRequest
 .text.EVENT_CDC_Device_ControLineStateChanged
                0x000014c6        0x2 main.o
                0x000014c6                EVENT_CDC_Device_ControLineStateChanged
 .text.DigitalPin_SetDIr
                0x000014c8       0x24 XMEGA_API/DIGITALPIN.o
                0x000014c8                DigitalPin_SetDIr
 .text.DigitalPin_ToggleValue
                0x000014ec       0x20 XMEGA_API/DIGITALPIN.o
                0x000014ec                DigitalPin_ToggleValue
 .text.__vector_25
                0x0000150c       0x14 XMEGA_API/USART.o
                0x0000150c                __vector_25
 .text.__vector_27
                0x00001520       0x14 XMEGA_API/USART.o
                0x00001520                __vector_27
 .text.__vector_26
                0x00001534       0x14 XMEGA_API/USART.o
                0x00001534                __vector_26
 .text.__vector_28
                0x00001548       0x14 XMEGA_API/USART.o
                0x00001548                __vector_28
 .text.__vector_30
                0x0000155c       0x14 XMEGA_API/USART.o
                0x0000155c                __vector_30
 .text.__vector_29
                0x00001570       0x14 XMEGA_API/USART.o
                0x00001570                __vector_29
 .text.__vector_88
                0x00001584       0x14 XMEGA_API/USART.o
                0x00001584                __vector_88
 .text.__vector_90
                0x00001598       0x14 XMEGA_API/USART.o
                0x00001598                __vector_90
 .text.__vector_89
                0x000015ac       0x14 XMEGA_API/USART.o
                0x000015ac                __vector_89
 .text.__vector_58
                0x000015c0       0x14 XMEGA_API/USART.o
                0x000015c0                __vector_58
 .text.__vector_60
                0x000015d4       0x14 XMEGA_API/USART.o
                0x000015d4                __vector_60
 .text.__vector_59
                0x000015e8       0x14 XMEGA_API/USART.o
                0x000015e8                __vector_59
 .text.CCPWrite
                0x000015fc       0x2a XMEGA_DRIVERS/clksys_driver.o
                0x000015fc                CCPWrite
 .text.CLKSYS_Disable
                0x00001626       0x14 XMEGA_DRIVERS/clksys_driver.o
                0x00001626                CLKSYS_Disable
 .text.CLKSYS_Main_ClockSource_Select
                0x0000163a       0x2a XMEGA_DRIVERS/clksys_driver.o
                0x0000163a                CLKSYS_Main_ClockSource_Select
 .text.CDC_Device_ConfigureEndpoints
                0x00001664       0x4a XMEGA_DRIVERS/LUFA/Drivers/USB/Class/Device/CDCClassDevice.o
                0x00001664                CDC_Device_ConfigureEndpoints
 .text.CDC_Device_SendByte
                0x000016ae       0x5c XMEGA_DRIVERS/LUFA/Drivers/USB/Class/Device/CDCClassDevice.o
                0x000016ae                CDC_Device_SendByte
 .text.CDC_Device_putchar
                0x0000170a       0x22 XMEGA_DRIVERS/LUFA/Drivers/USB/Class/Device/CDCClassDevice.o
 .text.CDC_Device_Flush
                0x0000172c       0xa0 XMEGA_DRIVERS/LUFA/Drivers/USB/Class/Device/CDCClassDevice.o
                0x0000172c                CDC_Device_Flush
 .text.CDC_Device_USBTask
                0x000017cc       0x3a XMEGA_DRIVERS/LUFA/Drivers/USB/Class/Device/CDCClassDevice.o
                0x000017cc                CDC_Device_USBTask
 .text.CDC_Device_ReceiveByte
                0x00001806       0xd6 XMEGA_DRIVERS/LUFA/Drivers/USB/Class/Device/CDCClassDevice.o
                0x00001806                CDC_Device_ReceiveByte
 .text.CDC_Device_getchar
                0x000018dc       0x14 XMEGA_DRIVERS/LUFA/Drivers/USB/Class/Device/CDCClassDevice.o
 .text.CDC_Device_CreateStream
                0x000018f0       0x26 XMEGA_DRIVERS/LUFA/Drivers/USB/Class/Device/CDCClassDevice.o
                0x000018f0                CDC_Device_CreateStream
 .text.CDC_Device_Event_Stub
                0x00001916        0x2 XMEGA_DRIVERS/LUFA/Drivers/USB/Class/Device/CDCClassDevice.o
                0x00001916                EVENT_CDC_Device_BreakSent
                0x00001916                CDC_Device_Event_Stub
                0x00001916                EVENT_CDC_Device_LineEncodingChanged
 .text.CDC_Device_ProcessControlRequest
                0x00001918      0x158 XMEGA_DRIVERS/LUFA/Drivers/USB/Class/Device/CDCClassDevice.o
                0x00001918                CDC_Device_ProcessControlRequest
 .text.USB_Device_ProcessControlRequest
                0x00001a70      0x2a6 XMEGA_DRIVERS/LUFA/Drivers/USB/Core/DeviceStandardReq.o
                0x00001a70                USB_Device_ProcessControlRequest
 .text.USB_Event_Stub
                0x00001d16        0x2 XMEGA_DRIVERS/LUFA/Drivers/USB/Core/Events.o
                0x00001d16                USB_Event_Stub
                0x00001d16                EVENT_USB_Device_Suspend
                0x00001d16                EVENT_USB_Device_StartOfFrame
                0x00001d16                EVENT_USB_Device_Reset
                0x00001d16                EVENT_USB_Device_WakeUp
 .text.USB_USBTask
                0x00001d18       0x28 XMEGA_DRIVERS/LUFA/Drivers/USB/Core/USBTask.o
                0x00001d18                USB_USBTask
 .text.Endpoint_Write_Control_Stream_LE
                0x00001d40      0x12c XMEGA_DRIVERS/LUFA/Drivers/USB/Core/XMEGA/EndpointStream_XMEGA.o
                0x00001d40                Endpoint_Write_Control_Stream_LE
 .text.Endpoint_Write_Control_PStream_LE
                0x00001e6c      0x132 XMEGA_DRIVERS/LUFA/Drivers/USB/Core/XMEGA/EndpointStream_XMEGA.o
                0x00001e6c                Endpoint_Write_Control_PStream_LE
 .text.Endpoint_ClearIN
                0x00001f9e       0x32 XMEGA_DRIVERS/LUFA/Drivers/USB/Core/XMEGA/Endpoint_XMEGA.o
                0x00001f9e                Endpoint_ClearIN
 .text.Endpoint_ClearOUT
                0x00001fd0       0x1e XMEGA_DRIVERS/LUFA/Drivers/USB/Core/XMEGA/Endpoint_XMEGA.o
                0x00001fd0                Endpoint_ClearOUT
 .text.Endpoint_Read_8
                0x00001fee       0x20 XMEGA_DRIVERS/LUFA/Drivers/USB/Core/XMEGA/Endpoint_XMEGA.o
                0x00001fee                Endpoint_Read_8
 .text.Endpoint_Write_8
                0x0000200e       0x20 XMEGA_DRIVERS/LUFA/Drivers/USB/Core/XMEGA/Endpoint_XMEGA.o
                0x0000200e                Endpoint_Write_8
 .text.Endpoint_SelectEndpoint
                0x0000202e       0x80 XMEGA_DRIVERS/LUFA/Drivers/USB/Core/XMEGA/Endpoint_XMEGA.o
                0x0000202e                Endpoint_SelectEndpoint
 .text.Endpoint_IsINReady
                0x000020ae       0x1a XMEGA_DRIVERS/LUFA/Drivers/USB/Core/XMEGA/Endpoint_XMEGA.o
                0x000020ae                Endpoint_IsINReady
 .text.Endpoint_IsOUTReceived
                0x000020c8       0x34 XMEGA_DRIVERS/LUFA/Drivers/USB/Core/XMEGA/Endpoint_XMEGA.o
                0x000020c8                Endpoint_IsOUTReceived
 .text.Endpoint_IsSETUPReceived
                0x000020fc       0x34 XMEGA_DRIVERS/LUFA/Drivers/USB/Core/XMEGA/Endpoint_XMEGA.o
                0x000020fc                Endpoint_IsSETUPReceived
 .text.Endpoint_ClearSETUP
                0x00002130       0x5c XMEGA_DRIVERS/LUFA/Drivers/USB/Core/XMEGA/Endpoint_XMEGA.o
                0x00002130                Endpoint_ClearSETUP
 .text.Endpoint_StallTransaction
                0x0000218c       0x38 XMEGA_DRIVERS/LUFA/Drivers/USB/Core/XMEGA/Endpoint_XMEGA.o
                0x0000218c                Endpoint_StallTransaction
 .text.Endpoint_ConfigureEndpoint_PRV
                0x000021c4       0x8c XMEGA_DRIVERS/LUFA/Drivers/USB/Core/XMEGA/Endpoint_XMEGA.o
                0x000021c4                Endpoint_ConfigureEndpoint_PRV
 .text.Endpoint_ConfigureEndpointTable
                0x00002250       0xe8 XMEGA_DRIVERS/LUFA/Drivers/USB/Core/XMEGA/Endpoint_XMEGA.o
                0x00002250                Endpoint_ConfigureEndpointTable
 .text.Endpoint_ClearEndpoints
                0x00002338       0x40 XMEGA_DRIVERS/LUFA/Drivers/USB/Core/XMEGA/Endpoint_XMEGA.o
                0x00002338                Endpoint_ClearEndpoints
 .text.Endpoint_ClearStatusStage
                0x00002378       0x36 XMEGA_DRIVERS/LUFA/Drivers/USB/Core/XMEGA/Endpoint_XMEGA.o
                0x00002378                Endpoint_ClearStatusStage
 .text.Endpoint_WaitUntilReady
                0x000023ae       0xa2 XMEGA_DRIVERS/LUFA/Drivers/USB/Core/XMEGA/Endpoint_XMEGA.o
                0x000023ae                Endpoint_WaitUntilReady
 .text.USB_ResetInterface
                0x00002450       0x64 XMEGA_DRIVERS/LUFA/Drivers/USB/Core/XMEGA/USBController_XMEGA.o
                0x00002450                USB_ResetInterface
 .text.USB_Init
                0x000024b4       0x58 XMEGA_DRIVERS/LUFA/Drivers/USB/Core/XMEGA/USBController_XMEGA.o
                0x000024b4                USB_Init
 .text.USB_INT_DisableAllInterrupts
                0x0000250c        0xe XMEGA_DRIVERS/LUFA/Drivers/USB/Core/XMEGA/USBInterrupt_XMEGA.o
                0x0000250c                USB_INT_DisableAllInterrupts
 .text.USB_INT_ClearAllInterrupts
                0x0000251a        0xc XMEGA_DRIVERS/LUFA/Drivers/USB/Core/XMEGA/USBInterrupt_XMEGA.o
                0x0000251a                USB_INT_ClearAllInterrupts
 .text.__vector_125
                0x00002526       0xe8 XMEGA_DRIVERS/LUFA/Drivers/USB/Core/XMEGA/USBInterrupt_XMEGA.o
                0x00002526                __vector_125
 .text.TC0_ConfigClockSource
                0x0000260e        0xc XMEGA_DRIVERS/TC_driver.o
                0x0000260e                TC0_ConfigClockSource
 .text.TC0_SetOverflowIntLevel
                0x0000261a        0xc XMEGA_DRIVERS/TC_driver.o
                0x0000261a                TC0_SetOverflowIntLevel
 .text.rtc_initialize
                0x00002626       0x36 XMEGA_SERVICES/rtcServices.o
                0x00002626                rtc_initialize
 .text.__vector_10
                0x0000265c       0x7a XMEGA_SERVICES/rtcServices.o
                0x0000265c                __vector_10
 .text.__vector_11
                0x000026d6       0x14 XMEGA_SERVICES/rtcServices.o
                0x000026d6                __vector_11
 .text.system_tick
                0x000026ea        0x2 XMEGA_SERVICES/time.o
                0x000026ea                system_tick
 .text.libgcc.div
                0x000026ec       0x44 c:/program files (x86)/atmel/studio/7.0/toolchain/avr8/avr8-gnu-toolchain/bin/../lib/gcc/avr/4.9.2/avrxmega6\libgcc.a(_udivmodsi4.o)
                0x000026ec                __udivmodsi4
 .text.libgcc   0x00002730       0x10 c:/program files (x86)/atmel/studio/7.0/toolchain/avr8/avr8-gnu-toolchain/bin/../lib/gcc/avr/4.9.2/avrxmega6\libgcc.a(_tablejump2.o)
                0x00002730                __tablejump2__
 .text.avr-libc
                0x00002740        0xe c:/program files (x86)/atmel/studio/7.0/toolchain/avr8/avr8-gnu-toolchain/bin/../lib/gcc/avr/4.9.2/../../../../avr/lib/avrxmega6\libc.a(memset.o)
                0x00002740                memset
 .text.avr-libc
                0x0000274e       0x84 c:/program files (x86)/atmel/studio/7.0/toolchain/avr8/avr8-gnu-toolchain/bin/../lib/gcc/avr/4.9.2/../../../../avr/lib/avrxmega6\libc.a(fwrite.o)
                0x0000274e                fwrite
                0x000027d2                . = ALIGN (0x2)
 *(.fini9)
 .fini9         0x000027d2        0x0 c:/program files (x86)/atmel/studio/7.0/toolchain/avr8/avr8-gnu-toolchain/bin/../lib/gcc/avr/4.9.2/avrxmega6\libgcc.a(_exit.o)
                0x000027d2                _exit
                0x000027d2                exit
 *(.fini9)
 *(.fini8)
 *(.fini8)
 *(.fini7)
 *(.fini7)
 *(.fini6)
 *(.fini6)
 *(.fini5)
 *(.fini5)
 *(.fini4)
 *(.fini4)
 *(.fini3)
 *(.fini3)
 *(.fini2)
 *(.fini2)
 *(.fini1)
 *(.fini1)
 *(.fini0)
 .fini0         0x000027d2        0x4 c:/program files (x86)/atmel/studio/7.0/toolchain/avr8/avr8-gnu-toolchain/bin/../lib/gcc/avr/4.9.2/avrxmega6\libgcc.a(_exit.o)
 *(.fini0)
                0x000027d6                _etext = .

.data           0x00802000      0x2cc load address 0x000027d6
                0x00802000                PROVIDE (__data_start, .)
 *(.data)
 *(.data*)
 .data.Font08px_126
                0x00802000        0x6 Component_Drivers/ssd1306/font.o
                0x00802000                Font08px_126
 .data.Font08px_125
                0x00802006        0x4 Component_Drivers/ssd1306/font.o
                0x00802006                Font08px_125
 .data.Font08px_124
                0x0080200a        0x2 Component_Drivers/ssd1306/font.o
                0x0080200a                Font08px_124
 .data.Font08px_123
                0x0080200c        0x4 Component_Drivers/ssd1306/font.o
                0x0080200c                Font08px_123
 .data.Font08px_lz
                0x00802010        0x4 Component_Drivers/ssd1306/font.o
                0x00802010                Font08px_lz
 .data.Font08px_ly
                0x00802014        0x5 Component_Drivers/ssd1306/font.o
                0x00802014                Font08px_ly
 .data.Font08px_lx
                0x00802019        0x6 Component_Drivers/ssd1306/font.o
                0x00802019                Font08px_lx
 .data.Font08px_lw
                0x0080201f        0x6 Component_Drivers/ssd1306/font.o
                0x0080201f                Font08px_lw
 .data.Font08px_lv
                0x00802025        0x6 Component_Drivers/ssd1306/font.o
                0x00802025                Font08px_lv
 .data.Font08px_lu
                0x0080202b        0x5 Component_Drivers/ssd1306/font.o
                0x0080202b                Font08px_lu
 .data.Font08px_lt
                0x00802030        0x4 Component_Drivers/ssd1306/font.o
                0x00802030                Font08px_lt
 .data.Font08px_ls
                0x00802034        0x5 Component_Drivers/ssd1306/font.o
                0x00802034                Font08px_ls
 .data.Font08px_lr
                0x00802039        0x4 Component_Drivers/ssd1306/font.o
                0x00802039                Font08px_lr
 .data.Font08px_lq
                0x0080203d        0x5 Component_Drivers/ssd1306/font.o
                0x0080203d                Font08px_lq
 .data.Font08px_lp
                0x00802042        0x5 Component_Drivers/ssd1306/font.o
                0x00802042                Font08px_lp
 .data.Font08px_lo
                0x00802047        0x5 Component_Drivers/ssd1306/font.o
                0x00802047                Font08px_lo
 .data.Font08px_ln
                0x0080204c        0x5 Component_Drivers/ssd1306/font.o
                0x0080204c                Font08px_ln
 .data.Font08px_lm
                0x00802051        0x6 Component_Drivers/ssd1306/font.o
                0x00802051                Font08px_lm
 .data.Font08px_ll
                0x00802057        0x2 Component_Drivers/ssd1306/font.o
                0x00802057                Font08px_ll
 .data.Font08px_lk
                0x00802059        0x5 Component_Drivers/ssd1306/font.o
                0x00802059                Font08px_lk
 .data.Font08px_lj
                0x0080205e        0x3 Component_Drivers/ssd1306/font.o
                0x0080205e                Font08px_lj
 .data.Font08px_li
                0x00802061        0x2 Component_Drivers/ssd1306/font.o
                0x00802061                Font08px_li
 .data.Font08px_lh
                0x00802063        0x5 Component_Drivers/ssd1306/font.o
                0x00802063                Font08px_lh
 .data.Font08px_lg
                0x00802068        0x5 Component_Drivers/ssd1306/font.o
                0x00802068                Font08px_lg
 .data.Font08px_lf
                0x0080206d        0x4 Component_Drivers/ssd1306/font.o
                0x0080206d                Font08px_lf
 .data.Font08px_le
                0x00802071        0x5 Component_Drivers/ssd1306/font.o
                0x00802071                Font08px_le
 .data.Font08px_ld
                0x00802076        0x5 Component_Drivers/ssd1306/font.o
                0x00802076                Font08px_ld
 .data.Font08px_lc
                0x0080207b        0x5 Component_Drivers/ssd1306/font.o
                0x0080207b                Font08px_lc
 .data.Font08px_lb
                0x00802080        0x5 Component_Drivers/ssd1306/font.o
                0x00802080                Font08px_lb
 .data.Font08px_la
                0x00802085        0x5 Component_Drivers/ssd1306/font.o
                0x00802085                Font08px_la
 .data.Font08px_96
                0x0080208a        0x3 Component_Drivers/ssd1306/font.o
                0x0080208a                Font08px_96
 .data.Font08px_95
                0x0080208d        0x4 Component_Drivers/ssd1306/font.o
                0x0080208d                Font08px_95
 .data.Font08px_94
                0x00802091        0x4 Component_Drivers/ssd1306/font.o
                0x00802091                Font08px_94
 .data.Font08px_93
                0x00802095        0x4 Component_Drivers/ssd1306/font.o
                0x00802095                Font08px_93
 .data.Font08px_92
                0x00802099        0x4 Component_Drivers/ssd1306/font.o
                0x00802099                Font08px_92
 .data.Font08px_91
                0x0080209d        0x4 Component_Drivers/ssd1306/font.o
                0x0080209d                Font08px_91
 .data.Font08px_UZ
                0x008020a1        0x6 Component_Drivers/ssd1306/font.o
                0x008020a1                Font08px_UZ
 .data.Font08px_UY
                0x008020a7        0x6 Component_Drivers/ssd1306/font.o
                0x008020a7                Font08px_UY
 .data.Font08px_UX
                0x008020ad        0x6 Component_Drivers/ssd1306/font.o
                0x008020ad                Font08px_UX
 .data.Font08px_UW
                0x008020b3        0x6 Component_Drivers/ssd1306/font.o
                0x008020b3                Font08px_UW
 .data.Font08px_UV
                0x008020b9        0x6 Component_Drivers/ssd1306/font.o
                0x008020b9                Font08px_UV
 .data.Font08px_UU
                0x008020bf        0x5 Component_Drivers/ssd1306/font.o
                0x008020bf                Font08px_UU
 .data.Font08px_UT
                0x008020c4        0x6 Component_Drivers/ssd1306/font.o
                0x008020c4                Font08px_UT
 .data.Font08px_US
                0x008020ca        0x5 Component_Drivers/ssd1306/font.o
                0x008020ca                Font08px_US
 .data.Font08px_UR
                0x008020cf        0x5 Component_Drivers/ssd1306/font.o
                0x008020cf                Font08px_UR
 .data.Font08px_UQ
                0x008020d4        0x6 Component_Drivers/ssd1306/font.o
                0x008020d4                Font08px_UQ
 .data.Font08px_UP
                0x008020da        0x5 Component_Drivers/ssd1306/font.o
                0x008020da                Font08px_UP
 .data.Font08px_UO
                0x008020df        0x5 Component_Drivers/ssd1306/font.o
                0x008020df                Font08px_UO
 .data.Font08px_UN
                0x008020e4        0x6 Component_Drivers/ssd1306/font.o
                0x008020e4                Font08px_UN
 .data.Font08px_UM
                0x008020ea        0x6 Component_Drivers/ssd1306/font.o
                0x008020ea                Font08px_UM
 .data.Font08px_UL
                0x008020f0        0x5 Component_Drivers/ssd1306/font.o
                0x008020f0                Font08px_UL
 .data.Font08px_UK
                0x008020f5        0x6 Component_Drivers/ssd1306/font.o
                0x008020f5                Font08px_UK
 .data.Font08px_UJ
                0x008020fb        0x5 Component_Drivers/ssd1306/font.o
                0x008020fb                Font08px_UJ
 .data.Font08px_UI
                0x00802100        0x4 Component_Drivers/ssd1306/font.o
                0x00802100                Font08px_UI
 .data.Font08px_UH
                0x00802104        0x5 Component_Drivers/ssd1306/font.o
                0x00802104                Font08px_UH
 .data.Font08px_UG
                0x00802109        0x6 Component_Drivers/ssd1306/font.o
                0x00802109                Font08px_UG
 .data.Font08px_UF
                0x0080210f        0x5 Component_Drivers/ssd1306/font.o
                0x0080210f                Font08px_UF
 .data.Font08px_UE
                0x00802114        0x5 Component_Drivers/ssd1306/font.o
                0x00802114                Font08px_UE
 .data.Font08px_UD
                0x00802119        0x5 Component_Drivers/ssd1306/font.o
                0x00802119                Font08px_UD
 .data.Font08px_UC
                0x0080211e        0x5 Component_Drivers/ssd1306/font.o
                0x0080211e                Font08px_UC
 .data.Font08px_UB
                0x00802123        0x5 Component_Drivers/ssd1306/font.o
                0x00802123                Font08px_UB
 .data.Font08px_UA
                0x00802128        0x6 Component_Drivers/ssd1306/font.o
                0x00802128                Font08px_UA
 .data.Font08px_64
                0x0080212e        0x9 Component_Drivers/ssd1306/font.o
                0x0080212e                Font08px_64
 .data.Font08px_63
                0x00802137        0x6 Component_Drivers/ssd1306/font.o
                0x00802137                Font08px_63
 .data.Font08px_62
                0x0080213d        0x5 Component_Drivers/ssd1306/font.o
                0x0080213d                Font08px_62
 .data.Font08px_61
                0x00802142        0x5 Component_Drivers/ssd1306/font.o
                0x00802142                Font08px_61
 .data.Font08px_60
                0x00802147        0x5 Component_Drivers/ssd1306/font.o
                0x00802147                Font08px_60
 .data.Font08px_59
                0x0080214c        0x2 Component_Drivers/ssd1306/font.o
                0x0080214c                Font08px_59
 .data.Font08px_58
                0x0080214e        0x2 Component_Drivers/ssd1306/font.o
                0x0080214e                Font08px_58
 .data.Font08px_N9
                0x00802150        0x6 Component_Drivers/ssd1306/font.o
                0x00802150                Font08px_N9
 .data.Font08px_N8
                0x00802156        0x6 Component_Drivers/ssd1306/font.o
                0x00802156                Font08px_N8
 .data.Font08px_N7
                0x0080215c        0x6 Component_Drivers/ssd1306/font.o
                0x0080215c                Font08px_N7
 .data.Font08px_N6
                0x00802162        0x6 Component_Drivers/ssd1306/font.o
                0x00802162                Font08px_N6
 .data.Font08px_N5
                0x00802168        0x6 Component_Drivers/ssd1306/font.o
                0x00802168                Font08px_N5
 .data.Font08px_N4
                0x0080216e        0x6 Component_Drivers/ssd1306/font.o
                0x0080216e                Font08px_N4
 .data.Font08px_N3
                0x00802174        0x6 Component_Drivers/ssd1306/font.o
                0x00802174                Font08px_N3
 .data.Font08px_N2
                0x0080217a        0x6 Component_Drivers/ssd1306/font.o
                0x0080217a                Font08px_N2
 .data.Font08px_N1
                0x00802180        0x6 Component_Drivers/ssd1306/font.o
                0x00802180                Font08px_N1
 .data.Font08px_N0
                0x00802186        0x6 Component_Drivers/ssd1306/font.o
                0x00802186                Font08px_N0
 .data.Font08px_47
                0x0080218c        0x4 Component_Drivers/ssd1306/font.o
                0x0080218c                Font08px_47
 .data.Font08px_46
                0x00802190        0x2 Component_Drivers/ssd1306/font.o
                0x00802190                Font08px_46
 .data.Font08px_45
                0x00802192        0x4 Component_Drivers/ssd1306/font.o
                0x00802192                Font08px_45
 .data.Font08px_44
                0x00802196        0x2 Component_Drivers/ssd1306/font.o
                0x00802196                Font08px_44
 .data.Font08px_43
                0x00802198        0x4 Component_Drivers/ssd1306/font.o
                0x00802198                Font08px_43
 .data.Font08px_42
                0x0080219c        0x4 Component_Drivers/ssd1306/font.o
                0x0080219c                Font08px_42
 .data.Font08px_41
                0x008021a0        0x4 Component_Drivers/ssd1306/font.o
                0x008021a0                Font08px_41
 .data.Font08px_40
                0x008021a4        0x4 Component_Drivers/ssd1306/font.o
                0x008021a4                Font08px_40
 .data.Font08px_39
                0x008021a8        0x2 Component_Drivers/ssd1306/font.o
                0x008021a8                Font08px_39
 .data.Font08px_38
                0x008021aa        0x6 Component_Drivers/ssd1306/font.o
                0x008021aa                Font08px_38
 .data.Font08px_37
                0x008021b0        0x6 Component_Drivers/ssd1306/font.o
                0x008021b0                Font08px_37
 .data.Font08px_36
                0x008021b6        0x6 Component_Drivers/ssd1306/font.o
                0x008021b6                Font08px_36
 .data.Font08px_35
                0x008021bc        0x6 Component_Drivers/ssd1306/font.o
                0x008021bc                Font08px_35
 .data.Font08px_34
                0x008021c2        0x4 Component_Drivers/ssd1306/font.o
                0x008021c2                Font08px_34
 .data.Font08px_33
                0x008021c6        0x2 Component_Drivers/ssd1306/font.o
                0x008021c6                Font08px_33
 .data.Font08px_32
                0x008021c8        0x3 Component_Drivers/ssd1306/font.o
                0x008021c8                Font08px_32
 .data.font_table
                0x008021cb       0xbe Component_Drivers/ssd1306/font.o
                0x008021cb                font_table
 .data.xNextTaskUnblockTime
                0x00802289        0x2 FreeRTOS/tasks.o
 .data.VirtualSerial_CDC_Interface
                0x0080228b       0x1b main.o
                0x0080228b                VirtualSerial_CDC_Interface
 .data.led2     0x008022a6        0x3 main.o
                0x008022a6                led2
 .data.led      0x008022a9        0x3 main.o
                0x008022a9                led
 *(.rodata)
 *(.rodata*)
 .rodata.str1.1
                0x008022ac        0x5 FreeRTOS/tasks.o
 .rodata.str1.1
                0x008022b1       0x1a main.o
 *(.gnu.linkonce.d*)
                0x008022cc                . = ALIGN (0x2)
 *fill*         0x008022cb        0x1 
                0x008022cc                _edata = .
                0x008022cc                PROVIDE (__data_end, .)

.bss            0x008022cc     0x7568
                0x008022cc                PROVIDE (__bss_start, .)
 *(.bss)
 *(.bss*)
 .bss.pucAlignedHeap.3808
                0x008022cc        0x2 FreeRTOS/include/portable/MemMang/heap_1.o
 .bss.xNextFreeByte
                0x008022ce        0x2 FreeRTOS/include/portable/MemMang/heap_1.o
 .bss.ucHeap    0x008022d0     0x7000 FreeRTOS/include/portable/MemMang/heap_1.o
 .bss.uxSchedulerSuspended
                0x008092d0        0x1 FreeRTOS/tasks.o
 .bss.uxTaskNumber
                0x008092d1        0x1 FreeRTOS/tasks.o
 .bss.xNumOfOverflows
                0x008092d2        0x1 FreeRTOS/tasks.o
 .bss.xYieldPending
                0x008092d3        0x1 FreeRTOS/tasks.o
 .bss.uxPendedTicks
                0x008092d4        0x1 FreeRTOS/tasks.o
 .bss.xSchedulerRunning
                0x008092d5        0x1 FreeRTOS/tasks.o
 .bss.uxTopReadyPriority
                0x008092d6        0x1 FreeRTOS/tasks.o
 .bss.xTickCount
                0x008092d7        0x2 FreeRTOS/tasks.o
 .bss.uxCurrentNumberOfTasks
                0x008092d9        0x1 FreeRTOS/tasks.o
 .bss.uxTasksDeleted
                0x008092da        0x1 FreeRTOS/tasks.o
 .bss.xTasksWaitingTermination
                0x008092db        0x9 FreeRTOS/tasks.o
 .bss.xPendingReadyList
                0x008092e4        0x9 FreeRTOS/tasks.o
 .bss.pxOverflowDelayedTaskList
                0x008092ed        0x2 FreeRTOS/tasks.o
 .bss.pxDelayedTaskList
                0x008092ef        0x2 FreeRTOS/tasks.o
 .bss.xDelayedTaskList2
                0x008092f1        0x9 FreeRTOS/tasks.o
 .bss.xDelayedTaskList1
                0x008092fa        0x9 FreeRTOS/tasks.o
 .bss.pxReadyTasksLists
                0x00809303       0x24 FreeRTOS/tasks.o
 .bss.pxCurrentTCB
                0x00809327        0x2 FreeRTOS/tasks.o
                0x00809327                pxCurrentTCB
 .bss.USBSerialStream
                0x00809329        0xe main.o
 .bss.fbpointer
                0x00809337        0x2 main.o
 .bss.framebuffer
                0x00809339      0x200 main.o
 .bss.rtc_tick_global
                0x00809539        0x2 XMEGA_SERVICES/rtcServices.o
                0x00809539                rtc_tick_global
 *(COMMON)
 COMMON         0x0080953b        0x3 XMEGA_DRIVERS/LUFA/Drivers/USB/Core/DeviceStandardReq.o
                0x0080953b                USB_Device_ConfigurationNumber
                0x0080953c                USB_Device_CurrentlySelfPowered
                0x0080953d                USB_Device_RemoteWakeupEnabled
 COMMON         0x0080953e        0xa XMEGA_DRIVERS/LUFA/Drivers/USB/Core/USBTask.o
                0x0080953e                USB_IsInitialized
                0x0080953f                USB_DeviceState
                0x00809540                USB_ControlRequest
 COMMON         0x00809548      0x299 XMEGA_DRIVERS/LUFA/Drivers/USB/Core/XMEGA/Endpoint_XMEGA.o
                0x00809548                USB_Endpoint_SelectedFIFO
                0x0080954a                USB_Endpoint_SelectedHandle
                0x0080954c                USB_Endpoint_SelectedEndpoint
                0x0080954d                USB_Endpoint_FIFOs
 COMMON         0x008097e1       0x53 XMEGA_DRIVERS/LUFA/Drivers/USB/Core/XMEGA/USBController_XMEGA.o
                0x008097e1                USB_EndpointTable
                0x00809834                PROVIDE (__bss_end, .)
                0x000027d6                __data_load_start = LOADADDR (.data)
                0x00002aa2                __data_load_end = (__data_load_start + SIZEOF (.data))

.noinit         0x00809834        0x0
                [!provide]                PROVIDE (__noinit_start, .)
 *(.noinit*)
                [!provide]                PROVIDE (__noinit_end, .)
                0x00809834                _end = .
                [!provide]                PROVIDE (__heap_start, .)

.eeprom         0x00810000        0x0
 *(.eeprom*)
                0x00810000                __eeprom_end = .

.fuse
 *(.fuse)
 *(.lfuse)
 *(.hfuse)
 *(.efuse)

.lock
 *(.lock*)

.signature
 *(.signature*)

.user_signatures
 *(.user_signatures*)

.stab
 *(.stab)

.stabstr
 *(.stabstr)

.stab.excl
 *(.stab.excl)

.stab.exclstr
 *(.stab.exclstr)

.stab.index
 *(.stab.index)

.stab.indexstr
 *(.stab.indexstr)

.comment        0x00000000       0x30
 *(.comment)
 .comment       0x00000000       0x30 Component_Drivers/ssd1306/font.o
                                 0x31 (size before relaxing)
 .comment       0x00000030       0x31 Descriptors.o
 .comment       0x00000030       0x31 FreeRTOS/include/portable/GCC/ATMega323/port.o
 .comment       0x00000030       0x31 FreeRTOS/include/portable/MemMang/heap_1.o
 .comment       0x00000030       0x31 FreeRTOS/list.o
 .comment       0x00000030       0x31 FreeRTOS/tasks.o
 .comment       0x00000030       0x31 main.o
 .comment       0x00000030       0x31 XMEGA_API/DIGITALPIN.o
 .comment       0x00000030       0x31 XMEGA_API/USART.o
 .comment       0x00000030       0x31 XMEGA_DRIVERS/clksys_driver.o
 .comment       0x00000030       0x31 XMEGA_DRIVERS/LUFA/Drivers/USB/Class/Device/CDCClassDevice.o
 .comment       0x00000030       0x31 XMEGA_DRIVERS/LUFA/Drivers/USB/Core/DeviceStandardReq.o
 .comment       0x00000030       0x31 XMEGA_DRIVERS/LUFA/Drivers/USB/Core/Events.o
 .comment       0x00000030       0x31 XMEGA_DRIVERS/LUFA/Drivers/USB/Core/USBTask.o
 .comment       0x00000030       0x31 XMEGA_DRIVERS/LUFA/Drivers/USB/Core/XMEGA/EndpointStream_XMEGA.o
 .comment       0x00000030       0x31 XMEGA_DRIVERS/LUFA/Drivers/USB/Core/XMEGA/Endpoint_XMEGA.o
 .comment       0x00000030       0x31 XMEGA_DRIVERS/LUFA/Drivers/USB/Core/XMEGA/USBController_XMEGA.o
 .comment       0x00000030       0x31 XMEGA_DRIVERS/LUFA/Drivers/USB/Core/XMEGA/USBInterrupt_XMEGA.o
 .comment       0x00000030       0x31 XMEGA_DRIVERS/TC_driver.o
 .comment       0x00000030       0x31 XMEGA_SERVICES/rtcServices.o
 .comment       0x00000030       0x31 XMEGA_SERVICES/time.o
 .comment       0x00000030       0x31 c:/program files (x86)/atmel/studio/7.0/toolchain/avr8/avr8-gnu-toolchain/bin/../lib/gcc/avr/4.9.2/../../../../avr/lib/avrxmega6\libc.a(fwrite.o)

.note.gnu.avr.deviceinfo
                0x00000000       0x40
 .note.gnu.avr.deviceinfo
                0x00000000       0x40 C:/Program Files (x86)/Atmel/Studio/7.0/Packs/atmel/XMEGAC_DFP/1.0.29/gcc/dev/atxmega384c3/avrxmega6/crtatxmega384c3.o

.note.gnu.build-id
 *(.note.gnu.build-id)

.debug
 *(.debug)

.line
 *(.line)

.debug_srcinfo
 *(.debug_srcinfo)

.debug_sfnames
 *(.debug_sfnames)

.debug_aranges  0x00000000      0x958
 *(.debug_aranges)
 .debug_aranges
                0x00000000       0x18 Component_Drivers/ssd1306/font.o
 .debug_aranges
                0x00000018       0x20 Descriptors.o
 .debug_aranges
                0x00000038       0x48 FreeRTOS/include/portable/GCC/ATMega323/port.o
 .debug_aranges
                0x00000080       0x38 FreeRTOS/include/portable/MemMang/heap_1.o
 .debug_aranges
                0x000000b8       0x40 FreeRTOS/list.o
 .debug_aranges
                0x000000f8       0xf8 FreeRTOS/tasks.o
 .debug_aranges
                0x000001f0      0x180 main.o
 .debug_aranges
                0x00000370       0x48 XMEGA_API/DIGITALPIN.o
 .debug_aranges
                0x000003b8      0x120 XMEGA_API/USART.o
 .debug_aranges
                0x000004d8       0x68 XMEGA_DRIVERS/clksys_driver.o
 .debug_aranges
                0x00000540       0xa8 XMEGA_DRIVERS/LUFA/Drivers/USB/Class/Device/CDCClassDevice.o
 .debug_aranges
                0x000005e8       0x20 XMEGA_DRIVERS/LUFA/Drivers/USB/Core/DeviceStandardReq.o
 .debug_aranges
                0x00000608       0x20 XMEGA_DRIVERS/LUFA/Drivers/USB/Core/Events.o
 .debug_aranges
                0x00000628       0x20 XMEGA_DRIVERS/LUFA/Drivers/USB/Core/USBTask.o
 .debug_aranges
                0x00000648       0xc8 XMEGA_DRIVERS/LUFA/Drivers/USB/Core/XMEGA/EndpointStream_XMEGA.o
 .debug_aranges
                0x00000710       0x90 XMEGA_DRIVERS/LUFA/Drivers/USB/Core/XMEGA/Endpoint_XMEGA.o
 .debug_aranges
                0x000007a0       0x30 XMEGA_DRIVERS/LUFA/Drivers/USB/Core/XMEGA/USBController_XMEGA.o
 .debug_aranges
                0x000007d0       0x30 XMEGA_DRIVERS/LUFA/Drivers/USB/Core/XMEGA/USBInterrupt_XMEGA.o
 .debug_aranges
                0x00000800       0xc8 XMEGA_DRIVERS/TC_driver.o
 .debug_aranges
                0x000008c8       0x30 XMEGA_SERVICES/rtcServices.o
 .debug_aranges
                0x000008f8       0x60 XMEGA_SERVICES/time.o

.debug_pubnames
 *(.debug_pubnames)

.debug_info     0x00000000     0xf8aa
 *(.debug_info .gnu.linkonce.wi.*)
 .debug_info    0x00000000      0x7ec Component_Drivers/ssd1306/font.o
 .debug_info    0x000007ec      0x999 Descriptors.o
 .debug_info    0x00001185      0xa36 FreeRTOS/include/portable/GCC/ATMega323/port.o
 .debug_info    0x00001bbb      0x1ad FreeRTOS/include/portable/MemMang/heap_1.o
 .debug_info    0x00001d68      0x2cd FreeRTOS/list.o
 .debug_info    0x00002035     0x174c FreeRTOS/tasks.o
 .debug_info    0x00003781     0x2eaa main.o
 .debug_info    0x0000662b      0x4cc XMEGA_API/DIGITALPIN.o
 .debug_info    0x00006af7      0x9bf XMEGA_API/USART.o
 .debug_info    0x000074b6      0x645 XMEGA_DRIVERS/clksys_driver.o
 .debug_info    0x00007afb     0x1124 XMEGA_DRIVERS/LUFA/Drivers/USB/Class/Device/CDCClassDevice.o
 .debug_info    0x00008c1f     0x11b5 XMEGA_DRIVERS/LUFA/Drivers/USB/Core/DeviceStandardReq.o
 .debug_info    0x00009dd4       0x7f XMEGA_DRIVERS/LUFA/Drivers/USB/Core/Events.o
 .debug_info    0x00009e53      0x433 XMEGA_DRIVERS/LUFA/Drivers/USB/Core/USBTask.o
 .debug_info    0x0000a286     0x17bd XMEGA_DRIVERS/LUFA/Drivers/USB/Core/XMEGA/EndpointStream_XMEGA.o
 .debug_info    0x0000ba43      0xd1b XMEGA_DRIVERS/LUFA/Drivers/USB/Core/XMEGA/Endpoint_XMEGA.o
 .debug_info    0x0000c75e      0xd54 XMEGA_DRIVERS/LUFA/Drivers/USB/Core/XMEGA/USBController_XMEGA.o
 .debug_info    0x0000d4b2      0xa72 XMEGA_DRIVERS/LUFA/Drivers/USB/Core/XMEGA/USBInterrupt_XMEGA.o
 .debug_info    0x0000df24     0x12e1 XMEGA_DRIVERS/TC_driver.o
 .debug_info    0x0000f205      0x1a7 XMEGA_SERVICES/rtcServices.o
 .debug_info    0x0000f3ac      0x4fe XMEGA_SERVICES/time.o

.debug_abbrev   0x00000000     0x2e11
 *(.debug_abbrev)
 .debug_abbrev  0x00000000       0x70 Component_Drivers/ssd1306/font.o
 .debug_abbrev  0x00000070      0x1ac Descriptors.o
 .debug_abbrev  0x0000021c      0x223 FreeRTOS/include/portable/GCC/ATMega323/port.o
 .debug_abbrev  0x0000043f      0x12e FreeRTOS/include/portable/MemMang/heap_1.o
 .debug_abbrev  0x0000056d       0xf8 FreeRTOS/list.o
 .debug_abbrev  0x00000665      0x358 FreeRTOS/tasks.o
 .debug_abbrev  0x000009bd      0x6aa main.o
 .debug_abbrev  0x00001067      0x161 XMEGA_API/DIGITALPIN.o
 .debug_abbrev  0x000011c8      0x14e XMEGA_API/USART.o
 .debug_abbrev  0x00001316      0x1c8 XMEGA_DRIVERS/clksys_driver.o
 .debug_abbrev  0x000014de      0x415 XMEGA_DRIVERS/LUFA/Drivers/USB/Class/Device/CDCClassDevice.o
 .debug_abbrev  0x000018f3      0x377 XMEGA_DRIVERS/LUFA/Drivers/USB/Core/DeviceStandardReq.o
 .debug_abbrev  0x00001c6a       0x44 XMEGA_DRIVERS/LUFA/Drivers/USB/Core/Events.o
 .debug_abbrev  0x00001cae      0x21a XMEGA_DRIVERS/LUFA/Drivers/USB/Core/USBTask.o
 .debug_abbrev  0x00001ec8      0x274 XMEGA_DRIVERS/LUFA/Drivers/USB/Core/XMEGA/EndpointStream_XMEGA.o
 .debug_abbrev  0x0000213c      0x2f2 XMEGA_DRIVERS/LUFA/Drivers/USB/Core/XMEGA/Endpoint_XMEGA.o
 .debug_abbrev  0x0000242e      0x2e9 XMEGA_DRIVERS/LUFA/Drivers/USB/Core/XMEGA/USBController_XMEGA.o
 .debug_abbrev  0x00002717      0x266 XMEGA_DRIVERS/LUFA/Drivers/USB/Core/XMEGA/USBInterrupt_XMEGA.o
 .debug_abbrev  0x0000297d      0x185 XMEGA_DRIVERS/TC_driver.o
 .debug_abbrev  0x00002b02       0xe0 XMEGA_SERVICES/rtcServices.o
 .debug_abbrev  0x00002be2      0x22f XMEGA_SERVICES/time.o

.debug_line     0x00000000     0x6d73
 *(.debug_line .debug_line.* .debug_line_end)
 .debug_line    0x00000000       0xa3 Component_Drivers/ssd1306/font.o
 .debug_line    0x000000a3      0x31d Descriptors.o
 .debug_line    0x000003c0      0x33c FreeRTOS/include/portable/GCC/ATMega323/port.o
 .debug_line    0x000006fc      0x20d FreeRTOS/include/portable/MemMang/heap_1.o
 .debug_line    0x00000909      0x211 FreeRTOS/list.o
 .debug_line    0x00000b1a      0xb39 FreeRTOS/tasks.o
 .debug_line    0x00001653     0x121e main.o
 .debug_line    0x00002871      0x1f6 XMEGA_API/DIGITALPIN.o
 .debug_line    0x00002a67      0x516 XMEGA_API/USART.o
 .debug_line    0x00002f7d      0x24f XMEGA_DRIVERS/clksys_driver.o
 .debug_line    0x000031cc      0x95e XMEGA_DRIVERS/LUFA/Drivers/USB/Class/Device/CDCClassDevice.o
 .debug_line    0x00003b2a      0x4c9 XMEGA_DRIVERS/LUFA/Drivers/USB/Core/DeviceStandardReq.o
 .debug_line    0x00003ff3       0x5d XMEGA_DRIVERS/LUFA/Drivers/USB/Core/Events.o
 .debug_line    0x00004050      0x201 XMEGA_DRIVERS/LUFA/Drivers/USB/Core/USBTask.o
 .debug_line    0x00004251     0x13a7 XMEGA_DRIVERS/LUFA/Drivers/USB/Core/XMEGA/EndpointStream_XMEGA.o
 .debug_line    0x000055f8      0x709 XMEGA_DRIVERS/LUFA/Drivers/USB/Core/XMEGA/Endpoint_XMEGA.o
 .debug_line    0x00005d01      0x3e3 XMEGA_DRIVERS/LUFA/Drivers/USB/Core/XMEGA/USBController_XMEGA.o
 .debug_line    0x000060e4      0x3dc XMEGA_DRIVERS/LUFA/Drivers/USB/Core/XMEGA/USBInterrupt_XMEGA.o
 .debug_line    0x000064c0      0x332 XMEGA_DRIVERS/TC_driver.o
 .debug_line    0x000067f2      0x188 XMEGA_SERVICES/rtcServices.o
 .debug_line    0x0000697a      0x3f9 XMEGA_SERVICES/time.o

.debug_frame    0x00000000     0x1ad4
 *(.debug_frame)
 .debug_frame   0x00000000       0x24 Descriptors.o
 .debug_frame   0x00000024       0x74 FreeRTOS/include/portable/GCC/ATMega323/port.o
 .debug_frame   0x00000098       0x60 FreeRTOS/include/portable/MemMang/heap_1.o
 .debug_frame   0x000000f8       0x88 FreeRTOS/list.o
 .debug_frame   0x00000180      0x370 FreeRTOS/tasks.o
 .debug_frame   0x000004f0      0x4e0 main.o
 .debug_frame   0x000009d0       0x7c XMEGA_API/DIGITALPIN.o
 .debug_frame   0x00000a4c      0x2dc XMEGA_API/USART.o
 .debug_frame   0x00000d28       0xdc XMEGA_DRIVERS/clksys_driver.o
 .debug_frame   0x00000e04      0x1fc XMEGA_DRIVERS/LUFA/Drivers/USB/Class/Device/CDCClassDevice.o
 .debug_frame   0x00001000       0x48 XMEGA_DRIVERS/LUFA/Drivers/USB/Core/DeviceStandardReq.o
 .debug_frame   0x00001048       0x24 XMEGA_DRIVERS/LUFA/Drivers/USB/Core/Events.o
 .debug_frame   0x0000106c       0x2c XMEGA_DRIVERS/LUFA/Drivers/USB/Core/USBTask.o
 .debug_frame   0x00001098      0x488 XMEGA_DRIVERS/LUFA/Drivers/USB/Core/XMEGA/EndpointStream_XMEGA.o
 .debug_frame   0x00001520      0x164 XMEGA_DRIVERS/LUFA/Drivers/USB/Core/XMEGA/Endpoint_XMEGA.o
 .debug_frame   0x00001684       0x5c XMEGA_DRIVERS/LUFA/Drivers/USB/Core/XMEGA/USBController_XMEGA.o
 .debug_frame   0x000016e0       0x8c XMEGA_DRIVERS/LUFA/Drivers/USB/Core/XMEGA/USBInterrupt_XMEGA.o
 .debug_frame   0x0000176c      0x174 XMEGA_DRIVERS/TC_driver.o
 .debug_frame   0x000018e0       0x98 XMEGA_SERVICES/rtcServices.o
 .debug_frame   0x00001978      0x15c XMEGA_SERVICES/time.o

.debug_str      0x00000000     0x5bb9
 *(.debug_str)
 .debug_str     0x00000000      0x5dd Component_Drivers/ssd1306/font.o
                                0x611 (size before relaxing)
 .debug_str     0x000005dd      0xa7f Descriptors.o
                                0xc64 (size before relaxing)
 .debug_str     0x0000105c      0x611 FreeRTOS/include/portable/GCC/ATMega323/port.o
                                0x7cf (size before relaxing)
 .debug_str     0x0000166d       0xd8 FreeRTOS/include/portable/MemMang/heap_1.o
                                0x252 (size before relaxing)
 .debug_str     0x00001745      0x13c FreeRTOS/list.o
                                0x2bd (size before relaxing)
 .debug_str     0x00001881      0x765 FreeRTOS/tasks.o
                                0xb13 (size before relaxing)
 .debug_str     0x00001fe6     0x154e main.o
                               0x1b08 (size before relaxing)
 .debug_str     0x00003534      0x1d4 XMEGA_API/DIGITALPIN.o
                                0x4cd (size before relaxing)
 .debug_str     0x00003708      0x327 XMEGA_API/USART.o
                                0x8c3 (size before relaxing)
 .debug_str     0x00003a2f      0x461 XMEGA_DRIVERS/clksys_driver.o
                                0x7d0 (size before relaxing)
 .debug_str     0x00003e90      0x6d8 XMEGA_DRIVERS/LUFA/Drivers/USB/Class/Device/CDCClassDevice.o
                                0xb85 (size before relaxing)
 .debug_str     0x00004568      0x5e8 XMEGA_DRIVERS/LUFA/Drivers/USB/Core/DeviceStandardReq.o
                               0x11f3 (size before relaxing)
 .debug_str     0x00004b50       0x3f XMEGA_DRIVERS/LUFA/Drivers/USB/Core/Events.o
                                0x1a1 (size before relaxing)
 .debug_str     0x00004b8f       0x7b XMEGA_DRIVERS/LUFA/Drivers/USB/Core/USBTask.o
                                0x46d (size before relaxing)
 .debug_str     0x00004c0a      0x36e XMEGA_DRIVERS/LUFA/Drivers/USB/Core/XMEGA/EndpointStream_XMEGA.o
                                0x982 (size before relaxing)
 .debug_str     0x00004f78      0x1f9 XMEGA_DRIVERS/LUFA/Drivers/USB/Core/XMEGA/Endpoint_XMEGA.o
                                0xaf3 (size before relaxing)
 .debug_str     0x00005171      0x1f3 XMEGA_DRIVERS/LUFA/Drivers/USB/Core/XMEGA/USBController_XMEGA.o
                                0xea1 (size before relaxing)
 .debug_str     0x00005364       0xb8 XMEGA_DRIVERS/LUFA/Drivers/USB/Core/XMEGA/USBInterrupt_XMEGA.o
                                0x954 (size before relaxing)
 .debug_str     0x0000541c      0x62c XMEGA_DRIVERS/TC_driver.o
                                0xc41 (size before relaxing)
 .debug_str     0x00005a48       0x6c XMEGA_SERVICES/rtcServices.o
                                0x249 (size before relaxing)
 .debug_str     0x00005ab4      0x105 XMEGA_SERVICES/time.o
                                0x2c3 (size before relaxing)

.debug_loc      0x00000000     0x8145
 *(.debug_loc)
 .debug_loc     0x00000000      0x226 Descriptors.o
 .debug_loc     0x00000226      0x281 FreeRTOS/include/portable/GCC/ATMega323/port.o
 .debug_loc     0x000004a7       0xf1 FreeRTOS/include/portable/MemMang/heap_1.o
 .debug_loc     0x00000598      0x145 FreeRTOS/list.o
 .debug_loc     0x000006dd     0x12ec FreeRTOS/tasks.o
 .debug_loc     0x000019c9     0x192b main.o
 .debug_loc     0x000032f4      0x132 XMEGA_API/DIGITALPIN.o
 .debug_loc     0x00003426      0x6ea XMEGA_API/USART.o
 .debug_loc     0x00003b10      0x2b6 XMEGA_DRIVERS/clksys_driver.o
 .debug_loc     0x00003dc6      0xb5e XMEGA_DRIVERS/LUFA/Drivers/USB/Class/Device/CDCClassDevice.o
 .debug_loc     0x00004924      0x2b6 XMEGA_DRIVERS/LUFA/Drivers/USB/Core/DeviceStandardReq.o
 .debug_loc     0x00004bda       0x22 XMEGA_DRIVERS/LUFA/Drivers/USB/Core/USBTask.o
 .debug_loc     0x00004bfc     0x22ba XMEGA_DRIVERS/LUFA/Drivers/USB/Core/XMEGA/EndpointStream_XMEGA.o
 .debug_loc     0x00006eb6      0x5c9 XMEGA_DRIVERS/LUFA/Drivers/USB/Core/XMEGA/Endpoint_XMEGA.o
 .debug_loc     0x0000747f       0xa3 XMEGA_DRIVERS/LUFA/Drivers/USB/Core/XMEGA/USBController_XMEGA.o
 .debug_loc     0x00007522      0x194 XMEGA_DRIVERS/LUFA/Drivers/USB/Core/XMEGA/USBInterrupt_XMEGA.o
 .debug_loc     0x000076b6      0x336 XMEGA_DRIVERS/TC_driver.o
 .debug_loc     0x000079ec       0xfa XMEGA_SERVICES/rtcServices.o
 .debug_loc     0x00007ae6      0x65f XMEGA_SERVICES/time.o

.debug_macinfo
 *(.debug_macinfo)

.debug_weaknames
 *(.debug_weaknames)

.debug_funcnames
 *(.debug_funcnames)

.debug_typenames
 *(.debug_typenames)

.debug_varnames
 *(.debug_varnames)

.debug_pubtypes
 *(.debug_pubtypes)

.debug_ranges   0x00000000      0xb88
 *(.debug_ranges)
 .debug_ranges  0x00000000       0x10 Descriptors.o
 .debug_ranges  0x00000010       0x38 FreeRTOS/include/portable/GCC/ATMega323/port.o
 .debug_ranges  0x00000048       0x28 FreeRTOS/include/portable/MemMang/heap_1.o
 .debug_ranges  0x00000070       0x30 FreeRTOS/list.o
 .debug_ranges  0x000000a0      0x130 FreeRTOS/tasks.o
 .debug_ranges  0x000001d0      0x1a0 main.o
 .debug_ranges  0x00000370       0x38 XMEGA_API/DIGITALPIN.o
 .debug_ranges  0x000003a8      0x110 XMEGA_API/USART.o
 .debug_ranges  0x000004b8       0x58 XMEGA_DRIVERS/clksys_driver.o
 .debug_ranges  0x00000510       0x98 XMEGA_DRIVERS/LUFA/Drivers/USB/Class/Device/CDCClassDevice.o
 .debug_ranges  0x000005a8       0x58 XMEGA_DRIVERS/LUFA/Drivers/USB/Core/DeviceStandardReq.o
 .debug_ranges  0x00000600       0x10 XMEGA_DRIVERS/LUFA/Drivers/USB/Core/Events.o
 .debug_ranges  0x00000610       0x10 XMEGA_DRIVERS/LUFA/Drivers/USB/Core/USBTask.o
 .debug_ranges  0x00000620      0x348 XMEGA_DRIVERS/LUFA/Drivers/USB/Core/XMEGA/EndpointStream_XMEGA.o
 .debug_ranges  0x00000968       0xb8 XMEGA_DRIVERS/LUFA/Drivers/USB/Core/XMEGA/Endpoint_XMEGA.o
 .debug_ranges  0x00000a20       0x20 XMEGA_DRIVERS/LUFA/Drivers/USB/Core/XMEGA/USBController_XMEGA.o
 .debug_ranges  0x00000a40       0x20 XMEGA_DRIVERS/LUFA/Drivers/USB/Core/XMEGA/USBInterrupt_XMEGA.o
 .debug_ranges  0x00000a60       0xb8 XMEGA_DRIVERS/TC_driver.o
 .debug_ranges  0x00000b18       0x20 XMEGA_SERVICES/rtcServices.o
 .debug_ranges  0x00000b38       0x50 XMEGA_SERVICES/time.o

.debug_macro
 *(.debug_macro)
OUTPUT(penguin.elf elf32-avr)
LOAD linker stubs
