Archive member included to satisfy reference by file (symbol)

c:/program files (x86)/atmel/studio/7.0/toolchain/avr8/avr8-gnu-toolchain/bin/../lib/gcc/avr/4.9.2/avrxmega6\libgcc.a(_udivmodsi4.o)
                              main.o (__udivmodsi4)
c:/program files (x86)/atmel/studio/7.0/toolchain/avr8/avr8-gnu-toolchain/bin/../lib/gcc/avr/4.9.2/avrxmega6\libgcc.a(_exit.o)
                              C:/Program Files (x86)/Atmel/Studio/7.0/Packs/atmel/XMEGAC_DFP/1.0.29/gcc/dev/atxmega384c3/avrxmega6/crtatxmega384c3.o (exit)
c:/program files (x86)/atmel/studio/7.0/toolchain/avr8/avr8-gnu-toolchain/bin/../lib/gcc/avr/4.9.2/avrxmega6\libgcc.a(_tablejump2.o)
                              xmega_drivers/LUFA/Drivers/USB/Class/Common/HIDParser.o (__tablejump2__)
c:/program files (x86)/atmel/studio/7.0/toolchain/avr8/avr8-gnu-toolchain/bin/../lib/gcc/avr/4.9.2/avrxmega6\libgcc.a(_copy_data.o)
                              Component_Drivers/nrf24l01p/nrf24l01p.o (__do_copy_data)
c:/program files (x86)/atmel/studio/7.0/toolchain/avr8/avr8-gnu-toolchain/bin/../lib/gcc/avr/4.9.2/avrxmega6\libgcc.a(_clear_bss.o)
                              Component_Drivers/nrf24l01p/nrf24l01p.o (__do_clear_bss)
c:/program files (x86)/atmel/studio/7.0/toolchain/avr8/avr8-gnu-toolchain/bin/../lib/gcc/avr/4.9.2/avrxmega6\libgcc.a(_mulshisi3.o)
                              main.o (__mulshisi3)
c:/program files (x86)/atmel/studio/7.0/toolchain/avr8/avr8-gnu-toolchain/bin/../lib/gcc/avr/4.9.2/avrxmega6\libgcc.a(_ashrdi3.o)
                              Component_Drivers/nrf24l01p/nrf24l01p.o (__lshrdi3)
c:/program files (x86)/atmel/studio/7.0/toolchain/avr8/avr8-gnu-toolchain/bin/../lib/gcc/avr/4.9.2/avrxmega6\libgcc.a(_muluhisi3.o)
                              c:/program files (x86)/atmel/studio/7.0/toolchain/avr8/avr8-gnu-toolchain/bin/../lib/gcc/avr/4.9.2/avrxmega6\libgcc.a(_mulshisi3.o) (__muluhisi3)
c:/program files (x86)/atmel/studio/7.0/toolchain/avr8/avr8-gnu-toolchain/bin/../lib/gcc/avr/4.9.2/avrxmega6\libgcc.a(_umulhisi3.o)
                              c:/program files (x86)/atmel/studio/7.0/toolchain/avr8/avr8-gnu-toolchain/bin/../lib/gcc/avr/4.9.2/avrxmega6\libgcc.a(_muluhisi3.o) (__umulhisi3)
c:/program files (x86)/atmel/studio/7.0/toolchain/avr8/avr8-gnu-toolchain/bin/../lib/gcc/avr/4.9.2/../../../../avr/lib/avrxmega6\libc.a(memcpy_P.o)
                              xmega_drivers/LUFA/Drivers/USB/Class/Device/RNDISClassDevice.o (memcpy_P)
c:/program files (x86)/atmel/studio/7.0/toolchain/avr8/avr8-gnu-toolchain/bin/../lib/gcc/avr/4.9.2/../../../../avr/lib/avrxmega6\libc.a(memcmp.o)
                              xmega_drivers/LUFA/Drivers/USB/Class/Device/HIDClassDevice.o (memcmp)
c:/program files (x86)/atmel/studio/7.0/toolchain/avr8/avr8-gnu-toolchain/bin/../lib/gcc/avr/4.9.2/../../../../avr/lib/avrxmega6\libc.a(memcpy.o)
                              xmega_drivers/LUFA/Drivers/USB/Class/Device/HIDClassDevice.o (memcpy)
c:/program files (x86)/atmel/studio/7.0/toolchain/avr8/avr8-gnu-toolchain/bin/../lib/gcc/avr/4.9.2/../../../../avr/lib/avrxmega6\libc.a(memset.o)
                              xmega_drivers/LUFA/Drivers/USB/Class/Device/HIDClassDevice.o (memset)
c:/program files (x86)/atmel/studio/7.0/toolchain/avr8/avr8-gnu-toolchain/bin/../lib/gcc/avr/4.9.2/../../../../avr/lib/avrxmega6\libc.a(iob.o)
                              xmega_drivers/LUFA/Drivers/Peripheral/XMEGA/Serial_XMEGA.o (__iob)
C:/Program Files (x86)/Atmel/Studio/7.0/Packs/atmel/XMEGAC_DFP/1.0.29/gcc/dev/atxmega384c3/avrxmega6\libatxmega384c3.a(eerd_byte.o)
                              xmega_drivers/LUFA/Drivers/USB/Core/XMEGA/EndpointStream_XMEGA.o (eeprom_read_byte)
C:/Program Files (x86)/Atmel/Studio/7.0/Packs/atmel/XMEGAC_DFP/1.0.29/gcc/dev/atxmega384c3/avrxmega6\libatxmega384c3.a(eeupd_byte.o)
                              xmega_drivers/LUFA/Drivers/USB/Core/XMEGA/EndpointStream_XMEGA.o (eeprom_update_byte)
C:/Program Files (x86)/Atmel/Studio/7.0/Packs/atmel/XMEGAC_DFP/1.0.29/gcc/dev/atxmega384c3/avrxmega6\libatxmega384c3.a(eewr_byte.o)
                              C:/Program Files (x86)/Atmel/Studio/7.0/Packs/atmel/XMEGAC_DFP/1.0.29/gcc/dev/atxmega384c3/avrxmega6\libatxmega384c3.a(eeupd_byte.o) (eeprom_write_r18)

Allocating common symbols
Common symbol       size              file

USB_IsInitialized   0x1               xmega_drivers/LUFA/Drivers/USB/Core/USBTask.o
USB_EndpointTable   0x23              xmega_drivers/LUFA/Drivers/USB/Core/XMEGA/USBController_XMEGA.o
USB_Endpoint_SelectedFIFO
                    0x2               xmega_drivers/LUFA/Drivers/USB/Core/XMEGA/Endpoint_XMEGA.o
USB_DeviceState     0x1               xmega_drivers/LUFA/Drivers/USB/Core/USBTask.o
csn_value           0x1               Component_Drivers/nrf24l01p/nrf24l01p.o
USB_Device_ConfigurationNumber
                    0x1               xmega_drivers/LUFA/Drivers/USB/Core/DeviceStandardReq.o
ce_value            0x1               Component_Drivers/nrf24l01p/nrf24l01p.o
[...]
Memory Configuration

Name             Origin             Length             Attributes
text             0x00000000         0x00100000         xr
data             0x00802000         0x0000ffa0         rw !x
eeprom           0x00810000         0x00010000         rw !x
fuse             0x00820000         0x00000400         rw !x
lock             0x00830000         0x00000400         rw !x
signature        0x00840000         0x00000400         rw !x
user_signatures  0x00850000         0x00000400         rw !x
*default*        0x00000000         0xffffffff

Linker script and memory map

LOAD C:/Program Files (x86)/Atmel/Studio/7.0/Packs/atmel/XMEGAC_DFP/1.0.29/gcc/dev/atxmega384c3/avrxmega6/crtatxmega384c3.o
LOAD Component_Drivers/nrf24l01p/nrf24l01p.o
LOAD Component_Drivers/ssd1306/font.o
LOAD Descriptors.o
LOAD main.o
LOAD xmega_API/DIGITALPIN.o
LOAD xmega_drivers/adc_driver.o
LOAD xmega_drivers/clksys_driver.o
LOAD xmega_drivers/dma_driver.o
LOAD xmega_drivers/eeprom_driver.o
LOAD xmega_drivers/LUFA/Drivers/Board/Temperature.o
LOAD xmega_drivers/LUFA/Drivers/Peripheral/AVR8/Serial_AVR8.o
LOAD xmega_drivers/LUFA/Drivers/Peripheral/AVR8/TWI_AVR8.o
LOAD xmega_drivers/LUFA/Drivers/Peripheral/XMEGA/Serial_XMEGA.o
LOAD xmega_drivers/LUFA/Drivers/Peripheral/XMEGA/TWI_XMEGA.o
LOAD xmega_drivers/LUFA/Drivers/USB/Class/Common/HIDParser.o
LOAD xmega_drivers/LUFA/Drivers/USB/Class/Device/AudioClassDevice.o
LOAD xmega_drivers/LUFA/Drivers/USB/Class/Device/CDCClassDevice.o
LOAD xmega_drivers/LUFA/Drivers/USB/Class/Device/HIDClassDevice.o
LOAD xmega_drivers/LUFA/Drivers/USB/Class/Device/MassStorageClassDevice.o
LOAD xmega_drivers/LUFA/Drivers/USB/Class/Device/MIDIClassDevice.o
LOAD xmega_drivers/LUFA/Drivers/USB/Class/Device/PrinterClassDevice.o
LOAD xmega_drivers/LUFA/Drivers/USB/Class/Device/RNDISClassDevice.o
LOAD xmega_drivers/LUFA/Drivers/USB/Class/Host/AndroidAccessoryClassHost.o
LOAD xmega_drivers/LUFA/Drivers/USB/Class/Host/AudioClassHost.o
LOAD xmega_drivers/LUFA/Drivers/USB/Class/Host/CDCClassHost.o
LOAD xmega_drivers/LUFA/Drivers/USB/Class/Host/HIDClassHost.o
LOAD xmega_drivers/LUFA/Drivers/USB/Class/Host/MassStorageClassHost.o
LOAD xmega_drivers/LUFA/Drivers/USB/Class/Host/MIDIClassHost.o
LOAD xmega_drivers/LUFA/Drivers/USB/Class/Host/PrinterClassHost.o
LOAD xmega_drivers/LUFA/Drivers/USB/Class/Host/RNDISClassHost.o
LOAD xmega_drivers/LUFA/Drivers/USB/Class/Host/StillImageClassHost.o
LOAD xmega_drivers/LUFA/Drivers/USB/Core/AVR8/Device_AVR8.o
LOAD xmega_drivers/LUFA/Drivers/USB/Core/AVR8/EndpointStream_AVR8.o
LOAD xmega_drivers/LUFA/Drivers/USB/Core/AVR8/Endpoint_AVR8.o
LOAD xmega_drivers/LUFA/Drivers/USB/Core/AVR8/Host_AVR8.o
LOAD xmega_drivers/LUFA/Drivers/USB/Core/AVR8/PipeStream_AVR8.o
LOAD xmega_drivers/LUFA/Drivers/USB/Core/AVR8/Pipe_AVR8.o
LOAD xmega_drivers/LUFA/Drivers/USB/Core/AVR8/Template/Template_Endpoint_Control_R.o
LOAD xmega_drivers/LUFA/Drivers/USB/Core/AVR8/Template/Template_Endpoint_Control_W.o
LOAD xmega_drivers/LUFA/Drivers/USB/Core/AVR8/Template/Template_Endpoint_RW.o
LOAD xmega_drivers/LUFA/Drivers/USB/Core/AVR8/Template/Template_Pipe_RW.o
LOAD xmega_drivers/LUFA/Drivers/USB/Core/AVR8/USBController_AVR8.o
LOAD xmega_drivers/LUFA/Drivers/USB/Core/AVR8/USBInterrupt_AVR8.o
LOAD xmega_drivers/LUFA/Drivers/USB/Core/ConfigDescriptors.o
LOAD xmega_drivers/LUFA/Drivers/USB/Core/DeviceStandardReq.o
LOAD xmega_drivers/LUFA/Drivers/USB/Core/Events.o
LOAD xmega_drivers/LUFA/Drivers/USB/Core/HostStandardReq.o
LOAD xmega_drivers/LUFA/Drivers/USB/Core/UC3/Device_UC3.o
LOAD xmega_drivers/LUFA/Drivers/USB/Core/UC3/EndpointStream_UC3.o
LOAD xmega_drivers/LUFA/Drivers/USB/Core/UC3/Endpoint_UC3.o
LOAD xmega_drivers/LUFA/Drivers/USB/Core/UC3/Host_UC3.o
LOAD xmega_drivers/LUFA/Drivers/USB/Core/UC3/PipeStream_UC3.o
LOAD xmega_drivers/LUFA/Drivers/USB/Core/UC3/Pipe_UC3.o
LOAD xmega_drivers/LUFA/Drivers/USB/Core/UC3/Template/Template_Endpoint_Control_R.o
LOAD xmega_drivers/LUFA/Drivers/USB/Core/UC3/Template/Template_Endpoint_Control_W.o
LOAD xmega_drivers/LUFA/Drivers/USB/Core/UC3/Template/Template_Endpoint_RW.o
LOAD xmega_drivers/LUFA/Drivers/USB/Core/UC3/Template/Template_Pipe_RW.o
LOAD xmega_drivers/LUFA/Drivers/USB/Core/UC3/USBController_UC3.o
LOAD xmega_drivers/LUFA/Drivers/USB/Core/UC3/USBInterrupt_UC3.o
LOAD xmega_drivers/LUFA/Drivers/USB/Core/USBTask.o
LOAD xmega_drivers/LUFA/Drivers/USB/Core/XMEGA/Device_XMEGA.o
LOAD xmega_drivers/LUFA/Drivers/USB/Core/XMEGA/EndpointStream_XMEGA.o
LOAD xmega_drivers/LUFA/Drivers/USB/Core/XMEGA/Endpoint_XMEGA.o
LOAD xmega_drivers/LUFA/Drivers/USB/Core/XMEGA/Host_XMEGA.o
LOAD xmega_drivers/LUFA/Drivers/USB/Core/XMEGA/PipeStream_XMEGA.o
LOAD xmega_drivers/LUFA/Drivers/USB/Core/XMEGA/Pipe_XMEGA.o
LOAD xmega_drivers/LUFA/Drivers/USB/Core/XMEGA/Template/Template_Endpoint_Control_R.o
LOAD xmega_drivers/LUFA/Drivers/USB/Core/XMEGA/Template/Template_Endpoint_Control_W.o
LOAD xmega_drivers/LUFA/Drivers/USB/Core/XMEGA/Template/Template_Endpoint_RW.o
LOAD xmega_drivers/LUFA/Drivers/USB/Core/XMEGA/USBController_XMEGA.o
LOAD xmega_drivers/LUFA/Drivers/USB/Core/XMEGA/USBInterrupt_XMEGA.o
LOAD xmega_drivers/LUFA/Platform/UC3/Exception.o
LOAD xmega_drivers/LUFA/Platform/UC3/InterruptManagement.o
LOAD xmega_drivers/pmic_driver.o
LOAD xmega_drivers/port_driver.o
LOAD xmega_drivers/rtc_driver.o
LOAD xmega_drivers/spi_driver.o
LOAD xmega_drivers/TC_driver.o
LOAD xmega_drivers/twi_master_driver.o
LOAD xmega_drivers/twi_slave_driver.o
LOAD xmega_drivers/usart_driver.o
START GROUP
LOAD c:/program files (x86)/atmel/studio/7.0/toolchain/avr8/avr8-gnu-toolchain/bin/../lib/gcc/avr/4.9.2/../../../../avr/lib/avrxmega6\libm.a
END GROUP
START GROUP
LOAD c:/program files (x86)/atmel/studio/7.0/toolchain/avr8/avr8-gnu-toolchain/bin/../lib/gcc/avr/4.9.2/avrxmega6\libgcc.a
LOAD c:/program files (x86)/atmel/studio/7.0/toolchain/avr8/avr8-gnu-toolchain/bin/../lib/gcc/avr/4.9.2/../../../../avr/lib/avrxmega6\libm.a
LOAD c:/program files (x86)/atmel/studio/7.0/toolchain/avr8/avr8-gnu-toolchain/bin/../lib/gcc/avr/4.9.2/../../../../avr/lib/avrxmega6\libc.a
LOAD C:/Program Files (x86)/Atmel/Studio/7.0/Packs/atmel/XMEGAC_DFP/1.0.29/gcc/dev/atxmega384c3/avrxmega6\libatxmega384c3.a
END GROUP

.hash
 *(.hash)

.dynsym
 *(.dynsym)

.dynstr
 *(.dynstr)

.gnu.version
 *(.gnu.version)

.gnu.version_d
 *(.gnu.version_d)

.gnu.version_r
 *(.gnu.version_r)

.rel.init
 *(.rel.init)

.rela.init
 *(.rela.init)

.rel.text
 *(.rel.text)
 *(.rel.text.*)
 *(.rel.gnu.linkonce.t*)

.rela.text
 *(.rela.text)
 *(.rela.text.*)
 *(.rela.gnu.linkonce.t*)

.rel.fini
 *(.rel.fini)

.rela.fini
 *(.rela.fini)

.rel.rodata
 *(.rel.rodata)
 *(.rel.rodata.*)
 *(.rel.gnu.linkonce.r*)

.rela.rodata
 *(.rela.rodata)
 *(.rela.rodata.*)
 *(.rela.gnu.linkonce.r*)

.rel.data
 *(.rel.data)
 *(.rel.data.*)
 *(.rel.gnu.linkonce.d*)

.rela.data
 *(.rela.data)
 *(.rela.data.*)
 *(.rela.gnu.linkonce.d*)

.rel.ctors
 *(.rel.ctors)

.rela.ctors
 *(.rela.ctors)

.rel.dtors
 *(.rel.dtors)

.rela.dtors
 *(.rela.dtors)

.rel.got
 *(.rel.got)

.rela.got
 *(.rela.got)

.rel.bss
 *(.rel.bss)

.rela.bss
 *(.rela.bss)

.rel.plt
 *(.rel.plt)

.rela.plt
 *(.rela.plt)

.text           0x00000000      0xf98
 *(.vectors)
 .vectors       0x00000000      0x1fc C:/Program Files (x86)/Atmel/Studio/7.0/Packs/atmel/XMEGAC_DFP/1.0.29/gcc/dev/atxmega384c3/avrxmega6/crtatxmega384c3.o
                0x00000000                __vector_default
                0x00000000                __vectors
 *(.vectors)
 *(.progmem.gcc*)
                0x000001fc                . = ALIGN (0x2)
                0x000001fc                __trampolines_start = .
 *(.trampolines)
 .trampolines   0x000001fc        0x0 linker stubs
 *(.trampolines*)
                0x000001fc                __trampolines_end = .
 *(.progmem*)
                0x000001fc                . = ALIGN (0x2)
 *(.jumptables)
 *(.jumptables*)
 *(.lowtext)
 *(.lowtext*)
                0x000001fc                __ctors_start = .
 *(.ctors)
                0x000001fc                __ctors_end = .
                0x000001fc                __dtors_start = .
 *(.dtors)
                0x000001fc                __dtors_end = .
 SORT(*)(.ctors)
 SORT(*)(.dtors)
 *(.init0)
 .init0         0x000001fc        0x0 C:/Program Files (x86)/Atmel/Studio/7.0/Packs/atmel/XMEGAC_DFP/1.0.29/gcc/dev/atxmega384c3/avrxmega6/crtatxmega384c3.o
                0x000001fc                __init
 *(.init0)
 *(.init1)
 *(.init1)
 *(.init2)
 .init2         0x000001fc       0x10 C:/Program Files (x86)/Atmel/Studio/7.0/Packs/atmel/XMEGAC_DFP/1.0.29/gcc/dev/atxmega384c3/avrxmega6/crtatxmega384c3.o
 *(.init2)
 *(.init3)
 *(.init3)
 *(.init4)
 .init4         0x0000020c       0x1a c:/program files (x86)/atmel/studio/7.0/toolchain/avr8/avr8-gnu-toolchain/bin/../lib/gcc/avr/4.9.2/avrxmega6\libgcc.a(_copy_data.o)
                0x0000020c                __do_copy_data
 .init4         0x00000226       0x10 c:/program files (x86)/atmel/studio/7.0/toolchain/avr8/avr8-gnu-toolchain/bin/../lib/gcc/avr/4.9.2/avrxmega6\libgcc.a(_clear_bss.o)
                0x00000226                __do_clear_bss
 *(.init4)
 *(.init5)
 *(.init5)
 *(.init6)
 *(.init6)
 *(.init7)
 *(.init7)
 *(.init8)
 *(.init8)
 *(.init9)
 .init9         0x00000236        0x8 C:/Program Files (x86)/Atmel/Studio/7.0/Packs/atmel/XMEGAC_DFP/1.0.29/gcc/dev/atxmega384c3/avrxmega6/crtatxmega384c3.o
 *(.init9)
 *(.text)
 .text          0x0000023e        0x4 C:/Program Files (x86)/Atmel/Studio/7.0/Packs/atmel/XMEGAC_DFP/1.0.29/gcc/dev/atxmega384c3/avrxmega6/crtatxmega384c3.o
                0x0000023e                __vector_38
                0x0000023e                __vector_104
                0x0000023e                __vector_22
                0x0000023e                __vector_63
                0x0000023e                __vector_28
                0x0000023e                __vector_67
                0x0000023e                __vector_1
                0x0000023e                __vector_119
                0x0000023e                __vector_32
                0x0000023e                __vector_75
                0x0000023e                __vector_71
                0x0000023e                __vector_91
                0x0000023e                __vector_34
                0x0000023e                __vector_62
                0x0000023e                __vector_77
                0x0000023e                __vector_102
                0x0000023e                __vector_24
                0x0000023e                __vector_12
                0x0000023e                __vector_55
                0x0000023e                __vector_69
                0x0000023e                __vector_81
                0x0000023e                __vector_90
                0x0000023e                __vector_46
                0x0000023e                __bad_interrupt
                0x0000023e                __vector_122
                0x0000023e                __vector_72
                0x0000023e                __vector_114
                0x0000023e                __vector_6
                0x0000023e                __vector_110
                0x0000023e                __vector_31
                0x0000023e                __vector_92
                0x0000023e                __vector_35
                0x0000023e                __vector_78
                0x0000023e                __vector_74
                0x0000023e                __vector_117
                0x0000023e                __vector_39
                0x0000023e                __vector_107
                0x0000023e                __vector_3
                0x0000023e                __vector_105
                0x0000023e                __vector_98
                0x0000023e                __vector_23
                0x0000023e                __vector_68
                0x0000023e                __vector_30
                0x0000023e                __vector_73
                0x0000023e                __vector_45
                0x0000023e                __vector_25
                0x0000023e                __vector_93
                0x0000023e                __vector_61
                0x0000023e                __vector_11
                0x0000023e                __vector_54
                0x0000023e                __vector_99
                0x0000023e                __vector_13
                0x0000023e                __vector_17
                0x0000023e                __vector_19
                0x0000023e                __vector_56
                0x0000023e                __vector_7
                0x0000023e                __vector_49
                0x0000023e                __vector_123
                0x0000023e                __vector_41
                0x0000023e                __vector_86
                0x0000023e                __vector_100
                0x0000023e                __vector_101
                0x0000023e                __vector_64
                0x0000023e                __vector_88
                0x0000023e                __vector_109
                0x0000023e                __vector_43
                0x0000023e                __vector_27
                0x0000023e                __vector_5
                0x0000023e                __vector_113
                0x0000023e                __vector_33
                0x0000023e                __vector_76
                0x0000023e                __vector_115
                0x0000023e                __vector_47
                0x0000023e                __vector_52
                0x0000023e                __vector_37
                0x0000023e                __vector_95
                0x0000023e                __vector_103
                0x0000023e                __vector_96
                0x0000023e                __vector_89
                0x0000023e                __vector_108
                0x0000023e                __vector_4
                0x0000023e                __vector_44
                0x0000023e                __vector_82
                0x0000023e                __vector_106
                0x0000023e                __vector_118
                0x0000023e                __vector_51
                0x0000023e                __vector_9
                0x0000023e                __vector_2
                0x0000023e                __vector_21
                0x0000023e                __vector_15
                0x0000023e                __vector_66
                0x0000023e                __vector_36
                0x0000023e                __vector_79
                0x0000023e                __vector_58
                0x0000023e                __vector_70
                0x0000023e                __vector_83
                0x0000023e                __vector_29
                0x0000023e                __vector_60
                0x0000023e                __vector_121
                0x0000023e                __vector_40
                0x0000023e                __vector_85
                0x0000023e                __vector_94
                0x0000023e                __vector_126
                0x0000023e                __vector_8
                0x0000023e                __vector_26
                0x0000023e                __vector_48
                0x0000023e                __vector_124
                0x0000023e                __vector_116
                0x0000023e                __vector_112
                0x0000023e                __vector_111
                0x0000023e                __vector_80
                0x0000023e                __vector_14
                0x0000023e                __vector_84
                0x0000023e                __vector_57
                0x0000023e                __vector_53
                0x0000023e                __vector_10
                0x0000023e                __vector_50
                0x0000023e                __vector_16
                0x0000023e                __vector_59
                0x0000023e                __vector_18
                0x0000023e                __vector_97
                0x0000023e                __vector_20
                0x0000023e                __vector_42
                0x0000023e                __vector_87
                0x0000023e                __vector_65
                0x0000023e                __vector_120
                0x00000242                . = ALIGN (0x2)
 *(.text.*)
 .text.arch_spi_master_transmit_byte_val
                0x00000242       0x14 Component_Drivers/nrf24l01p/nrf24l01p.o
 .text.arch_spi_master_transmit_byte_ref
                0x00000256       0x18 Component_Drivers/nrf24l01p/nrf24l01p.o
 .text._nrf24l01p_ce_pin
                0x0000026e       0x22 Component_Drivers/nrf24l01p/nrf24l01p.o
                0x0000026e                _nrf24l01p_ce_pin
 .text._nrf24l01p_csn_pin
                0x00000290       0x22 Component_Drivers/nrf24l01p/nrf24l01p.o
                0x00000290                _nrf24l01p_csn_pin
 .text._nrf24l01p_read_register
                0x000002b2       0x5e Component_Drivers/nrf24l01p/nrf24l01p.o
                0x000002b2                _nrf24l01p_read_register
 .text._nrf24l01p_write_register
                0x00000310       0x50 Component_Drivers/nrf24l01p/nrf24l01p.o
                0x00000310                _nrf24l01p_write_register
 .text._nrf24l01p_write_tx_payload
                0x00000360       0x4a Component_Drivers/nrf24l01p/nrf24l01p.o
                0x00000360                _nrf24l01p_write_tx_payload
 .text._nrf24l01p_flush_rx
                0x000003aa       0x14 Component_Drivers/nrf24l01p/nrf24l01p.o
                0x000003aa                _nrf24l01p_flush_rx
 .text._nrf24l01p_get_status
                0x000003be       0x1e Component_Drivers/nrf24l01p/nrf24l01p.o
                0x000003be                _nrf24l01p_get_status
 .text._nrf24l01p_power_up
                0x000003dc       0x4a Component_Drivers/nrf24l01p/nrf24l01p.o
                0x000003dc                _nrf24l01p_power_up
 .text._nrf24l01p_power_down
                0x00000426       0x3e Component_Drivers/nrf24l01p/nrf24l01p.o
                0x00000426                _nrf24l01p_power_down
 .text._nrf24l01p_rx_mode
                0x00000464       0x3e Component_Drivers/nrf24l01p/nrf24l01p.o
                0x00000464                _nrf24l01p_rx_mode
 .text._nrf24l01p_tx_mode
                0x000004a2       0x3e Component_Drivers/nrf24l01p/nrf24l01p.o
                0x000004a2                _nrf24l01p_tx_mode
 .text._nrf24l01p_disable_auto_ack_all_pipes
                0x000004e0       0x24 Component_Drivers/nrf24l01p/nrf24l01p.o
                0x000004e0                _nrf24l01p_disable_auto_ack_all_pipes
 .text._nrf24l01p_enable_rx_on_pipe
                0x00000504       0x4e Component_Drivers/nrf24l01p/nrf24l01p.o
                0x00000504                _nrf24l01p_enable_rx_on_pipe
 .text._nrf24l01p_get_data_sent_flag
                0x00000552       0x18 Component_Drivers/nrf24l01p/nrf24l01p.o
                0x00000552                _nrf24l01p_get_data_sent_flag
 .text._nrf24l01p_clear_data_sent_flag
                0x0000056a       0x2a Component_Drivers/nrf24l01p/nrf24l01p.o
                0x0000056a                _nrf24l01p_clear_data_sent_flag
 .text._nrf24l01p_enable_dynamic_payload_pipe
                0x00000594       0x4e Component_Drivers/nrf24l01p/nrf24l01p.o
                0x00000594                _nrf24l01p_enable_dynamic_payload_pipe
 .text._nrf24l01p_disable_dynamic_payload_all_pipe
                0x000005e2       0x24 Component_Drivers/nrf24l01p/nrf24l01p.o
                0x000005e2                _nrf24l01p_disable_dynamic_payload_all_pipe
 .text._nrf24l01p_enable_dynamic_payload
                0x00000606       0x38 Component_Drivers/nrf24l01p/nrf24l01p.o
                0x00000606                _nrf24l01p_enable_dynamic_payload
 .text._nrf24l01p_startup
                0x0000063e       0x66 Component_Drivers/nrf24l01p/nrf24l01p.o
                0x0000063e                _nrf24l01p_startup
 .text._nrf24l01p_init
                0x000006a4       0x74 Component_Drivers/nrf24l01p/nrf24l01p.o
                0x000006a4                _nrf24l01p_init
 .text._nrf24l01p_write
                0x00000718       0x92 Component_Drivers/nrf24l01p/nrf24l01p.o
                0x00000718                _nrf24l01p_write
 .text.usart_spi_transmit_receive
                0x000007aa       0x18 main.o
                0x000007aa                usart_spi_transmit_receive
 .text.ssd1306_write_command
                0x000007c2       0x2c main.o
 .text.ssd1306_write_data
                0x000007ee       0x44 main.o
                0x000007ee                ssd1306_write_data
 .text.ssd1306_set_page_address
                0x00000832        0xa main.o
                0x00000832                ssd1306_set_page_address
 .text.ssd1306_set_column_address
                0x0000083c       0x20 main.o
                0x0000083c                ssd1306_set_column_address
 .text.usart_init_spi
                0x0000085c       0x86 main.o
                0x0000085c                usart_init_spi
 .text.ssd1306_init
                0x000008e2      0x10c main.o
                0x000008e2                ssd1306_init
 .text.ssd1306_write_text
                0x000009ee       0x68 main.o
                0x000009ee                ssd1306_write_text
 .text.gfx_mono_framebuffer_put_byte
                0x00000a56       0x1c main.o
                0x00000a56                gfx_mono_framebuffer_put_byte
 .text.gfx_mono_framebuffer_get_byte
                0x00000a72       0x1c main.o
                0x00000a72                gfx_mono_framebuffer_get_byte
 .text.gfx_mono_ssd1306_put_byte
                0x00000a8e       0x3c main.o
                0x00000a8e                gfx_mono_ssd1306_put_byte
 .text.main     0x00000aca      0x154 main.o
                0x00000aca                main
 .text.EVENT_USB_Device_Connect
                0x00000c1e       0x1a main.o
                0x00000c1e                EVENT_USB_Device_Connect
 .text.EVENT_USB_Device_Disconnect
                0x00000c38       0x18 main.o
                0x00000c38                EVENT_USB_Device_Disconnect
 .text.EVENT_USB_Device_StartOfFrame
                0x00000c50       0x18 main.o
                0x00000c50                EVENT_USB_Device_StartOfFrame
 .text.DigitalPin_SetDIr
                0x00000c68       0x24 xmega_API/DIGITALPIN.o
                0x00000c68                DigitalPin_SetDIr
 .text.DigitalPin_SetValue
                0x00000c8c       0x20 xmega_API/DIGITALPIN.o
                0x00000c8c                DigitalPin_SetValue
 .text.DigitalPin_ClearValue
                0x00000cac       0x20 xmega_API/DIGITALPIN.o
                0x00000cac                DigitalPin_ClearValue
 .text.CCPWrite
                0x00000ccc       0x2a xmega_drivers/clksys_driver.o
                0x00000ccc                CCPWrite
 .text.CLKSYS_Disable
                0x00000cf6       0x14 xmega_drivers/clksys_driver.o
                0x00000cf6                CLKSYS_Disable
 .text.CLKSYS_Main_ClockSource_Select
                0x00000d0a       0x2a xmega_drivers/clksys_driver.o
                0x00000d0a                CLKSYS_Main_ClockSource_Select
 .text.USB_Event_Stub
                0x00000d34        0x2 xmega_drivers/LUFA/Drivers/USB/Core/Events.o
                0x00000d34                USB_Event_Stub
                0x00000d34                EVENT_USB_Device_Suspend
                0x00000d34                EVENT_USB_Device_Reset
                0x00000d34                EVENT_USB_Device_WakeUp
 .text.Endpoint_SelectEndpoint
                0x00000d36       0x80 xmega_drivers/LUFA/Drivers/USB/Core/XMEGA/Endpoint_XMEGA.o
                0x00000d36                Endpoint_SelectEndpoint
 .text.Endpoint_ConfigureEndpoint_PRV
                0x00000db6       0x8c xmega_drivers/LUFA/Drivers/USB/Core/XMEGA/Endpoint_XMEGA.o
                0x00000db6                Endpoint_ConfigureEndpoint_PRV
 .text.Endpoint_ClearEndpoints
                0x00000e42       0x26 xmega_drivers/LUFA/Drivers/USB/Core/XMEGA/Endpoint_XMEGA.o
                0x00000e42                Endpoint_ClearEndpoints
 .text.__vector_125
                0x00000e68       0xe8 xmega_drivers/LUFA/Drivers/USB/Core/XMEGA/USBInterrupt_XMEGA.o
                0x00000e68                __vector_125
 .text.libgcc.div
                0x00000f50       0x44 c:/program files (x86)/atmel/studio/7.0/toolchain/avr8/avr8-gnu-toolchain/bin/../lib/gcc/avr/4.9.2/avrxmega6\libgcc.a(_udivmodsi4.o)
                0x00000f50                __udivmodsi4
                0x00000f94                . = ALIGN (0x2)
 *(.fini9)
 .fini9         0x00000f94        0x0 c:/program files (x86)/atmel/studio/7.0/toolchain/avr8/avr8-gnu-toolchain/bin/../lib/gcc/avr/4.9.2/avrxmega6\libgcc.a(_exit.o)
                0x00000f94                _exit
                0x00000f94                exit
 *(.fini9)
 *(.fini8)
 *(.fini8)
 *(.fini7)
 *(.fini7)
 *(.fini6)
 *(.fini6)
 *(.fini5)
 *(.fini5)
 *(.fini4)
 *(.fini4)
 *(.fini3)
 *(.fini3)
 *(.fini2)
 *(.fini2)
 *(.fini1)
 *(.fini1)
 *(.fini0)
 .fini0         0x00000f94        0x4 c:/program files (x86)/atmel/studio/7.0/toolchain/avr8/avr8-gnu-toolchain/bin/../lib/gcc/avr/4.9.2/avrxmega6\libgcc.a(_exit.o)
 *(.fini0)
                0x00000f98                _etext = .

.data           0x00802000      0x2aa load address 0x00000f98
                0x00802000                PROVIDE (__data_start, .)
 *(.data)
 *(.data*)
 .data.nrf24l01p_ce_pin
                0x00802000        0x3 Component_Drivers/nrf24l01p/nrf24l01p.o
 .data.nrf24l01p_csn_pin
                0x00802003        0x3 Component_Drivers/nrf24l01p/nrf24l01p.o
 .data.Font08px_126
                0x00802006        0x6 Component_Drivers/ssd1306/font.o
                0x00802006                Font08px_126
 .data.Font08px_125
                0x0080200c        0x4 Component_Drivers/ssd1306/font.o
                0x0080200c                Font08px_125
 .data.Font08px_124
                0x00802010        0x2 Component_Drivers/ssd1306/font.o
                0x00802010                Font08px_124
 .data.Font08px_123
                0x00802012        0x4 Component_Drivers/ssd1306/font.o
                0x00802012                Font08px_123
 .data.Font08px_lz
                0x00802016        0x4 Component_Drivers/ssd1306/font.o
                0x00802016                Font08px_lz
 .data.Font08px_ly
                0x0080201a        0x5 Component_Drivers/ssd1306/font.o
                0x0080201a                Font08px_ly
 .data.Font08px_lx
                0x0080201f        0x6 Component_Drivers/ssd1306/font.o
                0x0080201f                Font08px_lx
 .data.Font08px_lw
                0x00802025        0x6 Component_Drivers/ssd1306/font.o
                0x00802025                Font08px_lw
 .data.Font08px_lv
                0x0080202b        0x6 Component_Drivers/ssd1306/font.o
                0x0080202b                Font08px_lv
 .data.Font08px_lu
                0x00802031        0x5 Component_Drivers/ssd1306/font.o
                0x00802031                Font08px_lu
 .data.Font08px_lt
                0x00802036        0x4 Component_Drivers/ssd1306/font.o
                0x00802036                Font08px_lt
 .data.Font08px_ls
                0x0080203a        0x5 Component_Drivers/ssd1306/font.o
                0x0080203a                Font08px_ls
 .data.Font08px_lr
                0x0080203f        0x4 Component_Drivers/ssd1306/font.o
                0x0080203f                Font08px_lr
 .data.Font08px_lq
                0x00802043        0x5 Component_Drivers/ssd1306/font.o
                0x00802043                Font08px_lq
 .data.Font08px_lp
                0x00802048        0x5 Component_Drivers/ssd1306/font.o
                0x00802048                Font08px_lp
 .data.Font08px_lo
                0x0080204d        0x5 Component_Drivers/ssd1306/font.o
                0x0080204d                Font08px_lo
 .data.Font08px_ln
                0x00802052        0x5 Component_Drivers/ssd1306/font.o
                0x00802052                Font08px_ln
 .data.Font08px_lm
                0x00802057        0x6 Component_Drivers/ssd1306/font.o
                0x00802057                Font08px_lm
 .data.Font08px_ll
                0x0080205d        0x2 Component_Drivers/ssd1306/font.o
                0x0080205d                Font08px_ll
 .data.Font08px_lk
                0x0080205f        0x5 Component_Drivers/ssd1306/font.o
                0x0080205f                Font08px_lk
 .data.Font08px_lj
                0x00802064        0x3 Component_Drivers/ssd1306/font.o
                0x00802064                Font08px_lj
 .data.Font08px_li
                0x00802067        0x2 Component_Drivers/ssd1306/font.o
                0x00802067                Font08px_li
 .data.Font08px_lh
                0x00802069        0x5 Component_Drivers/ssd1306/font.o
                0x00802069                Font08px_lh
 .data.Font08px_lg
                0x0080206e        0x5 Component_Drivers/ssd1306/font.o
                0x0080206e                Font08px_lg
 .data.Font08px_lf
                0x00802073        0x4 Component_Drivers/ssd1306/font.o
                0x00802073                Font08px_lf
 .data.Font08px_le
                0x00802077        0x5 Component_Drivers/ssd1306/font.o
                0x00802077                Font08px_le
 .data.Font08px_ld
                0x0080207c        0x5 Component_Drivers/ssd1306/font.o
                0x0080207c                Font08px_ld
 .data.Font08px_lc
                0x00802081        0x5 Component_Drivers/ssd1306/font.o
                0x00802081                Font08px_lc
 .data.Font08px_lb
                0x00802086        0x5 Component_Drivers/ssd1306/font.o
                0x00802086                Font08px_lb
 .data.Font08px_la
                0x0080208b        0x5 Component_Drivers/ssd1306/font.o
                0x0080208b                Font08px_la
 .data.Font08px_96
                0x00802090        0x3 Component_Drivers/ssd1306/font.o
                0x00802090                Font08px_96
 .data.Font08px_95
                0x00802093        0x4 Component_Drivers/ssd1306/font.o
                0x00802093                Font08px_95
 .data.Font08px_94
                0x00802097        0x4 Component_Drivers/ssd1306/font.o
                0x00802097                Font08px_94
 .data.Font08px_93
                0x0080209b        0x4 Component_Drivers/ssd1306/font.o
                0x0080209b                Font08px_93
 .data.Font08px_92
                0x0080209f        0x4 Component_Drivers/ssd1306/font.o
                0x0080209f                Font08px_92
 .data.Font08px_91
                0x008020a3        0x4 Component_Drivers/ssd1306/font.o
                0x008020a3                Font08px_91
 .data.Font08px_UZ
                0x008020a7        0x6 Component_Drivers/ssd1306/font.o
                0x008020a7                Font08px_UZ
 .data.Font08px_UY
                0x008020ad        0x6 Component_Drivers/ssd1306/font.o
                0x008020ad                Font08px_UY
 .data.Font08px_UX
                0x008020b3        0x6 Component_Drivers/ssd1306/font.o
                0x008020b3                Font08px_UX
 .data.Font08px_UW
                0x008020b9        0x6 Component_Drivers/ssd1306/font.o
                0x008020b9                Font08px_UW
 .data.Font08px_UV
                0x008020bf        0x6 Component_Drivers/ssd1306/font.o
                0x008020bf                Font08px_UV
 .data.Font08px_UU
                0x008020c5        0x5 Component_Drivers/ssd1306/font.o
                0x008020c5                Font08px_UU
 .data.Font08px_UT
                0x008020ca        0x6 Component_Drivers/ssd1306/font.o
                0x008020ca                Font08px_UT
 .data.Font08px_US
                0x008020d0        0x5 Component_Drivers/ssd1306/font.o
                0x008020d0                Font08px_US
 .data.Font08px_UR
                0x008020d5        0x5 Component_Drivers/ssd1306/font.o
                0x008020d5                Font08px_UR
 .data.Font08px_UQ
                0x008020da        0x6 Component_Drivers/ssd1306/font.o
                0x008020da                Font08px_UQ
 .data.Font08px_UP
                0x008020e0        0x5 Component_Drivers/ssd1306/font.o
                0x008020e0                Font08px_UP
 .data.Font08px_UO
                0x008020e5        0x5 Component_Drivers/ssd1306/font.o
                0x008020e5                Font08px_UO
 .data.Font08px_UN
                0x008020ea        0x6 Component_Drivers/ssd1306/font.o
                0x008020ea                Font08px_UN
 .data.Font08px_UM
                0x008020f0        0x6 Component_Drivers/ssd1306/font.o
                0x008020f0                Font08px_UM
 .data.Font08px_UL
                0x008020f6        0x5 Component_Drivers/ssd1306/font.o
                0x008020f6                Font08px_UL
 .data.Font08px_UK
                0x008020fb        0x6 Component_Drivers/ssd1306/font.o
                0x008020fb                Font08px_UK
 .data.Font08px_UJ
                0x00802101        0x5 Component_Drivers/ssd1306/font.o
                0x00802101                Font08px_UJ
 .data.Font08px_UI
                0x00802106        0x4 Component_Drivers/ssd1306/font.o
                0x00802106                Font08px_UI
 .data.Font08px_UH
                0x0080210a        0x5 Component_Drivers/ssd1306/font.o
                0x0080210a                Font08px_UH
 .data.Font08px_UG
                0x0080210f        0x6 Component_Drivers/ssd1306/font.o
                0x0080210f                Font08px_UG
 .data.Font08px_UF
                0x00802115        0x5 Component_Drivers/ssd1306/font.o
                0x00802115                Font08px_UF
 .data.Font08px_UE
                0x0080211a        0x5 Component_Drivers/ssd1306/font.o
                0x0080211a                Font08px_UE
 .data.Font08px_UD
                0x0080211f        0x5 Component_Drivers/ssd1306/font.o
                0x0080211f                Font08px_UD
 .data.Font08px_UC
                0x00802124        0x5 Component_Drivers/ssd1306/font.o
                0x00802124                Font08px_UC
 .data.Font08px_UB
                0x00802129        0x5 Component_Drivers/ssd1306/font.o
                0x00802129                Font08px_UB
 .data.Font08px_UA
                0x0080212e        0x6 Component_Drivers/ssd1306/font.o
                0x0080212e                Font08px_UA
 .data.Font08px_64
                0x00802134        0x9 Component_Drivers/ssd1306/font.o
                0x00802134                Font08px_64
 .data.Font08px_63
                0x0080213d        0x6 Component_Drivers/ssd1306/font.o
                0x0080213d                Font08px_63
 .data.Font08px_62
                0x00802143        0x5 Component_Drivers/ssd1306/font.o
                0x00802143                Font08px_62
 .data.Font08px_61
                0x00802148        0x5 Component_Drivers/ssd1306/font.o
                0x00802148                Font08px_61
 .data.Font08px_60
                0x0080214d        0x5 Component_Drivers/ssd1306/font.o
                0x0080214d                Font08px_60
 .data.Font08px_59
                0x00802152        0x2 Component_Drivers/ssd1306/font.o
                0x00802152                Font08px_59
 .data.Font08px_58
                0x00802154        0x2 Component_Drivers/ssd1306/font.o
                0x00802154                Font08px_58
 .data.Font08px_N9
                0x00802156        0x6 Component_Drivers/ssd1306/font.o
                0x00802156                Font08px_N9
 .data.Font08px_N8
                0x0080215c        0x6 Component_Drivers/ssd1306/font.o
                0x0080215c                Font08px_N8
 .data.Font08px_N7
                0x00802162        0x6 Component_Drivers/ssd1306/font.o
                0x00802162                Font08px_N7
 .data.Font08px_N6
                0x00802168        0x6 Component_Drivers/ssd1306/font.o
                0x00802168                Font08px_N6
 .data.Font08px_N5
                0x0080216e        0x6 Component_Drivers/ssd1306/font.o
                0x0080216e                Font08px_N5
 .data.Font08px_N4
                0x00802174        0x6 Component_Drivers/ssd1306/font.o
                0x00802174                Font08px_N4
 .data.Font08px_N3
                0x0080217a        0x6 Component_Drivers/ssd1306/font.o
                0x0080217a                Font08px_N3
 .data.Font08px_N2
                0x00802180        0x6 Component_Drivers/ssd1306/font.o
                0x00802180                Font08px_N2
 .data.Font08px_N1
                0x00802186        0x6 Component_Drivers/ssd1306/font.o
                0x00802186                Font08px_N1
 .data.Font08px_N0
                0x0080218c        0x6 Component_Drivers/ssd1306/font.o
                0x0080218c                Font08px_N0
 .data.Font08px_47
                0x00802192        0x4 Component_Drivers/ssd1306/font.o
                0x00802192                Font08px_47
 .data.Font08px_46
                0x00802196        0x2 Component_Drivers/ssd1306/font.o
                0x00802196                Font08px_46
 .data.Font08px_45
                0x00802198        0x4 Component_Drivers/ssd1306/font.o
                0x00802198                Font08px_45
 .data.Font08px_44
                0x0080219c        0x2 Component_Drivers/ssd1306/font.o
                0x0080219c                Font08px_44
 .data.Font08px_43
                0x0080219e        0x4 Component_Drivers/ssd1306/font.o
                0x0080219e                Font08px_43
 .data.Font08px_42
                0x008021a2        0x4 Component_Drivers/ssd1306/font.o
                0x008021a2                Font08px_42
 .data.Font08px_41
                0x008021a6        0x4 Component_Drivers/ssd1306/font.o
                0x008021a6                Font08px_41
 .data.Font08px_40
                0x008021aa        0x4 Component_Drivers/ssd1306/font.o
                0x008021aa                Font08px_40
 .data.Font08px_39
                0x008021ae        0x2 Component_Drivers/ssd1306/font.o
                0x008021ae                Font08px_39
 .data.Font08px_38
                0x008021b0        0x6 Component_Drivers/ssd1306/font.o
                0x008021b0                Font08px_38
 .data.Font08px_37
                0x008021b6        0x6 Component_Drivers/ssd1306/font.o
                0x008021b6                Font08px_37
 .data.Font08px_36
                0x008021bc        0x6 Component_Drivers/ssd1306/font.o
                0x008021bc                Font08px_36
 .data.Font08px_35
                0x008021c2        0x6 Component_Drivers/ssd1306/font.o
                0x008021c2                Font08px_35
 .data.Font08px_34
                0x008021c8        0x4 Component_Drivers/ssd1306/font.o
                0x008021c8                Font08px_34
 .data.Font08px_33
                0x008021cc        0x2 Component_Drivers/ssd1306/font.o
                0x008021cc                Font08px_33
 .data.Font08px_32
                0x008021ce        0x3 Component_Drivers/ssd1306/font.o
                0x008021ce                Font08px_32
 .data.font_table
                0x008021d1       0xbe Component_Drivers/ssd1306/font.o
                0x008021d1                font_table
 .data.Generic_HID_Interface
                0x0080228f       0x10 main.o
                0x0080228f                Generic_HID_Interface
 *(.rodata)
 *(.rodata*)
 .rodata.str1.1
                0x0080229f        0xa main.o
 *(.gnu.linkonce.d*)
                0x008022aa                . = ALIGN (0x2)
 *fill*         0x008022a9        0x1 
                0x008022aa                _edata = .
                0x008022aa                PROVIDE (__data_end, .)

.bss            0x008022aa      0x329
                0x008022aa                PROVIDE (__bss_start, .)
 *(.bss)
 *(.bss*)
 .bss.PrevHIDReportBuffer
                0x008022aa        0x8 main.o
 .bss.fbpointer
                0x008022b2        0x2 main.o
 .bss.framebuffer
                0x008022b4      0x200 main.o
 *(COMMON)
 COMMON         0x008024b4        0x5 Component_Drivers/nrf24l01p/nrf24l01p.o
                0x008024b4                csn_value
                0x008024b5                ce_value
                0x008024b6                mode
                0x008024b7                mystat
 COMMON         0x008024b9        0x3 xmega_drivers/LUFA/Drivers/USB/Core/DeviceStandardReq.o
                0x008024b9                USB_Device_ConfigurationNumber
                0x008024ba                USB_Device_CurrentlySelfPowered
                0x008024bb                USB_Device_RemoteWakeupEnabled
 COMMON         0x008024bc        0xa xmega_drivers/LUFA/Drivers/USB/Core/USBTask.o
                0x008024bc                USB_IsInitialized
                0x008024bd                USB_DeviceState
                0x008024be                USB_ControlRequest
 COMMON         0x008024c6      0x10d xmega_drivers/LUFA/Drivers/USB/Core/XMEGA/Endpoint_XMEGA.o
                0x008024c6                USB_Endpoint_SelectedFIFO
                0x008024c8                USB_Endpoint_SelectedHandle
                0x008024ca                USB_Endpoint_SelectedEndpoint
                0x008024cb                USB_Endpoint_FIFOs
                0x008025d3                PROVIDE (__bss_end, .)
                0x00000f98                __data_load_start = LOADADDR (.data)
                0x00001242                __data_load_end = (__data_load_start + SIZEOF (.data))

.noinit         0x008025d3        0x0
                0x008025d3                PROVIDE (__noinit_start, .)
 *(.noinit*)
                0x008025d3                PROVIDE (__noinit_end, .)
                0x008025d3                _end = .
                0x008025d3                PROVIDE (__heap_start, .)

.eeprom         0x00810000        0x0
 *(.eeprom*)
                0x00810000                __eeprom_end = .

.fuse
 *(.fuse)
 *(.lfuse)
 *(.hfuse)
 *(.efuse)

.lock
 *(.lock*)

.signature
 *(.signature*)

.user_signatures
 *(.user_signatures*)

.stab
 *(.stab)

.stabstr
 *(.stabstr)

.stab.excl
 *(.stab.excl)

.stab.exclstr
 *(.stab.exclstr)

.stab.index
 *(.stab.index)

.stab.indexstr
 *(.stab.indexstr)

.comment        0x00000000       0x30
 *(.comment)
 .comment       0x00000000       0x30 Component_Drivers/nrf24l01p/nrf24l01p.o
                                 0x31 (size before relaxing)
 .comment       0x00000030       0x31 Component_Drivers/ssd1306/font.o
 .comment       0x00000030       0x31 main.o
 .comment       0x00000030       0x31 xmega_API/DIGITALPIN.o
 .comment       0x00000030       0x31 xmega_drivers/clksys_driver.o
 .comment       0x00000030       0x31 xmega_drivers/LUFA/Drivers/USB/Core/DeviceStandardReq.o
 .comment       0x00000030       0x31 xmega_drivers/LUFA/Drivers/USB/Core/Events.o
 .comment       0x00000030       0x31 xmega_drivers/LUFA/Drivers/USB/Core/USBTask.o
 .comment       0x00000030       0x31 xmega_drivers/LUFA/Drivers/USB/Core/XMEGA/Endpoint_XMEGA.o
 .comment       0x00000030       0x31 xmega_drivers/LUFA/Drivers/USB/Core/XMEGA/USBInterrupt_XMEGA.o

.note.gnu.avr.deviceinfo
                0x00000000       0x40
 .note.gnu.avr.deviceinfo
                0x00000000       0x40 C:/Program Files (x86)/Atmel/Studio/7.0/Packs/atmel/XMEGAC_DFP/1.0.29/gcc/dev/atxmega384c3/avrxmega6/crtatxmega384c3.o

.note.gnu.build-id
 *(.note.gnu.build-id)

.debug
 *(.debug)

.line
 *(.line)

.debug_srcinfo
 *(.debug_srcinfo)

.debug_sfnames
 *(.debug_sfnames)

.debug_aranges  0x00000000      0x5b8
 *(.debug_aranges)
 .debug_aranges
                0x00000000      0x270 Component_Drivers/nrf24l01p/nrf24l01p.o
 .debug_aranges
                0x00000270       0x18 Component_Drivers/ssd1306/font.o
 .debug_aranges
                0x00000288      0x168 main.o
 .debug_aranges
                0x000003f0       0x40 xmega_API/DIGITALPIN.o
 .debug_aranges
                0x00000430       0x68 xmega_drivers/clksys_driver.o
 .debug_aranges
                0x00000498       0x20 xmega_drivers/LUFA/Drivers/USB/Core/DeviceStandardReq.o
 .debug_aranges
                0x000004b8       0x20 xmega_drivers/LUFA/Drivers/USB/Core/Events.o
 .debug_aranges
                0x000004d8       0x20 xmega_drivers/LUFA/Drivers/USB/Core/USBTask.o
 .debug_aranges
                0x000004f8       0x90 xmega_drivers/LUFA/Drivers/USB/Core/XMEGA/Endpoint_XMEGA.o
 .debug_aranges
                0x00000588       0x30 xmega_drivers/LUFA/Drivers/USB/Core/XMEGA/USBInterrupt_XMEGA.o

.debug_pubnames
 *(.debug_pubnames)

.debug_info     0x00000000     0x9650
 *(.debug_info .gnu.linkonce.wi.*)
 .debug_info    0x00000000     0x277d Component_Drivers/nrf24l01p/nrf24l01p.o
 .debug_info    0x0000277d      0x7ec Component_Drivers/ssd1306/font.o
 .debug_info    0x00002f69     0x2e0f main.o
 .debug_info    0x00005d78      0x49f xmega_API/DIGITALPIN.o
 .debug_info    0x00006217      0x645 xmega_drivers/clksys_driver.o
 .debug_info    0x0000685c     0x11b5 xmega_drivers/LUFA/Drivers/USB/Core/DeviceStandardReq.o
 .debug_info    0x00007a11       0x7f xmega_drivers/LUFA/Drivers/USB/Core/Events.o
 .debug_info    0x00007a90      0x433 xmega_drivers/LUFA/Drivers/USB/Core/USBTask.o
 .debug_info    0x00007ec3      0xd1b xmega_drivers/LUFA/Drivers/USB/Core/XMEGA/Endpoint_XMEGA.o
 .debug_info    0x00008bde      0xa72 xmega_drivers/LUFA/Drivers/USB/Core/XMEGA/USBInterrupt_XMEGA.o

.debug_abbrev   0x00000000     0x1912
 *(.debug_abbrev)
 .debug_abbrev  0x00000000      0x416 Component_Drivers/nrf24l01p/nrf24l01p.o
 .debug_abbrev  0x00000416       0x70 Component_Drivers/ssd1306/font.o
 .debug_abbrev  0x00000486      0x636 main.o
 .debug_abbrev  0x00000abc      0x161 xmega_API/DIGITALPIN.o
 .debug_abbrev  0x00000c1d      0x1c8 xmega_drivers/clksys_driver.o
 .debug_abbrev  0x00000de5      0x377 xmega_drivers/LUFA/Drivers/USB/Core/DeviceStandardReq.o
 .debug_abbrev  0x0000115c       0x44 xmega_drivers/LUFA/Drivers/USB/Core/Events.o
 .debug_abbrev  0x000011a0      0x21a xmega_drivers/LUFA/Drivers/USB/Core/USBTask.o
 .debug_abbrev  0x000013ba      0x2f2 xmega_drivers/LUFA/Drivers/USB/Core/XMEGA/Endpoint_XMEGA.o
 .debug_abbrev  0x000016ac      0x266 xmega_drivers/LUFA/Drivers/USB/Core/XMEGA/USBInterrupt_XMEGA.o

.debug_line     0x00000000     0x251a
 *(.debug_line .debug_line.* .debug_line_end)
 .debug_line    0x00000000      0x946 Component_Drivers/nrf24l01p/nrf24l01p.o
 .debug_line    0x00000946       0xa3 Component_Drivers/ssd1306/font.o
 .debug_line    0x000009e9      0xa2f main.o
 .debug_line    0x00001418      0x18b xmega_API/DIGITALPIN.o
 .debug_line    0x000015a3      0x1cc xmega_drivers/clksys_driver.o
 .debug_line    0x0000176f      0x356 xmega_drivers/LUFA/Drivers/USB/Core/DeviceStandardReq.o
 .debug_line    0x00001ac5       0x5c xmega_drivers/LUFA/Drivers/USB/Core/Events.o
 .debug_line    0x00001b21      0x1e5 xmega_drivers/LUFA/Drivers/USB/Core/USBTask.o
 .debug_line    0x00001d06      0x4b9 xmega_drivers/LUFA/Drivers/USB/Core/XMEGA/Endpoint_XMEGA.o
 .debug_line    0x000021bf      0x35b xmega_drivers/LUFA/Drivers/USB/Core/XMEGA/USBInterrupt_XMEGA.o

.debug_frame    0x00000000     0x11a0
 *(.debug_frame)
 .debug_frame   0x00000000      0x988 Component_Drivers/nrf24l01p/nrf24l01p.o
 .debug_frame   0x00000988      0x448 main.o
 .debug_frame   0x00000dd0       0x6c xmega_API/DIGITALPIN.o
 .debug_frame   0x00000e3c       0xdc xmega_drivers/clksys_driver.o
 .debug_frame   0x00000f18       0x48 xmega_drivers/LUFA/Drivers/USB/Core/DeviceStandardReq.o
 .debug_frame   0x00000f60       0x24 xmega_drivers/LUFA/Drivers/USB/Core/Events.o
 .debug_frame   0x00000f84       0x2c xmega_drivers/LUFA/Drivers/USB/Core/USBTask.o
 .debug_frame   0x00000fb0      0x164 xmega_drivers/LUFA/Drivers/USB/Core/XMEGA/Endpoint_XMEGA.o
 .debug_frame   0x00001114       0x8c xmega_drivers/LUFA/Drivers/USB/Core/XMEGA/USBInterrupt_XMEGA.o

.debug_str      0x00000000     0x3ef4
 *(.debug_str)
 .debug_str     0x00000000      0xfb9 Component_Drivers/nrf24l01p/nrf24l01p.o
                               0x1081 (size before relaxing)
 .debug_str     0x00000fb9      0x4a7 Component_Drivers/ssd1306/font.o
                                0x60b (size before relaxing)
 .debug_str     0x00001460     0x1803 main.o
                               0x1ccc (size before relaxing)
 .debug_str     0x00002c63      0x1aa xmega_API/DIGITALPIN.o
                                0x4b0 (size before relaxing)
 .debug_str     0x00002e0d      0x461 xmega_drivers/clksys_driver.o
                                0x7ca (size before relaxing)
 .debug_str     0x0000326e      0x752 xmega_drivers/LUFA/Drivers/USB/Core/DeviceStandardReq.o
                               0x11ed (size before relaxing)
 .debug_str     0x000039c0       0x3f xmega_drivers/LUFA/Drivers/USB/Core/Events.o
                                0x19b (size before relaxing)
 .debug_str     0x000039ff       0x87 xmega_drivers/LUFA/Drivers/USB/Core/USBTask.o
                                0x467 (size before relaxing)
 .debug_str     0x00003a86      0x317 xmega_drivers/LUFA/Drivers/USB/Core/XMEGA/Endpoint_XMEGA.o
                                0xaed (size before relaxing)
 .debug_str     0x00003d9d      0x157 xmega_drivers/LUFA/Drivers/USB/Core/XMEGA/USBInterrupt_XMEGA.o
                                0x94e (size before relaxing)

.debug_loc      0x00000000     0x48cd
 *(.debug_loc)
 .debug_loc     0x00000000     0x22e9 Component_Drivers/nrf24l01p/nrf24l01p.o
 .debug_loc     0x000022e9     0x17d2 main.o
 .debug_loc     0x00003abb      0x132 xmega_API/DIGITALPIN.o
 .debug_loc     0x00003bed      0x2b6 xmega_drivers/clksys_driver.o
 .debug_loc     0x00003ea3      0x2b6 xmega_drivers/LUFA/Drivers/USB/Core/DeviceStandardReq.o
 .debug_loc     0x00004159       0x22 xmega_drivers/LUFA/Drivers/USB/Core/USBTask.o
 .debug_loc     0x0000417b      0x5be xmega_drivers/LUFA/Drivers/USB/Core/XMEGA/Endpoint_XMEGA.o
 .debug_loc     0x00004739      0x194 xmega_drivers/LUFA/Drivers/USB/Core/XMEGA/USBInterrupt_XMEGA.o

.debug_macinfo
 *(.debug_macinfo)

.debug_weaknames
 *(.debug_weaknames)

.debug_funcnames
 *(.debug_funcnames)

.debug_typenames
 *(.debug_typenames)

.debug_varnames
 *(.debug_varnames)

.debug_pubtypes
 *(.debug_pubtypes)

.debug_ranges   0x00000000      0x5e8
 *(.debug_ranges)
 .debug_ranges  0x00000000      0x2a0 Component_Drivers/nrf24l01p/nrf24l01p.o
 .debug_ranges  0x000002a0      0x170 main.o
 .debug_ranges  0x00000410       0x30 xmega_API/DIGITALPIN.o
 .debug_ranges  0x00000440       0x58 xmega_drivers/clksys_driver.o
 .debug_ranges  0x00000498       0x58 xmega_drivers/LUFA/Drivers/USB/Core/DeviceStandardReq.o
 .debug_ranges  0x000004f0       0x10 xmega_drivers/LUFA/Drivers/USB/Core/Events.o
 .debug_ranges  0x00000500       0x10 xmega_drivers/LUFA/Drivers/USB/Core/USBTask.o
 .debug_ranges  0x00000510       0xb8 xmega_drivers/LUFA/Drivers/USB/Core/XMEGA/Endpoint_XMEGA.o
 .debug_ranges  0x000005c8       0x20 xmega_drivers/LUFA/Drivers/USB/Core/XMEGA/USBInterrupt_XMEGA.o

.debug_macro
 *(.debug_macro)
OUTPUT(ostritch.elf elf32-avr)
LOAD linker stubs
